Archive member included to satisfy reference by file (symbol)

/Applications/ArmGNUToolchain/12.2.rel1/arm-none-eabi/bin/../lib/gcc/arm-none-eabi/12.2.1/thumb/v7e-m+fp/hard/libgcc.a(_aeabi_uldivmod.o)
                              CMakeFiles/lab7_2.elf.dir/Drivers/STM32F4xx_HAL_Driver/Src/stm32f4xx_hal_rcc.c.obj (__aeabi_uldivmod)
/Applications/ArmGNUToolchain/12.2.rel1/arm-none-eabi/bin/../lib/gcc/arm-none-eabi/12.2.1/thumb/v7e-m+fp/hard/libgcc.a(_udivmoddi4.o)
                              /Applications/ArmGNUToolchain/12.2.rel1/arm-none-eabi/bin/../lib/gcc/arm-none-eabi/12.2.1/thumb/v7e-m+fp/hard/libgcc.a(_aeabi_uldivmod.o) (__udivmoddi4)
/Applications/ArmGNUToolchain/12.2.rel1/arm-none-eabi/bin/../lib/gcc/arm-none-eabi/12.2.1/thumb/v7e-m+fp/hard/libgcc.a(_dvmd_tls.o)
                              /Applications/ArmGNUToolchain/12.2.rel1/arm-none-eabi/bin/../lib/gcc/arm-none-eabi/12.2.1/thumb/v7e-m+fp/hard/libgcc.a(_aeabi_uldivmod.o) (__aeabi_ldiv0)
/Applications/ArmGNUToolchain/12.2.rel1/arm-none-eabi/bin/../lib/gcc/arm-none-eabi/12.2.1/../../../../arm-none-eabi/lib/thumb/v7e-m+fp/hard/libc.a(libc_a-exit.o)
                              /Applications/ArmGNUToolchain/12.2.rel1/arm-none-eabi/bin/../lib/gcc/arm-none-eabi/12.2.1/../../../../arm-none-eabi/lib/thumb/v7e-m+fp/hard/crt0.o (exit)
/Applications/ArmGNUToolchain/12.2.rel1/arm-none-eabi/bin/../lib/gcc/arm-none-eabi/12.2.1/../../../../arm-none-eabi/lib/thumb/v7e-m+fp/hard/libc.a(libc_a-findfp.o)
                              /Applications/ArmGNUToolchain/12.2.rel1/arm-none-eabi/bin/../lib/gcc/arm-none-eabi/12.2.1/../../../../arm-none-eabi/lib/thumb/v7e-m+fp/hard/libc.a(libc_a-exit.o) (__stdio_exit_handler)
/Applications/ArmGNUToolchain/12.2.rel1/arm-none-eabi/bin/../lib/gcc/arm-none-eabi/12.2.1/../../../../arm-none-eabi/lib/thumb/v7e-m+fp/hard/libc.a(libc_a-fwalk.o)
                              /Applications/ArmGNUToolchain/12.2.rel1/arm-none-eabi/bin/../lib/gcc/arm-none-eabi/12.2.1/../../../../arm-none-eabi/lib/thumb/v7e-m+fp/hard/libc.a(libc_a-findfp.o) (_fwalk_sglue)
/Applications/ArmGNUToolchain/12.2.rel1/arm-none-eabi/bin/../lib/gcc/arm-none-eabi/12.2.1/../../../../arm-none-eabi/lib/thumb/v7e-m+fp/hard/libc.a(libc_a-memset.o)
                              /Applications/ArmGNUToolchain/12.2.rel1/arm-none-eabi/bin/../lib/gcc/arm-none-eabi/12.2.1/../../../../arm-none-eabi/lib/thumb/v7e-m+fp/hard/crt0.o (memset)
/Applications/ArmGNUToolchain/12.2.rel1/arm-none-eabi/bin/../lib/gcc/arm-none-eabi/12.2.1/../../../../arm-none-eabi/lib/thumb/v7e-m+fp/hard/libc.a(libc_a-impure.o)
                              /Applications/ArmGNUToolchain/12.2.rel1/arm-none-eabi/bin/../lib/gcc/arm-none-eabi/12.2.1/../../../../arm-none-eabi/lib/thumb/v7e-m+fp/hard/libc.a(libc_a-findfp.o) (_impure_data)
/Applications/ArmGNUToolchain/12.2.rel1/arm-none-eabi/bin/../lib/gcc/arm-none-eabi/12.2.1/../../../../arm-none-eabi/lib/thumb/v7e-m+fp/hard/libc.a(libc_a-errno.o)
                              CMakeFiles/lab7_2.elf.dir/Core/Src/syscalls.c.obj (__errno)
/Applications/ArmGNUToolchain/12.2.rel1/arm-none-eabi/bin/../lib/gcc/arm-none-eabi/12.2.1/../../../../arm-none-eabi/lib/thumb/v7e-m+fp/hard/libc.a(libc_a-init.o)
                              /Applications/ArmGNUToolchain/12.2.rel1/arm-none-eabi/bin/../lib/gcc/arm-none-eabi/12.2.1/../../../../arm-none-eabi/lib/thumb/v7e-m+fp/hard/crt0.o (__libc_init_array)
/Applications/ArmGNUToolchain/12.2.rel1/arm-none-eabi/bin/../lib/gcc/arm-none-eabi/12.2.1/../../../../arm-none-eabi/lib/thumb/v7e-m+fp/hard/libc.a(libc_a-lock.o)
                              /Applications/ArmGNUToolchain/12.2.rel1/arm-none-eabi/bin/../lib/gcc/arm-none-eabi/12.2.1/../../../../arm-none-eabi/lib/thumb/v7e-m+fp/hard/libc.a(libc_a-findfp.o) (__retarget_lock_init_recursive)
/Applications/ArmGNUToolchain/12.2.rel1/arm-none-eabi/bin/../lib/gcc/arm-none-eabi/12.2.1/../../../../arm-none-eabi/lib/thumb/v7e-m+fp/hard/libc.a(libc_a-memcpy.o)
                              CMakeFiles/lab7_2.elf.dir/Middlewares/Third_Party/FreeRTOS/Source/CMSIS_RTOS_V2/cmsis_os2.c.obj (memcpy)
/Applications/ArmGNUToolchain/12.2.rel1/arm-none-eabi/bin/../lib/gcc/arm-none-eabi/12.2.1/../../../../arm-none-eabi/lib/thumb/v7e-m+fp/hard/libc.a(libc_a-__call_atexit.o)
                              /Applications/ArmGNUToolchain/12.2.rel1/arm-none-eabi/bin/../lib/gcc/arm-none-eabi/12.2.1/../../../../arm-none-eabi/lib/thumb/v7e-m+fp/hard/libc.a(libc_a-exit.o) (__call_exitprocs)
/Applications/ArmGNUToolchain/12.2.rel1/arm-none-eabi/bin/../lib/gcc/arm-none-eabi/12.2.1/../../../../arm-none-eabi/lib/thumb/v7e-m+fp/hard/libc.a(libc_a-atexit.o)
                              /Applications/ArmGNUToolchain/12.2.rel1/arm-none-eabi/bin/../lib/gcc/arm-none-eabi/12.2.1/../../../../arm-none-eabi/lib/thumb/v7e-m+fp/hard/libc.a(libc_a-__call_atexit.o) (atexit)
[...]
Memory Configuration

Name             Origin             Length             Attributes
RAM              0x0000000020000000 0x0000000000020000 xrw
FLASH            0x0000000008000000 0x0000000000080000 xr
*default*        0x0000000000000000 0xffffffffffffffff

Linker script and memory map

LOAD /Applications/ArmGNUToolchain/12.2.rel1/arm-none-eabi/bin/../lib/gcc/arm-none-eabi/12.2.1/thumb/v7e-m+fp/hard/crti.o
LOAD /Applications/ArmGNUToolchain/12.2.rel1/arm-none-eabi/bin/../lib/gcc/arm-none-eabi/12.2.1/thumb/v7e-m+fp/hard/crtbegin.o
LOAD /Applications/ArmGNUToolchain/12.2.rel1/arm-none-eabi/bin/../lib/gcc/arm-none-eabi/12.2.1/../../../../arm-none-eabi/lib/thumb/v7e-m+fp/hard/crt0.o
LOAD CMakeFiles/lab7_2.elf.dir/Core/Src/freertos.c.obj
LOAD CMakeFiles/lab7_2.elf.dir/Core/Src/main.c.obj
LOAD CMakeFiles/lab7_2.elf.dir/Core/Src/stm32f4xx_hal_msp.c.obj
LOAD CMakeFiles/lab7_2.elf.dir/Core/Src/stm32f4xx_hal_timebase_tim.c.obj
LOAD CMakeFiles/lab7_2.elf.dir/Core/Src/stm32f4xx_it.c.obj
LOAD CMakeFiles/lab7_2.elf.dir/Core/Src/syscalls.c.obj
LOAD CMakeFiles/lab7_2.elf.dir/Core/Src/sysmem.c.obj
LOAD CMakeFiles/lab7_2.elf.dir/Core/Src/system_stm32f4xx.c.obj
LOAD CMakeFiles/lab7_2.elf.dir/Core/Startup/startup_stm32f411retx.s.obj
LOAD CMakeFiles/lab7_2.elf.dir/Drivers/STM32F4xx_HAL_Driver/Src/stm32f4xx_hal.c.obj
LOAD CMakeFiles/lab7_2.elf.dir/Drivers/STM32F4xx_HAL_Driver/Src/stm32f4xx_hal_cortex.c.obj
LOAD CMakeFiles/lab7_2.elf.dir/Drivers/STM32F4xx_HAL_Driver/Src/stm32f4xx_hal_dma.c.obj
LOAD CMakeFiles/lab7_2.elf.dir/Drivers/STM32F4xx_HAL_Driver/Src/stm32f4xx_hal_dma_ex.c.obj
LOAD CMakeFiles/lab7_2.elf.dir/Drivers/STM32F4xx_HAL_Driver/Src/stm32f4xx_hal_exti.c.obj
LOAD CMakeFiles/lab7_2.elf.dir/Drivers/STM32F4xx_HAL_Driver/Src/stm32f4xx_hal_flash.c.obj
LOAD CMakeFiles/lab7_2.elf.dir/Drivers/STM32F4xx_HAL_Driver/Src/stm32f4xx_hal_flash_ex.c.obj
LOAD CMakeFiles/lab7_2.elf.dir/Drivers/STM32F4xx_HAL_Driver/Src/stm32f4xx_hal_flash_ramfunc.c.obj
LOAD CMakeFiles/lab7_2.elf.dir/Drivers/STM32F4xx_HAL_Driver/Src/stm32f4xx_hal_gpio.c.obj
LOAD CMakeFiles/lab7_2.elf.dir/Drivers/STM32F4xx_HAL_Driver/Src/stm32f4xx_hal_pwr.c.obj
LOAD CMakeFiles/lab7_2.elf.dir/Drivers/STM32F4xx_HAL_Driver/Src/stm32f4xx_hal_pwr_ex.c.obj
LOAD CMakeFiles/lab7_2.elf.dir/Drivers/STM32F4xx_HAL_Driver/Src/stm32f4xx_hal_rcc.c.obj
LOAD CMakeFiles/lab7_2.elf.dir/Drivers/STM32F4xx_HAL_Driver/Src/stm32f4xx_hal_rcc_ex.c.obj
LOAD CMakeFiles/lab7_2.elf.dir/Drivers/STM32F4xx_HAL_Driver/Src/stm32f4xx_hal_tim.c.obj
LOAD CMakeFiles/lab7_2.elf.dir/Drivers/STM32F4xx_HAL_Driver/Src/stm32f4xx_hal_tim_ex.c.obj
LOAD CMakeFiles/lab7_2.elf.dir/Drivers/STM32F4xx_HAL_Driver/Src/stm32f4xx_hal_uart.c.obj
LOAD CMakeFiles/lab7_2.elf.dir/Middlewares/Third_Party/FreeRTOS/Source/CMSIS_RTOS_V2/cmsis_os2.c.obj
LOAD CMakeFiles/lab7_2.elf.dir/Middlewares/Third_Party/FreeRTOS/Source/croutine.c.obj
LOAD CMakeFiles/lab7_2.elf.dir/Middlewares/Third_Party/FreeRTOS/Source/event_groups.c.obj
LOAD CMakeFiles/lab7_2.elf.dir/Middlewares/Third_Party/FreeRTOS/Source/list.c.obj
LOAD CMakeFiles/lab7_2.elf.dir/Middlewares/Third_Party/FreeRTOS/Source/portable/GCC/ARM_CM4F/port.c.obj
LOAD CMakeFiles/lab7_2.elf.dir/Middlewares/Third_Party/FreeRTOS/Source/portable/MemMang/heap_4.c.obj
LOAD CMakeFiles/lab7_2.elf.dir/Middlewares/Third_Party/FreeRTOS/Source/queue.c.obj
LOAD CMakeFiles/lab7_2.elf.dir/Middlewares/Third_Party/FreeRTOS/Source/stream_buffer.c.obj
LOAD CMakeFiles/lab7_2.elf.dir/Middlewares/Third_Party/FreeRTOS/Source/tasks.c.obj
LOAD CMakeFiles/lab7_2.elf.dir/Middlewares/Third_Party/FreeRTOS/Source/timers.c.obj
START GROUP
LOAD /Applications/ArmGNUToolchain/12.2.rel1/arm-none-eabi/bin/../lib/gcc/arm-none-eabi/12.2.1/thumb/v7e-m+fp/hard/libgcc.a
LOAD /Applications/ArmGNUToolchain/12.2.rel1/arm-none-eabi/bin/../lib/gcc/arm-none-eabi/12.2.1/../../../../arm-none-eabi/lib/thumb/v7e-m+fp/hard/libc.a
END GROUP
LOAD /Applications/ArmGNUToolchain/12.2.rel1/arm-none-eabi/bin/../lib/gcc/arm-none-eabi/12.2.1/thumb/v7e-m+fp/hard/crtend.o
LOAD /Applications/ArmGNUToolchain/12.2.rel1/arm-none-eabi/bin/../lib/gcc/arm-none-eabi/12.2.1/thumb/v7e-m+fp/hard/crtn.o
                0x0000000020020000                _estack = (ORIGIN (RAM) + LENGTH (RAM))
                0x0000000000000200                _Min_Heap_Size = 0x200
                0x0000000000000400                _Min_Stack_Size = 0x400

.isr_vector     0x0000000008000000      0x198
                0x0000000008000000                . = ALIGN (0x4)
 *(.isr_vector)
 .isr_vector    0x0000000008000000      0x198 CMakeFiles/lab7_2.elf.dir/Core/Startup/startup_stm32f411retx.s.obj
                0x0000000008000000                g_pfnVectors
                0x0000000008000198                . = ALIGN (0x4)

.text           0x00000000080001a0     0x44bc
                0x00000000080001a0                . = ALIGN (0x4)
 *(.text)
 .text          0x00000000080001a0       0x30 /Applications/ArmGNUToolchain/12.2.rel1/arm-none-eabi/bin/../lib/gcc/arm-none-eabi/12.2.1/thumb/v7e-m+fp/hard/libgcc.a(_aeabi_uldivmod.o)
                0x00000000080001a0                __aeabi_uldivmod
 .text          0x00000000080001d0        0x4 /Applications/ArmGNUToolchain/12.2.rel1/arm-none-eabi/bin/../lib/gcc/arm-none-eabi/12.2.1/thumb/v7e-m+fp/hard/libgcc.a(_dvmd_tls.o)
                0x00000000080001d0                __aeabi_ldiv0
                0x00000000080001d0                __aeabi_idiv0
 .text          0x00000000080001d4      0x134 /Applications/ArmGNUToolchain/12.2.rel1/arm-none-eabi/bin/../lib/gcc/arm-none-eabi/12.2.1/../../../../arm-none-eabi/lib/thumb/v7e-m+fp/hard/libc.a(libc_a-memcpy.o)
                0x00000000080001d4                memcpy
 *(.text*)
 .text.deregister_tm_clones
                0x0000000008000308       0x1c /Applications/ArmGNUToolchain/12.2.rel1/arm-none-eabi/bin/../lib/gcc/arm-none-eabi/12.2.1/thumb/v7e-m+fp/hard/crtbegin.o
 .text.register_tm_clones
                0x0000000008000324       0x24 /Applications/ArmGNUToolchain/12.2.rel1/arm-none-eabi/bin/../lib/gcc/arm-none-eabi/12.2.1/thumb/v7e-m+fp/hard/crtbegin.o
 .text.__do_global_dtors_aux
                0x0000000008000348       0x28 /Applications/ArmGNUToolchain/12.2.rel1/arm-none-eabi/bin/../lib/gcc/arm-none-eabi/12.2.1/thumb/v7e-m+fp/hard/crtbegin.o
 .text.frame_dummy
                0x0000000008000370       0x24 /Applications/ArmGNUToolchain/12.2.rel1/arm-none-eabi/bin/../lib/gcc/arm-none-eabi/12.2.1/thumb/v7e-m+fp/hard/crtbegin.o
 .text.MX_GPIO_Init
                0x0000000008000394       0xa8 CMakeFiles/lab7_2.elf.dir/Core/Src/main.c.obj
 .text.MX_DMA_Init
                0x000000000800043c       0x44 CMakeFiles/lab7_2.elf.dir/Core/Src/main.c.obj
 .text.StartDefaultTask
                0x0000000008000480       0x2c CMakeFiles/lab7_2.elf.dir/Core/Src/main.c.obj
                0x0000000008000480                StartDefaultTask
 .text.ledBlink200
                0x00000000080004ac       0x10 CMakeFiles/lab7_2.elf.dir/Core/Src/main.c.obj
                0x00000000080004ac                ledBlink200
 .text.HAL_UART_RxCpltCallback
                0x00000000080004bc       0x48 CMakeFiles/lab7_2.elf.dir/Core/Src/main.c.obj
                0x00000000080004bc                HAL_UART_RxCpltCallback
 .text.HAL_TIM_PeriodElapsedCallback
                0x0000000008000504       0x18 CMakeFiles/lab7_2.elf.dir/Core/Src/main.c.obj
                0x0000000008000504                HAL_TIM_PeriodElapsedCallback
 .text.Error_Handler
                0x000000000800051c        0x4 CMakeFiles/lab7_2.elf.dir/Core/Src/main.c.obj
                0x000000000800051c                Error_Handler
 .text.MX_USART2_UART_Init
                0x0000000008000520       0x34 CMakeFiles/lab7_2.elf.dir/Core/Src/main.c.obj
 .text.SystemClock_Config
                0x0000000008000554       0xa4 CMakeFiles/lab7_2.elf.dir/Core/Src/main.c.obj
                0x0000000008000554                SystemClock_Config
 .text.main     0x00000000080005f8       0x5c CMakeFiles/lab7_2.elf.dir/Core/Src/main.c.obj
                0x00000000080005f8                main
 .text.HAL_MspInit
                0x0000000008000654       0x44 CMakeFiles/lab7_2.elf.dir/Core/Src/stm32f4xx_hal_msp.c.obj
                0x0000000008000654                HAL_MspInit
 .text.HAL_UART_MspInit
                0x0000000008000698      0x110 CMakeFiles/lab7_2.elf.dir/Core/Src/stm32f4xx_hal_msp.c.obj
                0x0000000008000698                HAL_UART_MspInit
 .text.HAL_InitTick
                0x00000000080007a8       0x94 CMakeFiles/lab7_2.elf.dir/Core/Src/stm32f4xx_hal_timebase_tim.c.obj
                0x00000000080007a8                HAL_InitTick
 .text.NMI_Handler
                0x000000000800083c        0x2 CMakeFiles/lab7_2.elf.dir/Core/Src/stm32f4xx_it.c.obj
                0x000000000800083c                NMI_Handler
 .text.HardFault_Handler
                0x000000000800083e        0x2 CMakeFiles/lab7_2.elf.dir/Core/Src/stm32f4xx_it.c.obj
                0x000000000800083e                HardFault_Handler
 .text.MemManage_Handler
                0x0000000008000840        0x2 CMakeFiles/lab7_2.elf.dir/Core/Src/stm32f4xx_it.c.obj
                0x0000000008000840                MemManage_Handler
 .text.BusFault_Handler
                0x0000000008000842        0x2 CMakeFiles/lab7_2.elf.dir/Core/Src/stm32f4xx_it.c.obj
                0x0000000008000842                BusFault_Handler
 .text.UsageFault_Handler
                0x0000000008000844        0x2 CMakeFiles/lab7_2.elf.dir/Core/Src/stm32f4xx_it.c.obj
                0x0000000008000844                UsageFault_Handler
 .text.DebugMon_Handler
                0x0000000008000846        0x2 CMakeFiles/lab7_2.elf.dir/Core/Src/stm32f4xx_it.c.obj
                0x0000000008000846                DebugMon_Handler
 .text.DMA1_Stream5_IRQHandler
                0x0000000008000848       0x10 CMakeFiles/lab7_2.elf.dir/Core/Src/stm32f4xx_it.c.obj
                0x0000000008000848                DMA1_Stream5_IRQHandler
 .text.DMA1_Stream6_IRQHandler
                0x0000000008000858       0x10 CMakeFiles/lab7_2.elf.dir/Core/Src/stm32f4xx_it.c.obj
                0x0000000008000858                DMA1_Stream6_IRQHandler
 .text.TIM1_UP_TIM10_IRQHandler
                0x0000000008000868       0x10 CMakeFiles/lab7_2.elf.dir/Core/Src/stm32f4xx_it.c.obj
                0x0000000008000868                TIM1_UP_TIM10_IRQHandler
 .text.USART2_IRQHandler
                0x0000000008000878       0x10 CMakeFiles/lab7_2.elf.dir/Core/Src/stm32f4xx_it.c.obj
                0x0000000008000878                USART2_IRQHandler
 .text.SystemInit
                0x0000000008000888       0x14 CMakeFiles/lab7_2.elf.dir/Core/Src/system_stm32f4xx.c.obj
                0x0000000008000888                SystemInit
 .text.Reset_Handler
                0x000000000800089c       0x50 CMakeFiles/lab7_2.elf.dir/Core/Startup/startup_stm32f411retx.s.obj
                0x000000000800089c                Reset_Handler
 .text.Default_Handler
                0x00000000080008ec        0x2 CMakeFiles/lab7_2.elf.dir/Core/Startup/startup_stm32f411retx.s.obj
                0x00000000080008ec                DMA1_Stream3_IRQHandler
                0x00000000080008ec                EXTI2_IRQHandler
                0x00000000080008ec                SPI4_IRQHandler
                0x00000000080008ec                TIM1_CC_IRQHandler
                0x00000000080008ec                DMA2_Stream5_IRQHandler
                0x00000000080008ec                PVD_IRQHandler
                0x00000000080008ec                SDIO_IRQHandler
                0x00000000080008ec                TAMP_STAMP_IRQHandler
                0x00000000080008ec                EXTI3_IRQHandler
                0x00000000080008ec                I2C3_ER_IRQHandler
                0x00000000080008ec                EXTI0_IRQHandler
                0x00000000080008ec                I2C2_EV_IRQHandler
                0x00000000080008ec                DMA1_Stream2_IRQHandler
                0x00000000080008ec                FPU_IRQHandler
                0x00000000080008ec                DMA2_Stream2_IRQHandler
                0x00000000080008ec                SPI1_IRQHandler
                0x00000000080008ec                TIM1_BRK_TIM9_IRQHandler
                0x00000000080008ec                DMA2_Stream3_IRQHandler
                0x00000000080008ec                USART6_IRQHandler
                0x00000000080008ec                DMA2_Stream0_IRQHandler
                0x00000000080008ec                TIM4_IRQHandler
                0x00000000080008ec                I2C1_EV_IRQHandler
                0x00000000080008ec                DMA1_Stream1_IRQHandler
                0x00000000080008ec                TIM3_IRQHandler
                0x00000000080008ec                RCC_IRQHandler
                0x00000000080008ec                Default_Handler
                0x00000000080008ec                EXTI15_10_IRQHandler
                0x00000000080008ec                ADC_IRQHandler
                0x00000000080008ec                DMA1_Stream7_IRQHandler
                0x00000000080008ec                SPI5_IRQHandler
                0x00000000080008ec                TIM5_IRQHandler
                0x00000000080008ec                DMA2_Stream7_IRQHandler
                0x00000000080008ec                I2C3_EV_IRQHandler
                0x00000000080008ec                EXTI9_5_IRQHandler
                0x00000000080008ec                RTC_WKUP_IRQHandler
                0x00000000080008ec                SPI2_IRQHandler
                0x00000000080008ec                DMA1_Stream0_IRQHandler
                0x00000000080008ec                EXTI4_IRQHandler
                0x00000000080008ec                WWDG_IRQHandler
                0x00000000080008ec                TIM2_IRQHandler
                0x00000000080008ec                OTG_FS_WKUP_IRQHandler
                0x00000000080008ec                TIM1_TRG_COM_TIM11_IRQHandler
                0x00000000080008ec                EXTI1_IRQHandler
                0x00000000080008ec                I2C2_ER_IRQHandler
                0x00000000080008ec                DMA2_Stream1_IRQHandler
                0x00000000080008ec                FLASH_IRQHandler
                0x00000000080008ec                DMA2_Stream4_IRQHandler
                0x00000000080008ec                USART1_IRQHandler
                0x00000000080008ec                OTG_FS_IRQHandler
                0x00000000080008ec                SPI3_IRQHandler
                0x00000000080008ec                DMA1_Stream4_IRQHandler
                0x00000000080008ec                I2C1_ER_IRQHandler
                0x00000000080008ec                DMA2_Stream6_IRQHandler
                0x00000000080008ec                RTC_Alarm_IRQHandler
 *fill*         0x00000000080008ee        0x2 
 .text.HAL_Init
                0x00000000080008f0       0x34 CMakeFiles/lab7_2.elf.dir/Drivers/STM32F4xx_HAL_Driver/Src/stm32f4xx_hal.c.obj
                0x00000000080008f0                HAL_Init
 .text.HAL_IncTick
                0x0000000008000924       0x18 CMakeFiles/lab7_2.elf.dir/Drivers/STM32F4xx_HAL_Driver/Src/stm32f4xx_hal.c.obj
                0x0000000008000924                HAL_IncTick
 .text.HAL_GetTick
                0x000000000800093c        0xc CMakeFiles/lab7_2.elf.dir/Drivers/STM32F4xx_HAL_Driver/Src/stm32f4xx_hal.c.obj
                0x000000000800093c                HAL_GetTick
 .text.__NVIC_SetPriority
                0x0000000008000948       0x28 CMakeFiles/lab7_2.elf.dir/Drivers/STM32F4xx_HAL_Driver/Src/stm32f4xx_hal_cortex.c.obj
 .text.NVIC_EncodePriority
                0x0000000008000970       0x3e CMakeFiles/lab7_2.elf.dir/Drivers/STM32F4xx_HAL_Driver/Src/stm32f4xx_hal_cortex.c.obj
 *fill*         0x00000000080009ae        0x2 
 .text.HAL_NVIC_SetPriorityGrouping
                0x00000000080009b0       0x24 CMakeFiles/lab7_2.elf.dir/Drivers/STM32F4xx_HAL_Driver/Src/stm32f4xx_hal_cortex.c.obj
                0x00000000080009b0                HAL_NVIC_SetPriorityGrouping
 .text.HAL_NVIC_SetPriority
                0x00000000080009d4       0x20 CMakeFiles/lab7_2.elf.dir/Drivers/STM32F4xx_HAL_Driver/Src/stm32f4xx_hal_cortex.c.obj
                0x00000000080009d4                HAL_NVIC_SetPriority
 .text.HAL_NVIC_EnableIRQ
                0x00000000080009f4       0x1c CMakeFiles/lab7_2.elf.dir/Drivers/STM32F4xx_HAL_Driver/Src/stm32f4xx_hal_cortex.c.obj
                0x00000000080009f4                HAL_NVIC_EnableIRQ
 .text.DMA_SetConfig
                0x0000000008000a10       0x2c CMakeFiles/lab7_2.elf.dir/Drivers/STM32F4xx_HAL_Driver/Src/stm32f4xx_hal_dma.c.obj
 .text.DMA_CalcBaseAndBitshift
                0x0000000008000a3c       0x44 CMakeFiles/lab7_2.elf.dir/Drivers/STM32F4xx_HAL_Driver/Src/stm32f4xx_hal_dma.c.obj
 .text.DMA_CheckFifoParam
                0x0000000008000a80       0x8e CMakeFiles/lab7_2.elf.dir/Drivers/STM32F4xx_HAL_Driver/Src/stm32f4xx_hal_dma.c.obj
 *fill*         0x0000000008000b0e        0x2 
 .text.HAL_DMA_Init
                0x0000000008000b10       0xcc CMakeFiles/lab7_2.elf.dir/Drivers/STM32F4xx_HAL_Driver/Src/stm32f4xx_hal_dma.c.obj
                0x0000000008000b10                HAL_DMA_Init
 .text.HAL_DMA_Start_IT
                0x0000000008000bdc       0x6a CMakeFiles/lab7_2.elf.dir/Drivers/STM32F4xx_HAL_Driver/Src/stm32f4xx_hal_dma.c.obj
                0x0000000008000bdc                HAL_DMA_Start_IT
 .text.HAL_DMA_Abort
                0x0000000008000c46       0x94 CMakeFiles/lab7_2.elf.dir/Drivers/STM32F4xx_HAL_Driver/Src/stm32f4xx_hal_dma.c.obj
                0x0000000008000c46                HAL_DMA_Abort
 .text.HAL_DMA_Abort_IT
                0x0000000008000cda       0x26 CMakeFiles/lab7_2.elf.dir/Drivers/STM32F4xx_HAL_Driver/Src/stm32f4xx_hal_dma.c.obj
                0x0000000008000cda                HAL_DMA_Abort_IT
 .text.HAL_DMA_IRQHandler
                0x0000000008000d00      0x1dc CMakeFiles/lab7_2.elf.dir/Drivers/STM32F4xx_HAL_Driver/Src/stm32f4xx_hal_dma.c.obj
                0x0000000008000d00                HAL_DMA_IRQHandler
 .text.HAL_GPIO_Init
                0x0000000008000edc      0x1c8 CMakeFiles/lab7_2.elf.dir/Drivers/STM32F4xx_HAL_Driver/Src/stm32f4xx_hal_gpio.c.obj
                0x0000000008000edc                HAL_GPIO_Init
 .text.HAL_GPIO_WritePin
                0x00000000080010a4        0xc CMakeFiles/lab7_2.elf.dir/Drivers/STM32F4xx_HAL_Driver/Src/stm32f4xx_hal_gpio.c.obj
                0x00000000080010a4                HAL_GPIO_WritePin
 .text.HAL_GPIO_TogglePin
                0x00000000080010b0       0x12 CMakeFiles/lab7_2.elf.dir/Drivers/STM32F4xx_HAL_Driver/Src/stm32f4xx_hal_gpio.c.obj
                0x00000000080010b0                HAL_GPIO_TogglePin
 *fill*         0x00000000080010c2        0x2 
 .text.HAL_RCC_OscConfig
                0x00000000080010c4      0x3f8 CMakeFiles/lab7_2.elf.dir/Drivers/STM32F4xx_HAL_Driver/Src/stm32f4xx_hal_rcc.c.obj
                0x00000000080010c4                HAL_RCC_OscConfig
 .text.HAL_RCC_GetSysClockFreq
                0x00000000080014bc       0xdc CMakeFiles/lab7_2.elf.dir/Drivers/STM32F4xx_HAL_Driver/Src/stm32f4xx_hal_rcc.c.obj
                0x00000000080014bc                HAL_RCC_GetSysClockFreq
 .text.HAL_RCC_ClockConfig
                0x0000000008001598      0x160 CMakeFiles/lab7_2.elf.dir/Drivers/STM32F4xx_HAL_Driver/Src/stm32f4xx_hal_rcc.c.obj
                0x0000000008001598                HAL_RCC_ClockConfig
 .text.HAL_RCC_GetHCLKFreq
                0x00000000080016f8        0xc CMakeFiles/lab7_2.elf.dir/Drivers/STM32F4xx_HAL_Driver/Src/stm32f4xx_hal_rcc.c.obj
                0x00000000080016f8                HAL_RCC_GetHCLKFreq
 .text.HAL_RCC_GetPCLK1Freq
                0x0000000008001704       0x20 CMakeFiles/lab7_2.elf.dir/Drivers/STM32F4xx_HAL_Driver/Src/stm32f4xx_hal_rcc.c.obj
                0x0000000008001704                HAL_RCC_GetPCLK1Freq
 .text.HAL_RCC_GetPCLK2Freq
                0x0000000008001724       0x20 CMakeFiles/lab7_2.elf.dir/Drivers/STM32F4xx_HAL_Driver/Src/stm32f4xx_hal_rcc.c.obj
                0x0000000008001724                HAL_RCC_GetPCLK2Freq
 .text.HAL_RCC_GetClockConfig
                0x0000000008001744       0x3c CMakeFiles/lab7_2.elf.dir/Drivers/STM32F4xx_HAL_Driver/Src/stm32f4xx_hal_rcc.c.obj
                0x0000000008001744                HAL_RCC_GetClockConfig
 .text.HAL_TIM_Base_MspInit
                0x0000000008001780        0x2 CMakeFiles/lab7_2.elf.dir/Drivers/STM32F4xx_HAL_Driver/Src/stm32f4xx_hal_tim.c.obj
                0x0000000008001780                HAL_TIM_Base_MspInit
 *fill*         0x0000000008001782        0x2 
 .text.HAL_TIM_Base_Start_IT
                0x0000000008001784       0x78 CMakeFiles/lab7_2.elf.dir/Drivers/STM32F4xx_HAL_Driver/Src/stm32f4xx_hal_tim.c.obj
                0x0000000008001784                HAL_TIM_Base_Start_IT
 .text.HAL_TIM_OC_DelayElapsedCallback
                0x00000000080017fc        0x2 CMakeFiles/lab7_2.elf.dir/Drivers/STM32F4xx_HAL_Driver/Src/stm32f4xx_hal_tim.c.obj
                0x00000000080017fc                HAL_TIM_OC_DelayElapsedCallback
 .text.HAL_TIM_IC_CaptureCallback
                0x00000000080017fe        0x2 CMakeFiles/lab7_2.elf.dir/Drivers/STM32F4xx_HAL_Driver/Src/stm32f4xx_hal_tim.c.obj
                0x00000000080017fe                HAL_TIM_IC_CaptureCallback
 .text.HAL_TIM_PWM_PulseFinishedCallback
                0x0000000008001800        0x2 CMakeFiles/lab7_2.elf.dir/Drivers/STM32F4xx_HAL_Driver/Src/stm32f4xx_hal_tim.c.obj
                0x0000000008001800                HAL_TIM_PWM_PulseFinishedCallback
 .text.HAL_TIM_TriggerCallback
                0x0000000008001802        0x2 CMakeFiles/lab7_2.elf.dir/Drivers/STM32F4xx_HAL_Driver/Src/stm32f4xx_hal_tim.c.obj
                0x0000000008001802                HAL_TIM_TriggerCallback
 .text.HAL_TIM_IRQHandler
                0x0000000008001804      0x17a CMakeFiles/lab7_2.elf.dir/Drivers/STM32F4xx_HAL_Driver/Src/stm32f4xx_hal_tim.c.obj
                0x0000000008001804                HAL_TIM_IRQHandler
 *fill*         0x000000000800197e        0x2 
 .text.TIM_Base_SetConfig
                0x0000000008001980       0x9c CMakeFiles/lab7_2.elf.dir/Drivers/STM32F4xx_HAL_Driver/Src/stm32f4xx_hal_tim.c.obj
                0x0000000008001980                TIM_Base_SetConfig
 .text.HAL_TIM_Base_Init
                0x0000000008001a1c       0x58 CMakeFiles/lab7_2.elf.dir/Drivers/STM32F4xx_HAL_Driver/Src/stm32f4xx_hal_tim.c.obj
                0x0000000008001a1c                HAL_TIM_Base_Init
 .text.HAL_TIMEx_CommutCallback
                0x0000000008001a74        0x2 CMakeFiles/lab7_2.elf.dir/Drivers/STM32F4xx_HAL_Driver/Src/stm32f4xx_hal_tim_ex.c.obj
                0x0000000008001a74                HAL_TIMEx_CommutCallback
 .text.HAL_TIMEx_BreakCallback
                0x0000000008001a76        0x2 CMakeFiles/lab7_2.elf.dir/Drivers/STM32F4xx_HAL_Driver/Src/stm32f4xx_hal_tim_ex.c.obj
                0x0000000008001a76                HAL_TIMEx_BreakCallback
 .text.UART_EndTxTransfer
                0x0000000008001a78       0x20 CMakeFiles/lab7_2.elf.dir/Drivers/STM32F4xx_HAL_Driver/Src/stm32f4xx_hal_uart.c.obj
 .text.UART_EndRxTransfer
                0x0000000008001a98       0x5c CMakeFiles/lab7_2.elf.dir/Drivers/STM32F4xx_HAL_Driver/Src/stm32f4xx_hal_uart.c.obj
 .text.UART_Transmit_IT
                0x0000000008001af4       0x60 CMakeFiles/lab7_2.elf.dir/Drivers/STM32F4xx_HAL_Driver/Src/stm32f4xx_hal_uart.c.obj
 .text.UART_SetConfig
                0x0000000008001b54      0x110 CMakeFiles/lab7_2.elf.dir/Drivers/STM32F4xx_HAL_Driver/Src/stm32f4xx_hal_uart.c.obj
 .text.HAL_UART_Init
                0x0000000008001c64       0x5e CMakeFiles/lab7_2.elf.dir/Drivers/STM32F4xx_HAL_Driver/Src/stm32f4xx_hal_uart.c.obj
                0x0000000008001c64                HAL_UART_Init
 *fill*         0x0000000008001cc2        0x2 
 .text.HAL_UART_Transmit_DMA
                0x0000000008001cc4       0x9c CMakeFiles/lab7_2.elf.dir/Drivers/STM32F4xx_HAL_Driver/Src/stm32f4xx_hal_uart.c.obj
                0x0000000008001cc4                HAL_UART_Transmit_DMA
 .text.HAL_UART_TxCpltCallback
                0x0000000008001d60        0x2 CMakeFiles/lab7_2.elf.dir/Drivers/STM32F4xx_HAL_Driver/Src/stm32f4xx_hal_uart.c.obj
                0x0000000008001d60                HAL_UART_TxCpltCallback
 .text.UART_DMATransmitCplt
                0x0000000008001d62       0x4c CMakeFiles/lab7_2.elf.dir/Drivers/STM32F4xx_HAL_Driver/Src/stm32f4xx_hal_uart.c.obj
 .text.UART_EndTransmit_IT
                0x0000000008001dae       0x1a CMakeFiles/lab7_2.elf.dir/Drivers/STM32F4xx_HAL_Driver/Src/stm32f4xx_hal_uart.c.obj
 .text.HAL_UART_TxHalfCpltCallback
                0x0000000008001dc8        0x2 CMakeFiles/lab7_2.elf.dir/Drivers/STM32F4xx_HAL_Driver/Src/stm32f4xx_hal_uart.c.obj
                0x0000000008001dc8                HAL_UART_TxHalfCpltCallback
 .text.UART_DMATxHalfCplt
                0x0000000008001dca        0xa CMakeFiles/lab7_2.elf.dir/Drivers/STM32F4xx_HAL_Driver/Src/stm32f4xx_hal_uart.c.obj
 .text.HAL_UART_RxHalfCpltCallback
                0x0000000008001dd4        0x2 CMakeFiles/lab7_2.elf.dir/Drivers/STM32F4xx_HAL_Driver/Src/stm32f4xx_hal_uart.c.obj
                0x0000000008001dd4                HAL_UART_RxHalfCpltCallback
 .text.HAL_UART_ErrorCallback
                0x0000000008001dd6        0x2 CMakeFiles/lab7_2.elf.dir/Drivers/STM32F4xx_HAL_Driver/Src/stm32f4xx_hal_uart.c.obj
                0x0000000008001dd6                HAL_UART_ErrorCallback
 .text.UART_DMAError
                0x0000000008001dd8       0x58 CMakeFiles/lab7_2.elf.dir/Drivers/STM32F4xx_HAL_Driver/Src/stm32f4xx_hal_uart.c.obj
 .text.UART_DMAAbortOnError
                0x0000000008001e30       0x10 CMakeFiles/lab7_2.elf.dir/Drivers/STM32F4xx_HAL_Driver/Src/stm32f4xx_hal_uart.c.obj
 .text.HAL_UARTEx_RxEventCallback
                0x0000000008001e40        0x2 CMakeFiles/lab7_2.elf.dir/Drivers/STM32F4xx_HAL_Driver/Src/stm32f4xx_hal_uart.c.obj
                0x0000000008001e40                HAL_UARTEx_RxEventCallback
 .text.UART_Receive_IT
                0x0000000008001e42       0xe2 CMakeFiles/lab7_2.elf.dir/Drivers/STM32F4xx_HAL_Driver/Src/stm32f4xx_hal_uart.c.obj
 .text.HAL_UART_IRQHandler
                0x0000000008001f24      0x27c CMakeFiles/lab7_2.elf.dir/Drivers/STM32F4xx_HAL_Driver/Src/stm32f4xx_hal_uart.c.obj
                0x0000000008001f24                HAL_UART_IRQHandler
 .text.UART_DMARxHalfCplt
                0x00000000080021a0       0x1a CMakeFiles/lab7_2.elf.dir/Drivers/STM32F4xx_HAL_Driver/Src/stm32f4xx_hal_uart.c.obj
 .text.UART_DMAReceiveCplt
                0x00000000080021ba       0x96 CMakeFiles/lab7_2.elf.dir/Drivers/STM32F4xx_HAL_Driver/Src/stm32f4xx_hal_uart.c.obj
 .text.UART_Start_Receive_DMA
                0x0000000008002250       0xa8 CMakeFiles/lab7_2.elf.dir/Drivers/STM32F4xx_HAL_Driver/Src/stm32f4xx_hal_uart.c.obj
                0x0000000008002250                UART_Start_Receive_DMA
 .text.HAL_UART_Receive_DMA
                0x00000000080022f8       0x38 CMakeFiles/lab7_2.elf.dir/Drivers/STM32F4xx_HAL_Driver/Src/stm32f4xx_hal_uart.c.obj
                0x00000000080022f8                HAL_UART_Receive_DMA
 .text.TimerCallback
                0x0000000008002330       0x10 CMakeFiles/lab7_2.elf.dir/Middlewares/Third_Party/FreeRTOS/Source/CMSIS_RTOS_V2/cmsis_os2.c.obj
 .text.SysTick_Handler
                0x0000000008002340       0x18 CMakeFiles/lab7_2.elf.dir/Middlewares/Third_Party/FreeRTOS/Source/CMSIS_RTOS_V2/cmsis_os2.c.obj
                0x0000000008002340                SysTick_Handler
 .text.osKernelInitialize
                0x0000000008002358       0x24 CMakeFiles/lab7_2.elf.dir/Middlewares/Third_Party/FreeRTOS/Source/CMSIS_RTOS_V2/cmsis_os2.c.obj
                0x0000000008002358                osKernelInitialize
 .text.osKernelStart
                0x000000000800237c       0x38 CMakeFiles/lab7_2.elf.dir/Middlewares/Third_Party/FreeRTOS/Source/CMSIS_RTOS_V2/cmsis_os2.c.obj
                0x000000000800237c                osKernelStart
 .text.osThreadNew
                0x00000000080023b4       0xbc CMakeFiles/lab7_2.elf.dir/Middlewares/Third_Party/FreeRTOS/Source/CMSIS_RTOS_V2/cmsis_os2.c.obj
                0x00000000080023b4                osThreadNew
 .text.osDelay  0x0000000008002470       0x1c CMakeFiles/lab7_2.elf.dir/Middlewares/Third_Party/FreeRTOS/Source/CMSIS_RTOS_V2/cmsis_os2.c.obj
                0x0000000008002470                osDelay
 .text.osTimerNew
                0x000000000800248c       0xa8 CMakeFiles/lab7_2.elf.dir/Middlewares/Third_Party/FreeRTOS/Source/CMSIS_RTOS_V2/cmsis_os2.c.obj
                0x000000000800248c                osTimerNew
 .text.osTimerStart
                0x0000000008002534       0x34 CMakeFiles/lab7_2.elf.dir/Middlewares/Third_Party/FreeRTOS/Source/CMSIS_RTOS_V2/cmsis_os2.c.obj
                0x0000000008002534                osTimerStart
 .text.vApplicationGetIdleTaskMemory
                0x0000000008002568       0x18 CMakeFiles/lab7_2.elf.dir/Middlewares/Third_Party/FreeRTOS/Source/CMSIS_RTOS_V2/cmsis_os2.c.obj
                0x0000000008002568                vApplicationGetIdleTaskMemory
 .text.vApplicationGetTimerTaskMemory
                0x0000000008002580       0x18 CMakeFiles/lab7_2.elf.dir/Middlewares/Third_Party/FreeRTOS/Source/CMSIS_RTOS_V2/cmsis_os2.c.obj
                0x0000000008002580                vApplicationGetTimerTaskMemory
 .text.vListInitialise
                0x0000000008002598       0x16 CMakeFiles/lab7_2.elf.dir/Middlewares/Third_Party/FreeRTOS/Source/list.c.obj
                0x0000000008002598                vListInitialise
 .text.vListInitialiseItem
                0x00000000080025ae        0x6 CMakeFiles/lab7_2.elf.dir/Middlewares/Third_Party/FreeRTOS/Source/list.c.obj
                0x00000000080025ae                vListInitialiseItem
 .text.vListInsertEnd
                0x00000000080025b4       0x16 CMakeFiles/lab7_2.elf.dir/Middlewares/Third_Party/FreeRTOS/Source/list.c.obj
                0x00000000080025b4                vListInsertEnd
 .text.vListInsert
                0x00000000080025ca       0x32 CMakeFiles/lab7_2.elf.dir/Middlewares/Third_Party/FreeRTOS/Source/list.c.obj
                0x00000000080025ca                vListInsert
 .text.uxListRemove
                0x00000000080025fc       0x26 CMakeFiles/lab7_2.elf.dir/Middlewares/Third_Party/FreeRTOS/Source/list.c.obj
                0x00000000080025fc                uxListRemove
 *fill*         0x0000000008002622        0x2 
 .text.prvTaskExitError
                0x0000000008002624       0x40 CMakeFiles/lab7_2.elf.dir/Middlewares/Third_Party/FreeRTOS/Source/portable/GCC/ARM_CM4F/port.c.obj
 .text.prvPortStartFirstTask
                0x0000000008002664       0x28 CMakeFiles/lab7_2.elf.dir/Middlewares/Third_Party/FreeRTOS/Source/portable/GCC/ARM_CM4F/port.c.obj
 .text.vPortEnableVFP
                0x000000000800268c       0x14 CMakeFiles/lab7_2.elf.dir/Middlewares/Third_Party/FreeRTOS/Source/portable/GCC/ARM_CM4F/port.c.obj
 .text.pxPortInitialiseStack
                0x00000000080026a0       0x2c CMakeFiles/lab7_2.elf.dir/Middlewares/Third_Party/FreeRTOS/Source/portable/GCC/ARM_CM4F/port.c.obj
                0x00000000080026a0                pxPortInitialiseStack
 *fill*         0x00000000080026cc        0x4 
 .text.SVC_Handler
                0x00000000080026d0       0x24 CMakeFiles/lab7_2.elf.dir/Middlewares/Third_Party/FreeRTOS/Source/portable/GCC/ARM_CM4F/port.c.obj
                0x00000000080026d0                SVC_Handler
 .text.vPortEnterCritical
                0x00000000080026f4       0x44 CMakeFiles/lab7_2.elf.dir/Middlewares/Third_Party/FreeRTOS/Source/portable/GCC/ARM_CM4F/port.c.obj
                0x00000000080026f4                vPortEnterCritical
 .text.vPortExitCritical
                0x0000000008002738       0x2c CMakeFiles/lab7_2.elf.dir/Middlewares/Third_Party/FreeRTOS/Source/portable/GCC/ARM_CM4F/port.c.obj
                0x0000000008002738                vPortExitCritical
 *fill*         0x0000000008002764        0xc 
 .text.PendSV_Handler
                0x0000000008002770       0x64 CMakeFiles/lab7_2.elf.dir/Middlewares/Third_Party/FreeRTOS/Source/portable/GCC/ARM_CM4F/port.c.obj
                0x0000000008002770                PendSV_Handler
 .text.xPortSysTickHandler
                0x00000000080027d4       0x2c CMakeFiles/lab7_2.elf.dir/Middlewares/Third_Party/FreeRTOS/Source/portable/GCC/ARM_CM4F/port.c.obj
                0x00000000080027d4                xPortSysTickHandler
 .text.vPortSetupTimerInterrupt
                0x0000000008002800       0x28 CMakeFiles/lab7_2.elf.dir/Middlewares/Third_Party/FreeRTOS/Source/portable/GCC/ARM_CM4F/port.c.obj
                0x0000000008002800                vPortSetupTimerInterrupt
 .text.xPortStartScheduler
                0x0000000008002828      0x118 CMakeFiles/lab7_2.elf.dir/Middlewares/Third_Party/FreeRTOS/Source/portable/GCC/ARM_CM4F/port.c.obj
                0x0000000008002828                xPortStartScheduler
 .text.vPortValidateInterruptPriority
                0x0000000008002940       0x5c CMakeFiles/lab7_2.elf.dir/Middlewares/Third_Party/FreeRTOS/Source/portable/GCC/ARM_CM4F/port.c.obj
                0x0000000008002940                vPortValidateInterruptPriority
 .text.prvHeapInit
                0x000000000800299c       0x64 CMakeFiles/lab7_2.elf.dir/Middlewares/Third_Party/FreeRTOS/Source/portable/MemMang/heap_4.c.obj
 .text.prvInsertBlockIntoFreeList
                0x0000000008002a00       0x64 CMakeFiles/lab7_2.elf.dir/Middlewares/Third_Party/FreeRTOS/Source/portable/MemMang/heap_4.c.obj
 .text.pvPortMalloc
                0x0000000008002a64      0x104 CMakeFiles/lab7_2.elf.dir/Middlewares/Third_Party/FreeRTOS/Source/portable/MemMang/heap_4.c.obj
                0x0000000008002a64                pvPortMalloc
 .text.vPortFree
                0x0000000008002b68       0x7c CMakeFiles/lab7_2.elf.dir/Middlewares/Third_Party/FreeRTOS/Source/portable/MemMang/heap_4.c.obj
                0x0000000008002b68                vPortFree
 .text.prvIsQueueFull
                0x0000000008002be4       0x1e CMakeFiles/lab7_2.elf.dir/Middlewares/Third_Party/FreeRTOS/Source/queue.c.obj
 .text.prvIsQueueEmpty
                0x0000000008002c02       0x1a CMakeFiles/lab7_2.elf.dir/Middlewares/Third_Party/FreeRTOS/Source/queue.c.obj
 .text.prvCopyDataToQueue
                0x0000000008002c1c       0x76 CMakeFiles/lab7_2.elf.dir/Middlewares/Third_Party/FreeRTOS/Source/queue.c.obj
 .text.prvCopyDataFromQueue
                0x0000000008002c92       0x24 CMakeFiles/lab7_2.elf.dir/Middlewares/Third_Party/FreeRTOS/Source/queue.c.obj
 .text.prvUnlockQueue
                0x0000000008002cb6       0x6e CMakeFiles/lab7_2.elf.dir/Middlewares/Third_Party/FreeRTOS/Source/queue.c.obj
 .text.xQueueGenericReset
                0x0000000008002d24       0x84 CMakeFiles/lab7_2.elf.dir/Middlewares/Third_Party/FreeRTOS/Source/queue.c.obj
                0x0000000008002d24                xQueueGenericReset
 .text.prvInitialiseNewQueue
                0x0000000008002da8       0x22 CMakeFiles/lab7_2.elf.dir/Middlewares/Third_Party/FreeRTOS/Source/queue.c.obj
 .text.xQueueGenericCreateStatic
                0x0000000008002dca       0x94 CMakeFiles/lab7_2.elf.dir/Middlewares/Third_Party/FreeRTOS/Source/queue.c.obj
                0x0000000008002dca                xQueueGenericCreateStatic
 .text.xQueueGenericSend
                0x0000000008002e5e      0x188 CMakeFiles/lab7_2.elf.dir/Middlewares/Third_Party/FreeRTOS/Source/queue.c.obj
                0x0000000008002e5e                xQueueGenericSend
 .text.xQueueGenericSendFromISR
                0x0000000008002fe6       0xce CMakeFiles/lab7_2.elf.dir/Middlewares/Third_Party/FreeRTOS/Source/queue.c.obj
                0x0000000008002fe6                xQueueGenericSendFromISR
 .text.xQueueReceive
                0x00000000080030b4      0x15e CMakeFiles/lab7_2.elf.dir/Middlewares/Third_Party/FreeRTOS/Source/queue.c.obj
                0x00000000080030b4                xQueueReceive
 *fill*         0x0000000008003212        0x2 
 .text.vQueueAddToRegistry
                0x0000000008003214       0x28 CMakeFiles/lab7_2.elf.dir/Middlewares/Third_Party/FreeRTOS/Source/queue.c.obj
                0x0000000008003214                vQueueAddToRegistry
 .text.vQueueWaitForMessageRestricted
                0x000000000800323c       0x52 CMakeFiles/lab7_2.elf.dir/Middlewares/Third_Party/FreeRTOS/Source/queue.c.obj
                0x000000000800323c                vQueueWaitForMessageRestricted
 *fill*         0x000000000800328e        0x2 
 .text.prvResetNextTaskUnblockTime
                0x0000000008003290       0x2c CMakeFiles/lab7_2.elf.dir/Middlewares/Third_Party/FreeRTOS/Source/tasks.c.obj
 .text.prvInitialiseNewTask
                0x00000000080032bc       0xa2 CMakeFiles/lab7_2.elf.dir/Middlewares/Third_Party/FreeRTOS/Source/tasks.c.obj
 *fill*         0x000000000800335e        0x2 
 .text.prvInitialiseTaskLists
                0x0000000008003360       0x68 CMakeFiles/lab7_2.elf.dir/Middlewares/Third_Party/FreeRTOS/Source/tasks.c.obj
 .text.prvAddNewTaskToReadyList
                0x00000000080033c8       0xac CMakeFiles/lab7_2.elf.dir/Middlewares/Third_Party/FreeRTOS/Source/tasks.c.obj
 .text.prvDeleteTCB
                0x0000000008003474       0x38 CMakeFiles/lab7_2.elf.dir/Middlewares/Third_Party/FreeRTOS/Source/tasks.c.obj
 .text.prvCheckTasksWaitingTermination
                0x00000000080034ac       0x4c CMakeFiles/lab7_2.elf.dir/Middlewares/Third_Party/FreeRTOS/Source/tasks.c.obj
 .text.prvIdleTask
                0x00000000080034f8       0x28 CMakeFiles/lab7_2.elf.dir/Middlewares/Third_Party/FreeRTOS/Source/tasks.c.obj
 .text.prvAddCurrentTaskToDelayedList
                0x0000000008003520       0x7c CMakeFiles/lab7_2.elf.dir/Middlewares/Third_Party/FreeRTOS/Source/tasks.c.obj
 .text.xTaskCreateStatic
                0x000000000800359c       0x76 CMakeFiles/lab7_2.elf.dir/Middlewares/Third_Party/FreeRTOS/Source/tasks.c.obj
                0x000000000800359c                xTaskCreateStatic
 .text.xTaskCreate
                0x0000000008003612       0x64 CMakeFiles/lab7_2.elf.dir/Middlewares/Third_Party/FreeRTOS/Source/tasks.c.obj
                0x0000000008003612                xTaskCreate
 *fill*         0x0000000008003676        0x2 
 .text.vTaskStartScheduler
                0x0000000008003678       0x98 CMakeFiles/lab7_2.elf.dir/Middlewares/Third_Party/FreeRTOS/Source/tasks.c.obj
                0x0000000008003678                vTaskStartScheduler
 .text.vTaskSuspendAll
                0x0000000008003710       0x10 CMakeFiles/lab7_2.elf.dir/Middlewares/Third_Party/FreeRTOS/Source/tasks.c.obj
                0x0000000008003710                vTaskSuspendAll
 .text.xTaskGetTickCount
                0x0000000008003720        0xc CMakeFiles/lab7_2.elf.dir/Middlewares/Third_Party/FreeRTOS/Source/tasks.c.obj
                0x0000000008003720                xTaskGetTickCount
 .text.xTaskIncrementTick
                0x000000000800372c      0x118 CMakeFiles/lab7_2.elf.dir/Middlewares/Third_Party/FreeRTOS/Source/tasks.c.obj
                0x000000000800372c                xTaskIncrementTick
 .text.xTaskResumeAll
                0x0000000008003844       0xf8 CMakeFiles/lab7_2.elf.dir/Middlewares/Third_Party/FreeRTOS/Source/tasks.c.obj
                0x0000000008003844                xTaskResumeAll
 .text.vTaskDelay
                0x000000000800393c       0x4c CMakeFiles/lab7_2.elf.dir/Middlewares/Third_Party/FreeRTOS/Source/tasks.c.obj
                0x000000000800393c                vTaskDelay
 .text.vTaskSwitchContext
                0x0000000008003988       0x98 CMakeFiles/lab7_2.elf.dir/Middlewares/Third_Party/FreeRTOS/Source/tasks.c.obj
                0x0000000008003988                vTaskSwitchContext
 .text.vTaskPlaceOnEventList
                0x0000000008003a20       0x30 CMakeFiles/lab7_2.elf.dir/Middlewares/Third_Party/FreeRTOS/Source/tasks.c.obj
                0x0000000008003a20                vTaskPlaceOnEventList
 .text.vTaskPlaceOnEventListRestricted
                0x0000000008003a50       0x38 CMakeFiles/lab7_2.elf.dir/Middlewares/Third_Party/FreeRTOS/Source/tasks.c.obj
                0x0000000008003a50                vTaskPlaceOnEventListRestricted
 .text.xTaskRemoveFromEventList
                0x0000000008003a88       0x8c CMakeFiles/lab7_2.elf.dir/Middlewares/Third_Party/FreeRTOS/Source/tasks.c.obj
                0x0000000008003a88                xTaskRemoveFromEventList
 .text.vTaskInternalSetTimeOutState
                0x0000000008003b14       0x18 CMakeFiles/lab7_2.elf.dir/Middlewares/Third_Party/FreeRTOS/Source/tasks.c.obj
                0x0000000008003b14                vTaskInternalSetTimeOutState
 .text.xTaskCheckForTimeOut
                0x0000000008003b2c       0x84 CMakeFiles/lab7_2.elf.dir/Middlewares/Third_Party/FreeRTOS/Source/tasks.c.obj
                0x0000000008003b2c                xTaskCheckForTimeOut
 .text.vTaskMissedYield
                0x0000000008003bb0        0xc CMakeFiles/lab7_2.elf.dir/Middlewares/Third_Party/FreeRTOS/Source/tasks.c.obj
                0x0000000008003bb0                vTaskMissedYield
 .text.xTaskGetSchedulerState
                0x0000000008003bbc       0x20 CMakeFiles/lab7_2.elf.dir/Middlewares/Third_Party/FreeRTOS/Source/tasks.c.obj
                0x0000000008003bbc                xTaskGetSchedulerState
 .text.xTaskPriorityDisinherit
                0x0000000008003bdc       0x90 CMakeFiles/lab7_2.elf.dir/Middlewares/Third_Party/FreeRTOS/Source/tasks.c.obj
                0x0000000008003bdc                xTaskPriorityDisinherit
 .text.prvGetNextExpireTime
                0x0000000008003c6c       0x20 CMakeFiles/lab7_2.elf.dir/Middlewares/Third_Party/FreeRTOS/Source/timers.c.obj
 .text.prvInsertTimerInActiveList
                0x0000000008003c8c       0x48 CMakeFiles/lab7_2.elf.dir/Middlewares/Third_Party/FreeRTOS/Source/timers.c.obj
 .text.prvCheckForValidListAndQueue
                0x0000000008003cd4       0x70 CMakeFiles/lab7_2.elf.dir/Middlewares/Third_Party/FreeRTOS/Source/timers.c.obj
 .text.prvInitialiseNewTimer
                0x0000000008003d44       0x4c CMakeFiles/lab7_2.elf.dir/Middlewares/Third_Party/FreeRTOS/Source/timers.c.obj
 .text.xTimerCreateTimerTask
                0x0000000008003d90       0x64 CMakeFiles/lab7_2.elf.dir/Middlewares/Third_Party/FreeRTOS/Source/timers.c.obj
                0x0000000008003d90                xTimerCreateTimerTask
 .text.xTimerCreate
                0x0000000008003df4       0x38 CMakeFiles/lab7_2.elf.dir/Middlewares/Third_Party/FreeRTOS/Source/timers.c.obj
                0x0000000008003df4                xTimerCreate
 .text.xTimerCreateStatic
                0x0000000008003e2c       0x54 CMakeFiles/lab7_2.elf.dir/Middlewares/Third_Party/FreeRTOS/Source/timers.c.obj
                0x0000000008003e2c                xTimerCreateStatic
 .text.xTimerGenericCommand
                0x0000000008003e80       0x6c CMakeFiles/lab7_2.elf.dir/Middlewares/Third_Party/FreeRTOS/Source/timers.c.obj
                0x0000000008003e80                xTimerGenericCommand
 .text.prvSwitchTimerLists
                0x0000000008003eec       0x7c CMakeFiles/lab7_2.elf.dir/Middlewares/Third_Party/FreeRTOS/Source/timers.c.obj
 .text.prvSampleTimeNow
                0x0000000008003f68       0x2c CMakeFiles/lab7_2.elf.dir/Middlewares/Third_Party/FreeRTOS/Source/timers.c.obj
 .text.prvProcessExpiredTimer
                0x0000000008003f94       0x6c CMakeFiles/lab7_2.elf.dir/Middlewares/Third_Party/FreeRTOS/Source/timers.c.obj
 .text.prvProcessTimerOrBlockTask
                0x0000000008004000       0x74 CMakeFiles/lab7_2.elf.dir/Middlewares/Third_Party/FreeRTOS/Source/timers.c.obj
 .text.prvProcessReceivedCommands
                0x0000000008004074      0x10c CMakeFiles/lab7_2.elf.dir/Middlewares/Third_Party/FreeRTOS/Source/timers.c.obj
 .text.prvTimerTask
                0x0000000008004180       0x16 CMakeFiles/lab7_2.elf.dir/Middlewares/Third_Party/FreeRTOS/Source/timers.c.obj
 .text.pvTimerGetTimerID
                0x0000000008004196       0x26 CMakeFiles/lab7_2.elf.dir/Middlewares/Third_Party/FreeRTOS/Source/timers.c.obj
                0x0000000008004196                pvTimerGetTimerID
 .text.__udivmoddi4
                0x00000000080041bc      0x2bc /Applications/ArmGNUToolchain/12.2.rel1/arm-none-eabi/bin/../lib/gcc/arm-none-eabi/12.2.1/thumb/v7e-m+fp/hard/libgcc.a(_udivmoddi4.o)
                0x00000000080041bc                __udivmoddi4
 .text.memset   0x0000000008004478       0xa4 /Applications/ArmGNUToolchain/12.2.rel1/arm-none-eabi/bin/../lib/gcc/arm-none-eabi/12.2.1/../../../../arm-none-eabi/lib/thumb/v7e-m+fp/hard/libc.a(libc_a-memset.o)
                0x0000000008004478                memset
 .text.__libc_init_array
                0x000000000800451c       0x50 /Applications/ArmGNUToolchain/12.2.rel1/arm-none-eabi/bin/../lib/gcc/arm-none-eabi/12.2.1/../../../../arm-none-eabi/lib/thumb/v7e-m+fp/hard/libc.a(libc_a-init.o)
                0x000000000800451c                __libc_init_array
 .text.__retarget_lock_acquire_recursive
                0x000000000800456c        0x4 /Applications/ArmGNUToolchain/12.2.rel1/arm-none-eabi/bin/../lib/gcc/arm-none-eabi/12.2.1/../../../../arm-none-eabi/lib/thumb/v7e-m+fp/hard/libc.a(libc_a-lock.o)
                0x000000000800456c                __retarget_lock_acquire_recursive
 .text.__retarget_lock_release_recursive
                0x0000000008004570        0x4 /Applications/ArmGNUToolchain/12.2.rel1/arm-none-eabi/bin/../lib/gcc/arm-none-eabi/12.2.1/../../../../arm-none-eabi/lib/thumb/v7e-m+fp/hard/libc.a(libc_a-lock.o)
                0x0000000008004570                __retarget_lock_release_recursive
 .text.startup.register_fini
                0x0000000008004574       0x14 /Applications/ArmGNUToolchain/12.2.rel1/arm-none-eabi/bin/../lib/gcc/arm-none-eabi/12.2.1/../../../../arm-none-eabi/lib/thumb/v7e-m+fp/hard/libc.a(libc_a-__call_atexit.o)
 .text.atexit   0x0000000008004588        0xc /Applications/ArmGNUToolchain/12.2.rel1/arm-none-eabi/bin/../lib/gcc/arm-none-eabi/12.2.1/../../../../arm-none-eabi/lib/thumb/v7e-m+fp/hard/libc.a(libc_a-atexit.o)
                0x0000000008004588                atexit
 .text.__libc_fini_array
                0x0000000008004594       0x28 /Applications/ArmGNUToolchain/12.2.rel1/arm-none-eabi/bin/../lib/gcc/arm-none-eabi/12.2.1/../../../../arm-none-eabi/lib/thumb/v7e-m+fp/hard/libc.a(libc_a-fini.o)
                0x0000000008004594                __libc_fini_array
 .text.__register_exitproc
                0x00000000080045bc       0x88 /Applications/ArmGNUToolchain/12.2.rel1/arm-none-eabi/bin/../lib/gcc/arm-none-eabi/12.2.1/../../../../arm-none-eabi/lib/thumb/v7e-m+fp/hard/libc.a(libc_a-__atexit.o)
                0x00000000080045bc                __register_exitproc
 *(.glue_7)
 .glue_7        0x0000000008004644        0x0 linker stubs
 *(.glue_7t)
 .glue_7t       0x0000000008004644        0x0 linker stubs
 *(.eh_frame)
 .eh_frame      0x0000000008004644        0x0 /Applications/ArmGNUToolchain/12.2.rel1/arm-none-eabi/bin/../lib/gcc/arm-none-eabi/12.2.1/thumb/v7e-m+fp/hard/crtbegin.o
 *(.init)
 .init          0x0000000008004644        0x4 /Applications/ArmGNUToolchain/12.2.rel1/arm-none-eabi/bin/../lib/gcc/arm-none-eabi/12.2.1/thumb/v7e-m+fp/hard/crti.o
                0x0000000008004644                _init
 .init          0x0000000008004648        0x8 /Applications/ArmGNUToolchain/12.2.rel1/arm-none-eabi/bin/../lib/gcc/arm-none-eabi/12.2.1/thumb/v7e-m+fp/hard/crtn.o
 *(.fini)
 .fini          0x0000000008004650        0x4 /Applications/ArmGNUToolchain/12.2.rel1/arm-none-eabi/bin/../lib/gcc/arm-none-eabi/12.2.1/thumb/v7e-m+fp/hard/crti.o
                0x0000000008004650                _fini
 .fini          0x0000000008004654        0x8 /Applications/ArmGNUToolchain/12.2.rel1/arm-none-eabi/bin/../lib/gcc/arm-none-eabi/12.2.1/thumb/v7e-m+fp/hard/crtn.o
                0x000000000800465c                . = ALIGN (0x4)
                0x000000000800465c                _etext = .

.vfp11_veneer   0x000000000800465c        0x0
 .vfp11_veneer  0x000000000800465c        0x0 linker stubs

.v4_bx          0x000000000800465c        0x0
 .v4_bx         0x000000000800465c        0x0 linker stubs

.iplt           0x000000000800465c        0x0
 .iplt          0x000000000800465c        0x0 /Applications/ArmGNUToolchain/12.2.rel1/arm-none-eabi/bin/../lib/gcc/arm-none-eabi/12.2.1/thumb/v7e-m+fp/hard/crtbegin.o

.rodata         0x000000000800465c       0x84
                0x000000000800465c                . = ALIGN (0x4)
 *(.rodata)
 *(.rodata*)
 .rodata.str1.4
                0x000000000800465c       0x18 CMakeFiles/lab7_2.elf.dir/Core/Src/main.c.obj
 .rodata.tim200ms_attributes
                0x0000000008004674       0x10 CMakeFiles/lab7_2.elf.dir/Core/Src/main.c.obj
                0x0000000008004674                tim200ms_attributes
 .rodata.defaultTask_attributes
                0x0000000008004684       0x24 CMakeFiles/lab7_2.elf.dir/Core/Src/main.c.obj
                0x0000000008004684                defaultTask_attributes
 .rodata.APBPrescTable
                0x00000000080046a8        0x8 CMakeFiles/lab7_2.elf.dir/Core/Src/system_stm32f4xx.c.obj
                0x00000000080046a8                APBPrescTable
 .rodata.AHBPrescTable
                0x00000000080046b0       0x10 CMakeFiles/lab7_2.elf.dir/Core/Src/system_stm32f4xx.c.obj
                0x00000000080046b0                AHBPrescTable
 .rodata.flagBitshiftOffset.0
                0x00000000080046c0        0x8 CMakeFiles/lab7_2.elf.dir/Drivers/STM32F4xx_HAL_Driver/Src/stm32f4xx_hal_dma.c.obj
 .rodata.vTaskStartScheduler.str1.4
                0x00000000080046c8        0x5 CMakeFiles/lab7_2.elf.dir/Middlewares/Third_Party/FreeRTOS/Source/tasks.c.obj
 *fill*         0x00000000080046cd        0x3 
 .rodata.prvCheckForValidListAndQueue.str1.4
                0x00000000080046d0        0x5 CMakeFiles/lab7_2.elf.dir/Middlewares/Third_Party/FreeRTOS/Source/timers.c.obj
 *fill*         0x00000000080046d5        0x3 
 .rodata.xTimerCreateTimerTask.str1.4
                0x00000000080046d8        0x8 CMakeFiles/lab7_2.elf.dir/Middlewares/Third_Party/FreeRTOS/Source/timers.c.obj
                0x00000000080046e0                . = ALIGN (0x4)

.ARM.extab      0x00000000080046e0        0x0
                0x00000000080046e0                . = ALIGN (0x4)
 *(.ARM.extab* .gnu.linkonce.armextab.*)
                0x00000000080046e0                . = ALIGN (0x4)

.ARM            0x00000000080046e0        0x8
                0x00000000080046e0                . = ALIGN (0x4)
                0x00000000080046e0                __exidx_start = .
 *(.ARM.exidx*)
 .ARM.exidx.text.__udivmoddi4
                0x00000000080046e0        0x8 /Applications/ArmGNUToolchain/12.2.rel1/arm-none-eabi/bin/../lib/gcc/arm-none-eabi/12.2.1/thumb/v7e-m+fp/hard/libgcc.a(_udivmoddi4.o)
                0x00000000080046e8                __exidx_end = .
                0x00000000080046e8                . = ALIGN (0x4)

.rel.dyn        0x00000000080046e8        0x0
 .rel.iplt      0x00000000080046e8        0x0 /Applications/ArmGNUToolchain/12.2.rel1/arm-none-eabi/bin/../lib/gcc/arm-none-eabi/12.2.1/thumb/v7e-m+fp/hard/crtbegin.o

.preinit_array  0x00000000080046e8        0x0
                0x00000000080046e8                . = ALIGN (0x4)
                0x00000000080046e8                PROVIDE (__preinit_array_start = .)
 *(.preinit_array*)
                0x00000000080046e8                PROVIDE (__preinit_array_end = .)
                0x00000000080046e8                . = ALIGN (0x4)

.init_array     0x00000000080046e8        0x8
                0x00000000080046e8                . = ALIGN (0x4)
                0x00000000080046e8                PROVIDE (__init_array_start = .)
 *(SORT_BY_NAME(.init_array.*))
 .init_array.00000
                0x00000000080046e8        0x4 /Applications/ArmGNUToolchain/12.2.rel1/arm-none-eabi/bin/../lib/gcc/arm-none-eabi/12.2.1/../../../../arm-none-eabi/lib/thumb/v7e-m+fp/hard/libc.a(libc_a-__call_atexit.o)
 *(.init_array*)
 .init_array    0x00000000080046ec        0x4 /Applications/ArmGNUToolchain/12.2.rel1/arm-none-eabi/bin/../lib/gcc/arm-none-eabi/12.2.1/thumb/v7e-m+fp/hard/crtbegin.o
                0x00000000080046f0                PROVIDE (__init_array_end = .)
                0x00000000080046f0                . = ALIGN (0x4)

.fini_array     0x00000000080046f0        0x4
                0x00000000080046f0                . = ALIGN (0x4)
                0x00000000080046f0                PROVIDE (__fini_array_start = .)
 *(SORT_BY_NAME(.fini_array.*))
 *(.fini_array*)
 .fini_array    0x00000000080046f0        0x4 /Applications/ArmGNUToolchain/12.2.rel1/arm-none-eabi/bin/../lib/gcc/arm-none-eabi/12.2.1/thumb/v7e-m+fp/hard/crtbegin.o
                0x00000000080046f4                PROVIDE (__fini_array_end = .)
                0x00000000080046f4                . = ALIGN (0x4)
                0x00000000080046f4                _sidata = LOADADDR (.data)

.data           0x0000000020000000       0x14 load address 0x00000000080046f4
                0x0000000020000000                . = ALIGN (0x4)
                0x0000000020000000                _sdata = .
 *(.data)
 *(.data*)
 .data.SystemCoreClock
                0x0000000020000000        0x4 CMakeFiles/lab7_2.elf.dir/Core/Src/system_stm32f4xx.c.obj
                0x0000000020000000                SystemCoreClock
 .data.uwTickFreq
                0x0000000020000004        0x1 CMakeFiles/lab7_2.elf.dir/Drivers/STM32F4xx_HAL_Driver/Src/stm32f4xx_hal.c.obj
                0x0000000020000004                uwTickFreq
 *fill*         0x0000000020000005        0x3 
 .data.uwTickPrio
                0x0000000020000008        0x4 CMakeFiles/lab7_2.elf.dir/Drivers/STM32F4xx_HAL_Driver/Src/stm32f4xx_hal.c.obj
                0x0000000020000008                uwTickPrio
 .data.uxCriticalNesting
                0x000000002000000c        0x4 CMakeFiles/lab7_2.elf.dir/Middlewares/Third_Party/FreeRTOS/Source/portable/GCC/ARM_CM4F/port.c.obj
 .data.__atexit_recursive_mutex
                0x0000000020000010        0x4 /Applications/ArmGNUToolchain/12.2.rel1/arm-none-eabi/bin/../lib/gcc/arm-none-eabi/12.2.1/../../../../arm-none-eabi/lib/thumb/v7e-m+fp/hard/libc.a(libc_a-__call_atexit.o)
                0x0000000020000010                __atexit_recursive_mutex
 *(.RamFunc)
 *(.RamFunc*)
                0x0000000020000014                . = ALIGN (0x4)
                0x0000000020000014                _edata = .

.tm_clone_table
                0x0000000020000014        0x0 load address 0x0000000008004708
 .tm_clone_table
                0x0000000020000014        0x0 /Applications/ArmGNUToolchain/12.2.rel1/arm-none-eabi/bin/../lib/gcc/arm-none-eabi/12.2.1/thumb/v7e-m+fp/hard/crtbegin.o
 .tm_clone_table
                0x0000000020000014        0x0 /Applications/ArmGNUToolchain/12.2.rel1/arm-none-eabi/bin/../lib/gcc/arm-none-eabi/12.2.1/thumb/v7e-m+fp/hard/crtend.o

.igot.plt       0x0000000020000014        0x0 load address 0x0000000008004708
 .igot.plt      0x0000000020000014        0x0 /Applications/ArmGNUToolchain/12.2.rel1/arm-none-eabi/bin/../lib/gcc/arm-none-eabi/12.2.1/thumb/v7e-m+fp/hard/crtbegin.o
                0x0000000020000014                . = ALIGN (0x4)

.bss            0x0000000020000014     0x4e60 load address 0x0000000008004708
                0x0000000020000014                _sbss = .
                0x0000000020000014                __bss_start__ = _sbss
 *(.bss)
 *(.bss*)
 .bss.completed.1
                0x0000000020000014        0x1 /Applications/ArmGNUToolchain/12.2.rel1/arm-none-eabi/bin/../lib/gcc/arm-none-eabi/12.2.1/thumb/v7e-m+fp/hard/crtbegin.o
 *fill*         0x0000000020000015        0x3 
 .bss.object.0  0x0000000020000018       0x18 /Applications/ArmGNUToolchain/12.2.rel1/arm-none-eabi/bin/../lib/gcc/arm-none-eabi/12.2.1/thumb/v7e-m+fp/hard/crtbegin.o
 .bss.buf_lane  0x0000000020000030        0x1 CMakeFiles/lab7_2.elf.dir/Core/Src/main.c.obj
                0x0000000020000030                buf_lane
 *fill*         0x0000000020000031        0x3 
 .bss.uart_buf  0x0000000020000034      0x200 CMakeFiles/lab7_2.elf.dir/Core/Src/main.c.obj
                0x0000000020000034                uart_buf
 .bss.tim200msHandle
                0x0000000020000234        0x4 CMakeFiles/lab7_2.elf.dir/Core/Src/main.c.obj
                0x0000000020000234                tim200msHandle
 .bss.defaultTaskHandle
                0x0000000020000238        0x4 CMakeFiles/lab7_2.elf.dir/Core/Src/main.c.obj
                0x0000000020000238                defaultTaskHandle
 .bss.hdma_usart2_tx
                0x000000002000023c       0x60 CMakeFiles/lab7_2.elf.dir/Core/Src/main.c.obj
                0x000000002000023c                hdma_usart2_tx
 .bss.hdma_usart2_rx
                0x000000002000029c       0x60 CMakeFiles/lab7_2.elf.dir/Core/Src/main.c.obj
                0x000000002000029c                hdma_usart2_rx
 .bss.huart2    0x00000000200002fc       0x44 CMakeFiles/lab7_2.elf.dir/Core/Src/main.c.obj
                0x00000000200002fc                huart2
 .bss.htim1     0x0000000020000340       0x48 CMakeFiles/lab7_2.elf.dir/Core/Src/stm32f4xx_hal_timebase_tim.c.obj
                0x0000000020000340                htim1
 .bss.uwTick    0x0000000020000388        0x4 CMakeFiles/lab7_2.elf.dir/Drivers/STM32F4xx_HAL_Driver/Src/stm32f4xx_hal.c.obj
                0x0000000020000388                uwTick
 .bss.Timer_Stack.0
                0x000000002000038c      0x400 CMakeFiles/lab7_2.elf.dir/Middlewares/Third_Party/FreeRTOS/Source/CMSIS_RTOS_V2/cmsis_os2.c.obj
 .bss.Timer_TCB.1
                0x000000002000078c       0x5c CMakeFiles/lab7_2.elf.dir/Middlewares/Third_Party/FreeRTOS/Source/CMSIS_RTOS_V2/cmsis_os2.c.obj
 .bss.Idle_Stack.2
                0x00000000200007e8      0x200 CMakeFiles/lab7_2.elf.dir/Middlewares/Third_Party/FreeRTOS/Source/CMSIS_RTOS_V2/cmsis_os2.c.obj
 .bss.Idle_TCB.3
                0x00000000200009e8       0x5c CMakeFiles/lab7_2.elf.dir/Middlewares/Third_Party/FreeRTOS/Source/CMSIS_RTOS_V2/cmsis_os2.c.obj
 .bss.KernelState
                0x0000000020000a44        0x4 CMakeFiles/lab7_2.elf.dir/Middlewares/Third_Party/FreeRTOS/Source/CMSIS_RTOS_V2/cmsis_os2.c.obj
 .bss.ulMaxPRIGROUPValue
                0x0000000020000a48        0x4 CMakeFiles/lab7_2.elf.dir/Middlewares/Third_Party/FreeRTOS/Source/portable/GCC/ARM_CM4F/port.c.obj
 .bss.ucMaxSysCallPriority
                0x0000000020000a4c        0x1 CMakeFiles/lab7_2.elf.dir/Middlewares/Third_Party/FreeRTOS/Source/portable/GCC/ARM_CM4F/port.c.obj
 *fill*         0x0000000020000a4d        0x3 
 .bss.xBlockAllocatedBit
                0x0000000020000a50        0x4 CMakeFiles/lab7_2.elf.dir/Middlewares/Third_Party/FreeRTOS/Source/portable/MemMang/heap_4.c.obj
 .bss.xNumberOfSuccessfulFrees
                0x0000000020000a54        0x4 CMakeFiles/lab7_2.elf.dir/Middlewares/Third_Party/FreeRTOS/Source/portable/MemMang/heap_4.c.obj
 .bss.xNumberOfSuccessfulAllocations
                0x0000000020000a58        0x4 CMakeFiles/lab7_2.elf.dir/Middlewares/Third_Party/FreeRTOS/Source/portable/MemMang/heap_4.c.obj
 .bss.xMinimumEverFreeBytesRemaining
                0x0000000020000a5c        0x4 CMakeFiles/lab7_2.elf.dir/Middlewares/Third_Party/FreeRTOS/Source/portable/MemMang/heap_4.c.obj
 .bss.xFreeBytesRemaining
                0x0000000020000a60        0x4 CMakeFiles/lab7_2.elf.dir/Middlewares/Third_Party/FreeRTOS/Source/portable/MemMang/heap_4.c.obj
 .bss.pxEnd     0x0000000020000a64        0x4 CMakeFiles/lab7_2.elf.dir/Middlewares/Third_Party/FreeRTOS/Source/portable/MemMang/heap_4.c.obj
 .bss.xStart    0x0000000020000a68        0x8 CMakeFiles/lab7_2.elf.dir/Middlewares/Third_Party/FreeRTOS/Source/portable/MemMang/heap_4.c.obj
 .bss.ucHeap    0x0000000020000a70     0x3c00 CMakeFiles/lab7_2.elf.dir/Middlewares/Third_Party/FreeRTOS/Source/portable/MemMang/heap_4.c.obj
 .bss.xQueueRegistry
                0x0000000020004670       0x40 CMakeFiles/lab7_2.elf.dir/Middlewares/Third_Party/FreeRTOS/Source/queue.c.obj
                0x0000000020004670                xQueueRegistry
 .bss.uxSchedulerSuspended
                0x00000000200046b0        0x4 CMakeFiles/lab7_2.elf.dir/Middlewares/Third_Party/FreeRTOS/Source/tasks.c.obj
 .bss.xIdleTaskHandle
                0x00000000200046b4        0x4 CMakeFiles/lab7_2.elf.dir/Middlewares/Third_Party/FreeRTOS/Source/tasks.c.obj
 .bss.xNextTaskUnblockTime
                0x00000000200046b8        0x4 CMakeFiles/lab7_2.elf.dir/Middlewares/Third_Party/FreeRTOS/Source/tasks.c.obj
 .bss.uxTaskNumber
                0x00000000200046bc        0x4 CMakeFiles/lab7_2.elf.dir/Middlewares/Third_Party/FreeRTOS/Source/tasks.c.obj
 .bss.xNumOfOverflows
                0x00000000200046c0        0x4 CMakeFiles/lab7_2.elf.dir/Middlewares/Third_Party/FreeRTOS/Source/tasks.c.obj
 .bss.xYieldPending
                0x00000000200046c4        0x4 CMakeFiles/lab7_2.elf.dir/Middlewares/Third_Party/FreeRTOS/Source/tasks.c.obj
 .bss.xPendedTicks
                0x00000000200046c8        0x4 CMakeFiles/lab7_2.elf.dir/Middlewares/Third_Party/FreeRTOS/Source/tasks.c.obj
 .bss.xSchedulerRunning
                0x00000000200046cc        0x4 CMakeFiles/lab7_2.elf.dir/Middlewares/Third_Party/FreeRTOS/Source/tasks.c.obj
 .bss.uxTopReadyPriority
                0x00000000200046d0        0x4 CMakeFiles/lab7_2.elf.dir/Middlewares/Third_Party/FreeRTOS/Source/tasks.c.obj
 .bss.xTickCount
                0x00000000200046d4        0x4 CMakeFiles/lab7_2.elf.dir/Middlewares/Third_Party/FreeRTOS/Source/tasks.c.obj
 .bss.uxCurrentNumberOfTasks
                0x00000000200046d8        0x4 CMakeFiles/lab7_2.elf.dir/Middlewares/Third_Party/FreeRTOS/Source/tasks.c.obj
 .bss.xSuspendedTaskList
                0x00000000200046dc       0x14 CMakeFiles/lab7_2.elf.dir/Middlewares/Third_Party/FreeRTOS/Source/tasks.c.obj
 .bss.uxDeletedTasksWaitingCleanUp
                0x00000000200046f0        0x4 CMakeFiles/lab7_2.elf.dir/Middlewares/Third_Party/FreeRTOS/Source/tasks.c.obj
 .bss.xTasksWaitingTermination
                0x00000000200046f4       0x14 CMakeFiles/lab7_2.elf.dir/Middlewares/Third_Party/FreeRTOS/Source/tasks.c.obj
 .bss.xPendingReadyList
                0x0000000020004708       0x14 CMakeFiles/lab7_2.elf.dir/Middlewares/Third_Party/FreeRTOS/Source/tasks.c.obj
 .bss.pxOverflowDelayedTaskList
                0x000000002000471c        0x4 CMakeFiles/lab7_2.elf.dir/Middlewares/Third_Party/FreeRTOS/Source/tasks.c.obj
 .bss.pxDelayedTaskList
                0x0000000020004720        0x4 CMakeFiles/lab7_2.elf.dir/Middlewares/Third_Party/FreeRTOS/Source/tasks.c.obj
 .bss.xDelayedTaskList2
                0x0000000020004724       0x14 CMakeFiles/lab7_2.elf.dir/Middlewares/Third_Party/FreeRTOS/Source/tasks.c.obj
 .bss.xDelayedTaskList1
                0x0000000020004738       0x14 CMakeFiles/lab7_2.elf.dir/Middlewares/Third_Party/FreeRTOS/Source/tasks.c.obj
 .bss.pxReadyTasksLists
                0x000000002000474c      0x460 CMakeFiles/lab7_2.elf.dir/Middlewares/Third_Party/FreeRTOS/Source/tasks.c.obj
 .bss.pxCurrentTCB
                0x0000000020004bac        0x4 CMakeFiles/lab7_2.elf.dir/Middlewares/Third_Party/FreeRTOS/Source/tasks.c.obj
                0x0000000020004bac                pxCurrentTCB
 .bss.xStaticTimerQueue.0
                0x0000000020004bb0       0x50 CMakeFiles/lab7_2.elf.dir/Middlewares/Third_Party/FreeRTOS/Source/timers.c.obj
 .bss.ucStaticTimerQueueStorage.1
                0x0000000020004c00       0xa0 CMakeFiles/lab7_2.elf.dir/Middlewares/Third_Party/FreeRTOS/Source/timers.c.obj
 .bss.xLastTime.2
                0x0000000020004ca0        0x4 CMakeFiles/lab7_2.elf.dir/Middlewares/Third_Party/FreeRTOS/Source/timers.c.obj
 .bss.xTimerTaskHandle
                0x0000000020004ca4        0x4 CMakeFiles/lab7_2.elf.dir/Middlewares/Third_Party/FreeRTOS/Source/timers.c.obj
 .bss.xTimerQueue
                0x0000000020004ca8        0x4 CMakeFiles/lab7_2.elf.dir/Middlewares/Third_Party/FreeRTOS/Source/timers.c.obj
 .bss.pxOverflowTimerList
                0x0000000020004cac        0x4 CMakeFiles/lab7_2.elf.dir/Middlewares/Third_Party/FreeRTOS/Source/timers.c.obj
 .bss.pxCurrentTimerList
                0x0000000020004cb0        0x4 CMakeFiles/lab7_2.elf.dir/Middlewares/Third_Party/FreeRTOS/Source/timers.c.obj
 .bss.xActiveTimerList2
                0x0000000020004cb4       0x14 CMakeFiles/lab7_2.elf.dir/Middlewares/Third_Party/FreeRTOS/Source/timers.c.obj
 .bss.xActiveTimerList1
                0x0000000020004cc8       0x14 CMakeFiles/lab7_2.elf.dir/Middlewares/Third_Party/FreeRTOS/Source/timers.c.obj
 .bss.__lock___atexit_recursive_mutex
                0x0000000020004cdc        0x1 /Applications/ArmGNUToolchain/12.2.rel1/arm-none-eabi/bin/../lib/gcc/arm-none-eabi/12.2.1/../../../../arm-none-eabi/lib/thumb/v7e-m+fp/hard/libc.a(libc_a-lock.o)
                0x0000000020004cdc                __lock___atexit_recursive_mutex
 *fill*         0x0000000020004cdd        0x3 
 .bss.__atexit  0x0000000020004ce0        0x4 /Applications/ArmGNUToolchain/12.2.rel1/arm-none-eabi/bin/../lib/gcc/arm-none-eabi/12.2.1/../../../../arm-none-eabi/lib/thumb/v7e-m+fp/hard/libc.a(libc_a-__call_atexit.o)
                0x0000000020004ce0                __atexit
 .bss.__atexit0
                0x0000000020004ce4      0x190 /Applications/ArmGNUToolchain/12.2.rel1/arm-none-eabi/bin/../lib/gcc/arm-none-eabi/12.2.1/../../../../arm-none-eabi/lib/thumb/v7e-m+fp/hard/libc.a(libc_a-__atexit.o)
                0x0000000020004ce4                __atexit0
 *(COMMON)
                0x0000000020004e74                . = ALIGN (0x4)
                0x0000000020004e74                _ebss = .
                0x0000000020004e74                __bss_end__ = _ebss

._user_heap_stack
                0x0000000020004e74      0x604 load address 0x0000000008004708
                0x0000000020004e78                . = ALIGN (0x8)
 *fill*         0x0000000020004e74        0x4 
                [!provide]                        PROVIDE (end = .)
                0x0000000020004e78                PROVIDE (_end = .)
                0x0000000020005078                . = (. + _Min_Heap_Size)
 *fill*         0x0000000020004e78      0x200 
                0x0000000020005478                . = (. + _Min_Stack_Size)
 *fill*         0x0000000020005078      0x400 
                0x0000000020005478                . = ALIGN (0x8)

/DISCARD/
 libc.a(*)
 libm.a(*)
 libgcc.a(*)

.ARM.attributes
                0x0000000000000000       0x30
 *(.ARM.attributes)
 .ARM.attributes
                0x0000000000000000       0x22 /Applications/ArmGNUToolchain/12.2.rel1/arm-none-eabi/bin/../lib/gcc/arm-none-eabi/12.2.1/thumb/v7e-m+fp/hard/crti.o
 .ARM.attributes
                0x0000000000000022       0x34 /Applications/ArmGNUToolchain/12.2.rel1/arm-none-eabi/bin/../lib/gcc/arm-none-eabi/12.2.1/thumb/v7e-m+fp/hard/crtbegin.o
 .ARM.attributes
                0x0000000000000056       0x34 CMakeFiles/lab7_2.elf.dir/Core/Src/main.c.obj
 .ARM.attributes
                0x000000000000008a       0x34 CMakeFiles/lab7_2.elf.dir/Core/Src/stm32f4xx_hal_msp.c.obj
 .ARM.attributes
                0x00000000000000be       0x34 CMakeFiles/lab7_2.elf.dir/Core/Src/stm32f4xx_hal_timebase_tim.c.obj
 .ARM.attributes
                0x00000000000000f2       0x34 CMakeFiles/lab7_2.elf.dir/Core/Src/stm32f4xx_it.c.obj
 .ARM.attributes
                0x0000000000000126       0x34 CMakeFiles/lab7_2.elf.dir/Core/Src/system_stm32f4xx.c.obj
 .ARM.attributes
                0x000000000000015a       0x21 CMakeFiles/lab7_2.elf.dir/Core/Startup/startup_stm32f411retx.s.obj
 .ARM.attributes
                0x000000000000017b       0x34 CMakeFiles/lab7_2.elf.dir/Drivers/STM32F4xx_HAL_Driver/Src/stm32f4xx_hal.c.obj
 .ARM.attributes
                0x00000000000001af       0x34 CMakeFiles/lab7_2.elf.dir/Drivers/STM32F4xx_HAL_Driver/Src/stm32f4xx_hal_cortex.c.obj
 .ARM.attributes
                0x00000000000001e3       0x34 CMakeFiles/lab7_2.elf.dir/Drivers/STM32F4xx_HAL_Driver/Src/stm32f4xx_hal_dma.c.obj
 .ARM.attributes
                0x0000000000000217       0x34 CMakeFiles/lab7_2.elf.dir/Drivers/STM32F4xx_HAL_Driver/Src/stm32f4xx_hal_gpio.c.obj
 .ARM.attributes
                0x000000000000024b       0x34 CMakeFiles/lab7_2.elf.dir/Drivers/STM32F4xx_HAL_Driver/Src/stm32f4xx_hal_rcc.c.obj
 .ARM.attributes
                0x000000000000027f       0x34 CMakeFiles/lab7_2.elf.dir/Drivers/STM32F4xx_HAL_Driver/Src/stm32f4xx_hal_tim.c.obj
 .ARM.attributes
                0x00000000000002b3       0x34 CMakeFiles/lab7_2.elf.dir/Drivers/STM32F4xx_HAL_Driver/Src/stm32f4xx_hal_tim_ex.c.obj
 .ARM.attributes
                0x00000000000002e7       0x34 CMakeFiles/lab7_2.elf.dir/Drivers/STM32F4xx_HAL_Driver/Src/stm32f4xx_hal_uart.c.obj
 .ARM.attributes
                0x000000000000031b       0x34 CMakeFiles/lab7_2.elf.dir/Middlewares/Third_Party/FreeRTOS/Source/CMSIS_RTOS_V2/cmsis_os2.c.obj
 .ARM.attributes
                0x000000000000034f       0x34 CMakeFiles/lab7_2.elf.dir/Middlewares/Third_Party/FreeRTOS/Source/list.c.obj
 .ARM.attributes
                0x0000000000000383       0x34 CMakeFiles/lab7_2.elf.dir/Middlewares/Third_Party/FreeRTOS/Source/portable/GCC/ARM_CM4F/port.c.obj
 .ARM.attributes
                0x00000000000003b7       0x34 CMakeFiles/lab7_2.elf.dir/Middlewares/Third_Party/FreeRTOS/Source/portable/MemMang/heap_4.c.obj
 .ARM.attributes
                0x00000000000003eb       0x34 CMakeFiles/lab7_2.elf.dir/Middlewares/Third_Party/FreeRTOS/Source/queue.c.obj
 .ARM.attributes
                0x000000000000041f       0x34 CMakeFiles/lab7_2.elf.dir/Middlewares/Third_Party/FreeRTOS/Source/tasks.c.obj
 .ARM.attributes
                0x0000000000000453       0x34 CMakeFiles/lab7_2.elf.dir/Middlewares/Third_Party/FreeRTOS/Source/timers.c.obj
 .ARM.attributes
                0x0000000000000487       0x22 /Applications/ArmGNUToolchain/12.2.rel1/arm-none-eabi/bin/../lib/gcc/arm-none-eabi/12.2.1/thumb/v7e-m+fp/hard/libgcc.a(_aeabi_uldivmod.o)
 .ARM.attributes
                0x00000000000004a9       0x34 /Applications/ArmGNUToolchain/12.2.rel1/arm-none-eabi/bin/../lib/gcc/arm-none-eabi/12.2.1/thumb/v7e-m+fp/hard/libgcc.a(_udivmoddi4.o)
 .ARM.attributes
                0x00000000000004dd       0x22 /Applications/ArmGNUToolchain/12.2.rel1/arm-none-eabi/bin/../lib/gcc/arm-none-eabi/12.2.1/thumb/v7e-m+fp/hard/libgcc.a(_dvmd_tls.o)
 .ARM.attributes
                0x00000000000004ff       0x34 /Applications/ArmGNUToolchain/12.2.rel1/arm-none-eabi/bin/../lib/gcc/arm-none-eabi/12.2.1/../../../../arm-none-eabi/lib/thumb/v7e-m+fp/hard/libc.a(libc_a-memset.o)
 .ARM.attributes
                0x0000000000000533       0x34 /Applications/ArmGNUToolchain/12.2.rel1/arm-none-eabi/bin/../lib/gcc/arm-none-eabi/12.2.1/../../../../arm-none-eabi/lib/thumb/v7e-m+fp/hard/libc.a(libc_a-init.o)
 .ARM.attributes
                0x0000000000000567       0x34 /Applications/ArmGNUToolchain/12.2.rel1/arm-none-eabi/bin/../lib/gcc/arm-none-eabi/12.2.1/../../../../arm-none-eabi/lib/thumb/v7e-m+fp/hard/libc.a(libc_a-lock.o)
 .ARM.attributes
                0x000000000000059b       0x20 /Applications/ArmGNUToolchain/12.2.rel1/arm-none-eabi/bin/../lib/gcc/arm-none-eabi/12.2.1/../../../../arm-none-eabi/lib/thumb/v7e-m+fp/hard/libc.a(libc_a-memcpy.o)
 .ARM.attributes
                0x00000000000005bb       0x34 /Applications/ArmGNUToolchain/12.2.rel1/arm-none-eabi/bin/../lib/gcc/arm-none-eabi/12.2.1/../../../../arm-none-eabi/lib/thumb/v7e-m+fp/hard/libc.a(libc_a-__call_atexit.o)
 .ARM.attributes
                0x00000000000005ef       0x34 /Applications/ArmGNUToolchain/12.2.rel1/arm-none-eabi/bin/../lib/gcc/arm-none-eabi/12.2.1/../../../../arm-none-eabi/lib/thumb/v7e-m+fp/hard/libc.a(libc_a-atexit.o)
 .ARM.attributes
                0x0000000000000623       0x34 /Applications/ArmGNUToolchain/12.2.rel1/arm-none-eabi/bin/../lib/gcc/arm-none-eabi/12.2.1/../../../../arm-none-eabi/lib/thumb/v7e-m+fp/hard/libc.a(libc_a-fini.o)
 .ARM.attributes
                0x0000000000000657       0x34 /Applications/ArmGNUToolchain/12.2.rel1/arm-none-eabi/bin/../lib/gcc/arm-none-eabi/12.2.1/../../../../arm-none-eabi/lib/thumb/v7e-m+fp/hard/libc.a(libc_a-__atexit.o)
 .ARM.attributes
                0x000000000000068b       0x34 /Applications/ArmGNUToolchain/12.2.rel1/arm-none-eabi/bin/../lib/gcc/arm-none-eabi/12.2.1/thumb/v7e-m+fp/hard/crtend.o
 .ARM.attributes
                0x00000000000006bf       0x22 /Applications/ArmGNUToolchain/12.2.rel1/arm-none-eabi/bin/../lib/gcc/arm-none-eabi/12.2.1/thumb/v7e-m+fp/hard/crtn.o
OUTPUT(lab7_2.elf elf32-littlearm)
LOAD linker stubs
LOAD /Applications/ArmGNUToolchain/12.2.rel1/arm-none-eabi/bin/../lib/gcc/arm-none-eabi/12.2.1/../../../../arm-none-eabi/lib/thumb/v7e-m+fp/hard/libc.a
LOAD /Applications/ArmGNUToolchain/12.2.rel1/arm-none-eabi/bin/../lib/gcc/arm-none-eabi/12.2.1/../../../../arm-none-eabi/lib/thumb/v7e-m+fp/hard/libm.a
LOAD /Applications/ArmGNUToolchain/12.2.rel1/arm-none-eabi/bin/../lib/gcc/arm-none-eabi/12.2.1/thumb/v7e-m+fp/hard/libgcc.a

.debug_info     0x0000000000000000    0x1d907
 .debug_info    0x0000000000000000     0x18d0 CMakeFiles/lab7_2.elf.dir/Core/Src/main.c.obj
 .debug_info    0x00000000000018d0      0xc2c CMakeFiles/lab7_2.elf.dir/Core/Src/stm32f4xx_hal_msp.c.obj
 .debug_info    0x00000000000024fc      0xc04 CMakeFiles/lab7_2.elf.dir/Core/Src/stm32f4xx_hal_timebase_tim.c.obj
 .debug_info    0x0000000000003100      0x9ad CMakeFiles/lab7_2.elf.dir/Core/Src/stm32f4xx_it.c.obj
 .debug_info    0x0000000000003aad      0x553 CMakeFiles/lab7_2.elf.dir/Core/Src/system_stm32f4xx.c.obj
 .debug_info    0x0000000000004000       0x2e CMakeFiles/lab7_2.elf.dir/Core/Startup/startup_stm32f411retx.s.obj
 .debug_info    0x000000000000402e      0x962 CMakeFiles/lab7_2.elf.dir/Drivers/STM32F4xx_HAL_Driver/Src/stm32f4xx_hal.c.obj
 .debug_info    0x0000000000004990      0xeed CMakeFiles/lab7_2.elf.dir/Drivers/STM32F4xx_HAL_Driver/Src/stm32f4xx_hal_cortex.c.obj
 .debug_info    0x000000000000587d      0xad8 CMakeFiles/lab7_2.elf.dir/Drivers/STM32F4xx_HAL_Driver/Src/stm32f4xx_hal_dma.c.obj
 .debug_info    0x0000000000006355      0x73a CMakeFiles/lab7_2.elf.dir/Drivers/STM32F4xx_HAL_Driver/Src/stm32f4xx_hal_gpio.c.obj
 .debug_info    0x0000000000006a8f      0xab0 CMakeFiles/lab7_2.elf.dir/Drivers/STM32F4xx_HAL_Driver/Src/stm32f4xx_hal_rcc.c.obj
 .debug_info    0x000000000000753f     0x3b72 CMakeFiles/lab7_2.elf.dir/Drivers/STM32F4xx_HAL_Driver/Src/stm32f4xx_hal_tim.c.obj
 .debug_info    0x000000000000b0b1     0x1a94 CMakeFiles/lab7_2.elf.dir/Drivers/STM32F4xx_HAL_Driver/Src/stm32f4xx_hal_tim_ex.c.obj
 .debug_info    0x000000000000cb45     0x4093 CMakeFiles/lab7_2.elf.dir/Drivers/STM32F4xx_HAL_Driver/Src/stm32f4xx_hal_uart.c.obj
 .debug_info    0x0000000000010bd8     0x4cb7 CMakeFiles/lab7_2.elf.dir/Middlewares/Third_Party/FreeRTOS/Source/CMSIS_RTOS_V2/cmsis_os2.c.obj
 .debug_info    0x000000000001588f      0x2bf CMakeFiles/lab7_2.elf.dir/Middlewares/Third_Party/FreeRTOS/Source/list.c.obj
 .debug_info    0x0000000000015b4e      0x55a CMakeFiles/lab7_2.elf.dir/Middlewares/Third_Party/FreeRTOS/Source/portable/GCC/ARM_CM4F/port.c.obj
 .debug_info    0x00000000000160a8      0x593 CMakeFiles/lab7_2.elf.dir/Middlewares/Third_Party/FreeRTOS/Source/portable/MemMang/heap_4.c.obj
 .debug_info    0x000000000001663b     0x2775 CMakeFiles/lab7_2.elf.dir/Middlewares/Third_Party/FreeRTOS/Source/queue.c.obj
 .debug_info    0x0000000000018db0     0x3067 CMakeFiles/lab7_2.elf.dir/Middlewares/Third_Party/FreeRTOS/Source/tasks.c.obj
 .debug_info    0x000000000001be17     0x1af0 CMakeFiles/lab7_2.elf.dir/Middlewares/Third_Party/FreeRTOS/Source/timers.c.obj

.debug_abbrev   0x0000000000000000     0x36b2
 .debug_abbrev  0x0000000000000000      0x30e CMakeFiles/lab7_2.elf.dir/Core/Src/main.c.obj
 .debug_abbrev  0x000000000000030e      0x22a CMakeFiles/lab7_2.elf.dir/Core/Src/stm32f4xx_hal_msp.c.obj
 .debug_abbrev  0x0000000000000538      0x246 CMakeFiles/lab7_2.elf.dir/Core/Src/stm32f4xx_hal_timebase_tim.c.obj
 .debug_abbrev  0x000000000000077e      0x1a4 CMakeFiles/lab7_2.elf.dir/Core/Src/stm32f4xx_it.c.obj
 .debug_abbrev  0x0000000000000922      0x11e CMakeFiles/lab7_2.elf.dir/Core/Src/system_stm32f4xx.c.obj
 .debug_abbrev  0x0000000000000a40       0x1d CMakeFiles/lab7_2.elf.dir/Core/Startup/startup_stm32f411retx.s.obj
 .debug_abbrev  0x0000000000000a5d      0x277 CMakeFiles/lab7_2.elf.dir/Drivers/STM32F4xx_HAL_Driver/Src/stm32f4xx_hal.c.obj
 .debug_abbrev  0x0000000000000cd4      0x39b CMakeFiles/lab7_2.elf.dir/Drivers/STM32F4xx_HAL_Driver/Src/stm32f4xx_hal_cortex.c.obj
 .debug_abbrev  0x000000000000106f      0x27d CMakeFiles/lab7_2.elf.dir/Drivers/STM32F4xx_HAL_Driver/Src/stm32f4xx_hal_dma.c.obj
 .debug_abbrev  0x00000000000012ec      0x201 CMakeFiles/lab7_2.elf.dir/Drivers/STM32F4xx_HAL_Driver/Src/stm32f4xx_hal_gpio.c.obj
 .debug_abbrev  0x00000000000014ed      0x2c5 CMakeFiles/lab7_2.elf.dir/Drivers/STM32F4xx_HAL_Driver/Src/stm32f4xx_hal_rcc.c.obj
 .debug_abbrev  0x00000000000017b2      0x27d CMakeFiles/lab7_2.elf.dir/Drivers/STM32F4xx_HAL_Driver/Src/stm32f4xx_hal_tim.c.obj
 .debug_abbrev  0x0000000000001a2f      0x27b CMakeFiles/lab7_2.elf.dir/Drivers/STM32F4xx_HAL_Driver/Src/stm32f4xx_hal_tim_ex.c.obj
 .debug_abbrev  0x0000000000001caa      0x33c CMakeFiles/lab7_2.elf.dir/Drivers/STM32F4xx_HAL_Driver/Src/stm32f4xx_hal_uart.c.obj
 .debug_abbrev  0x0000000000001fe6      0x5cd CMakeFiles/lab7_2.elf.dir/Middlewares/Third_Party/FreeRTOS/Source/CMSIS_RTOS_V2/cmsis_os2.c.obj
 .debug_abbrev  0x00000000000025b3      0x10a CMakeFiles/lab7_2.elf.dir/Middlewares/Third_Party/FreeRTOS/Source/list.c.obj
 .debug_abbrev  0x00000000000026bd      0x293 CMakeFiles/lab7_2.elf.dir/Middlewares/Third_Party/FreeRTOS/Source/portable/GCC/ARM_CM4F/port.c.obj
 .debug_abbrev  0x0000000000002950      0x263 CMakeFiles/lab7_2.elf.dir/Middlewares/Third_Party/FreeRTOS/Source/portable/MemMang/heap_4.c.obj
 .debug_abbrev  0x0000000000002bb3      0x3ea CMakeFiles/lab7_2.elf.dir/Middlewares/Third_Party/FreeRTOS/Source/queue.c.obj
 .debug_abbrev  0x0000000000002f9d      0x394 CMakeFiles/lab7_2.elf.dir/Middlewares/Third_Party/FreeRTOS/Source/tasks.c.obj
 .debug_abbrev  0x0000000000003331      0x381 CMakeFiles/lab7_2.elf.dir/Middlewares/Third_Party/FreeRTOS/Source/timers.c.obj

.debug_loclists
                0x0000000000000000     0xebc3
 .debug_loclists
                0x0000000000000000       0x80 CMakeFiles/lab7_2.elf.dir/Core/Src/main.c.obj
 .debug_loclists
                0x0000000000000080       0x50 CMakeFiles/lab7_2.elf.dir/Core/Src/stm32f4xx_hal_msp.c.obj
 .debug_loclists
                0x00000000000000d0       0x6d CMakeFiles/lab7_2.elf.dir/Core/Src/stm32f4xx_hal_timebase_tim.c.obj
 .debug_loclists
                0x000000000000013d       0xdb CMakeFiles/lab7_2.elf.dir/Core/Src/system_stm32f4xx.c.obj
 .debug_loclists
                0x0000000000000218       0xc9 CMakeFiles/lab7_2.elf.dir/Drivers/STM32F4xx_HAL_Driver/Src/stm32f4xx_hal.c.obj
 .debug_loclists
                0x00000000000002e1      0x439 CMakeFiles/lab7_2.elf.dir/Drivers/STM32F4xx_HAL_Driver/Src/stm32f4xx_hal_cortex.c.obj
 .debug_loclists
                0x000000000000071a      0x763 CMakeFiles/lab7_2.elf.dir/Drivers/STM32F4xx_HAL_Driver/Src/stm32f4xx_hal_dma.c.obj
 .debug_loclists
                0x0000000000000e7d      0x356 CMakeFiles/lab7_2.elf.dir/Drivers/STM32F4xx_HAL_Driver/Src/stm32f4xx_hal_gpio.c.obj
 .debug_loclists
                0x00000000000011d3      0x3a9 CMakeFiles/lab7_2.elf.dir/Drivers/STM32F4xx_HAL_Driver/Src/stm32f4xx_hal_rcc.c.obj
 .debug_loclists
                0x000000000000157c     0x332a CMakeFiles/lab7_2.elf.dir/Drivers/STM32F4xx_HAL_Driver/Src/stm32f4xx_hal_tim.c.obj
 .debug_loclists
                0x00000000000048a6     0x124f CMakeFiles/lab7_2.elf.dir/Drivers/STM32F4xx_HAL_Driver/Src/stm32f4xx_hal_tim_ex.c.obj
 .debug_loclists
                0x0000000000005af5     0x2bbd CMakeFiles/lab7_2.elf.dir/Drivers/STM32F4xx_HAL_Driver/Src/stm32f4xx_hal_uart.c.obj
 .debug_loclists
                0x00000000000086b2     0x31d5 CMakeFiles/lab7_2.elf.dir/Middlewares/Third_Party/FreeRTOS/Source/CMSIS_RTOS_V2/cmsis_os2.c.obj
 .debug_loclists
                0x000000000000b887       0x6f CMakeFiles/lab7_2.elf.dir/Middlewares/Third_Party/FreeRTOS/Source/list.c.obj
 .debug_loclists
                0x000000000000b8f6       0xbb CMakeFiles/lab7_2.elf.dir/Middlewares/Third_Party/FreeRTOS/Source/portable/GCC/ARM_CM4F/port.c.obj
 .debug_loclists
                0x000000000000b9b1      0x2ab CMakeFiles/lab7_2.elf.dir/Middlewares/Third_Party/FreeRTOS/Source/portable/MemMang/heap_4.c.obj
 .debug_loclists
                0x000000000000bc5c      0xfbc CMakeFiles/lab7_2.elf.dir/Middlewares/Third_Party/FreeRTOS/Source/queue.c.obj
 .debug_loclists
                0x000000000000cc18     0x156b CMakeFiles/lab7_2.elf.dir/Middlewares/Third_Party/FreeRTOS/Source/tasks.c.obj
 .debug_loclists
                0x000000000000e183      0xa40 CMakeFiles/lab7_2.elf.dir/Middlewares/Third_Party/FreeRTOS/Source/timers.c.obj

.debug_aranges  0x0000000000000000     0x13f8
 .debug_aranges
                0x0000000000000000       0x68 CMakeFiles/lab7_2.elf.dir/Core/Src/main.c.obj
 .debug_aranges
                0x0000000000000068       0x30 CMakeFiles/lab7_2.elf.dir/Core/Src/stm32f4xx_hal_msp.c.obj
 .debug_aranges
                0x0000000000000098       0x30 CMakeFiles/lab7_2.elf.dir/Core/Src/stm32f4xx_hal_timebase_tim.c.obj
 .debug_aranges
                0x00000000000000c8       0x68 CMakeFiles/lab7_2.elf.dir/Core/Src/stm32f4xx_it.c.obj
 .debug_aranges
                0x0000000000000130       0x28 CMakeFiles/lab7_2.elf.dir/Core/Src/system_stm32f4xx.c.obj
 .debug_aranges
                0x0000000000000158       0x28 CMakeFiles/lab7_2.elf.dir/Core/Startup/startup_stm32f411retx.s.obj
 .debug_aranges
                0x0000000000000180       0xf0 CMakeFiles/lab7_2.elf.dir/Drivers/STM32F4xx_HAL_Driver/Src/stm32f4xx_hal.c.obj
 .debug_aranges
                0x0000000000000270       0xd8 CMakeFiles/lab7_2.elf.dir/Drivers/STM32F4xx_HAL_Driver/Src/stm32f4xx_hal_cortex.c.obj
 .debug_aranges
                0x0000000000000348       0x90 CMakeFiles/lab7_2.elf.dir/Drivers/STM32F4xx_HAL_Driver/Src/stm32f4xx_hal_dma.c.obj
 .debug_aranges
                0x00000000000003d8       0x58 CMakeFiles/lab7_2.elf.dir/Drivers/STM32F4xx_HAL_Driver/Src/stm32f4xx_hal_gpio.c.obj
 .debug_aranges
                0x0000000000000430       0x88 CMakeFiles/lab7_2.elf.dir/Drivers/STM32F4xx_HAL_Driver/Src/stm32f4xx_hal_rcc.c.obj
 .debug_aranges
                0x00000000000004b8      0x3d0 CMakeFiles/lab7_2.elf.dir/Drivers/STM32F4xx_HAL_Driver/Src/stm32f4xx_hal_tim.c.obj
 .debug_aranges
                0x0000000000000888      0x168 CMakeFiles/lab7_2.elf.dir/Drivers/STM32F4xx_HAL_Driver/Src/stm32f4xx_hal_tim_ex.c.obj
 .debug_aranges
                0x00000000000009f0      0x200 CMakeFiles/lab7_2.elf.dir/Drivers/STM32F4xx_HAL_Driver/Src/stm32f4xx_hal_uart.c.obj
 .debug_aranges
                0x0000000000000bf0      0x2a0 CMakeFiles/lab7_2.elf.dir/Middlewares/Third_Party/FreeRTOS/Source/CMSIS_RTOS_V2/cmsis_os2.c.obj
 .debug_aranges
                0x0000000000000e90       0x40 CMakeFiles/lab7_2.elf.dir/Middlewares/Third_Party/FreeRTOS/Source/list.c.obj
 .debug_aranges
                0x0000000000000ed0       0x80 CMakeFiles/lab7_2.elf.dir/Middlewares/Third_Party/FreeRTOS/Source/portable/GCC/ARM_CM4F/port.c.obj
 .debug_aranges
                0x0000000000000f50       0x58 CMakeFiles/lab7_2.elf.dir/Middlewares/Third_Party/FreeRTOS/Source/portable/MemMang/heap_4.c.obj
 .debug_aranges
                0x0000000000000fa8      0x158 CMakeFiles/lab7_2.elf.dir/Middlewares/Third_Party/FreeRTOS/Source/queue.c.obj
 .debug_aranges
                0x0000000000001100      0x208 CMakeFiles/lab7_2.elf.dir/Middlewares/Third_Party/FreeRTOS/Source/tasks.c.obj
 .debug_aranges
                0x0000000000001308       0xf0 CMakeFiles/lab7_2.elf.dir/Middlewares/Third_Party/FreeRTOS/Source/timers.c.obj

.debug_rnglists
                0x0000000000000000     0x1051
 .debug_rnglists
                0x0000000000000000       0x4b CMakeFiles/lab7_2.elf.dir/Core/Src/main.c.obj
 .debug_rnglists
                0x000000000000004b       0x20 CMakeFiles/lab7_2.elf.dir/Core/Src/stm32f4xx_hal_msp.c.obj
 .debug_rnglists
                0x000000000000006b       0x20 CMakeFiles/lab7_2.elf.dir/Core/Src/stm32f4xx_hal_timebase_tim.c.obj
 .debug_rnglists
                0x000000000000008b       0x49 CMakeFiles/lab7_2.elf.dir/Core/Src/stm32f4xx_it.c.obj
 .debug_rnglists
                0x00000000000000d4       0x1a CMakeFiles/lab7_2.elf.dir/Core/Src/system_stm32f4xx.c.obj
 .debug_rnglists
                0x00000000000000ee       0x19 CMakeFiles/lab7_2.elf.dir/Core/Startup/startup_stm32f411retx.s.obj
 .debug_rnglists
                0x0000000000000107       0xaf CMakeFiles/lab7_2.elf.dir/Drivers/STM32F4xx_HAL_Driver/Src/stm32f4xx_hal.c.obj
 .debug_rnglists
                0x00000000000001b6       0x9d CMakeFiles/lab7_2.elf.dir/Drivers/STM32F4xx_HAL_Driver/Src/stm32f4xx_hal_cortex.c.obj
 .debug_rnglists
                0x0000000000000253       0x6c CMakeFiles/lab7_2.elf.dir/Drivers/STM32F4xx_HAL_Driver/Src/stm32f4xx_hal_dma.c.obj
 .debug_rnglists
                0x00000000000002bf       0x3f CMakeFiles/lab7_2.elf.dir/Drivers/STM32F4xx_HAL_Driver/Src/stm32f4xx_hal_gpio.c.obj
 .debug_rnglists
                0x00000000000002fe       0x75 CMakeFiles/lab7_2.elf.dir/Drivers/STM32F4xx_HAL_Driver/Src/stm32f4xx_hal_rcc.c.obj
 .debug_rnglists
                0x0000000000000373      0x2ff CMakeFiles/lab7_2.elf.dir/Drivers/STM32F4xx_HAL_Driver/Src/stm32f4xx_hal_tim.c.obj
 .debug_rnglists
                0x0000000000000672      0x11a CMakeFiles/lab7_2.elf.dir/Drivers/STM32F4xx_HAL_Driver/Src/stm32f4xx_hal_tim_ex.c.obj
 .debug_rnglists
                0x000000000000078c      0x19b CMakeFiles/lab7_2.elf.dir/Drivers/STM32F4xx_HAL_Driver/Src/stm32f4xx_hal_uart.c.obj
 .debug_rnglists
                0x0000000000000927      0x1fe CMakeFiles/lab7_2.elf.dir/Middlewares/Third_Party/FreeRTOS/Source/CMSIS_RTOS_V2/cmsis_os2.c.obj
 .debug_rnglists
                0x0000000000000b25       0x2b CMakeFiles/lab7_2.elf.dir/Middlewares/Third_Party/FreeRTOS/Source/list.c.obj
 .debug_rnglists
                0x0000000000000b50       0x69 CMakeFiles/lab7_2.elf.dir/Middlewares/Third_Party/FreeRTOS/Source/portable/GCC/ARM_CM4F/port.c.obj
 .debug_rnglists
                0x0000000000000bb9       0x3f CMakeFiles/lab7_2.elf.dir/Middlewares/Third_Party/FreeRTOS/Source/portable/MemMang/heap_4.c.obj
 .debug_rnglists
                0x0000000000000bf8      0x170 CMakeFiles/lab7_2.elf.dir/Middlewares/Third_Party/FreeRTOS/Source/queue.c.obj
 .debug_rnglists
                0x0000000000000d68      0x239 CMakeFiles/lab7_2.elf.dir/Middlewares/Third_Party/FreeRTOS/Source/tasks.c.obj
 .debug_rnglists
                0x0000000000000fa1       0xb0 CMakeFiles/lab7_2.elf.dir/Middlewares/Third_Party/FreeRTOS/Source/timers.c.obj

.debug_line     0x0000000000000000    0x18d44
 .debug_line    0x0000000000000000      0x657 CMakeFiles/lab7_2.elf.dir/Core/Src/main.c.obj
 .debug_line    0x0000000000000657      0x447 CMakeFiles/lab7_2.elf.dir/Core/Src/stm32f4xx_hal_msp.c.obj
 .debug_line    0x0000000000000a9e      0x351 CMakeFiles/lab7_2.elf.dir/Core/Src/stm32f4xx_hal_timebase_tim.c.obj
 .debug_line    0x0000000000000def      0x364 CMakeFiles/lab7_2.elf.dir/Core/Src/stm32f4xx_it.c.obj
 .debug_line    0x0000000000001153      0x2d7 CMakeFiles/lab7_2.elf.dir/Core/Src/system_stm32f4xx.c.obj
 .debug_line    0x000000000000142a       0x7a CMakeFiles/lab7_2.elf.dir/Core/Startup/startup_stm32f411retx.s.obj
 .debug_line    0x00000000000014a4      0x619 CMakeFiles/lab7_2.elf.dir/Drivers/STM32F4xx_HAL_Driver/Src/stm32f4xx_hal.c.obj
 .debug_line    0x0000000000001abd      0x8c4 CMakeFiles/lab7_2.elf.dir/Drivers/STM32F4xx_HAL_Driver/Src/stm32f4xx_hal_cortex.c.obj
 .debug_line    0x0000000000002381      0xee3 CMakeFiles/lab7_2.elf.dir/Drivers/STM32F4xx_HAL_Driver/Src/stm32f4xx_hal_dma.c.obj
 .debug_line    0x0000000000003264      0x728 CMakeFiles/lab7_2.elf.dir/Drivers/STM32F4xx_HAL_Driver/Src/stm32f4xx_hal_gpio.c.obj
 .debug_line    0x000000000000398c      0xb8c CMakeFiles/lab7_2.elf.dir/Drivers/STM32F4xx_HAL_Driver/Src/stm32f4xx_hal_rcc.c.obj
 .debug_line    0x0000000000004518     0x49cc CMakeFiles/lab7_2.elf.dir/Drivers/STM32F4xx_HAL_Driver/Src/stm32f4xx_hal_tim.c.obj
 .debug_line    0x0000000000008ee4     0x1d4c CMakeFiles/lab7_2.elf.dir/Drivers/STM32F4xx_HAL_Driver/Src/stm32f4xx_hal_tim_ex.c.obj
 .debug_line    0x000000000000ac30     0x468e CMakeFiles/lab7_2.elf.dir/Drivers/STM32F4xx_HAL_Driver/Src/stm32f4xx_hal_uart.c.obj
 .debug_line    0x000000000000f2be     0x2ba0 CMakeFiles/lab7_2.elf.dir/Middlewares/Third_Party/FreeRTOS/Source/CMSIS_RTOS_V2/cmsis_os2.c.obj
 .debug_line    0x0000000000011e5e      0x3dd CMakeFiles/lab7_2.elf.dir/Middlewares/Third_Party/FreeRTOS/Source/list.c.obj
 .debug_line    0x000000000001223b      0x753 CMakeFiles/lab7_2.elf.dir/Middlewares/Third_Party/FreeRTOS/Source/portable/GCC/ARM_CM4F/port.c.obj
 .debug_line    0x000000000001298e      0x7a0 CMakeFiles/lab7_2.elf.dir/Middlewares/Third_Party/FreeRTOS/Source/portable/MemMang/heap_4.c.obj
 .debug_line    0x000000000001312e     0x2012 CMakeFiles/lab7_2.elf.dir/Middlewares/Third_Party/FreeRTOS/Source/queue.c.obj
 .debug_line    0x0000000000015140     0x2cb6 CMakeFiles/lab7_2.elf.dir/Middlewares/Third_Party/FreeRTOS/Source/tasks.c.obj
 .debug_line    0x0000000000017df6      0xf4e CMakeFiles/lab7_2.elf.dir/Middlewares/Third_Party/FreeRTOS/Source/timers.c.obj

.debug_str      0x0000000000000000     0x714e
 .debug_str     0x0000000000000000     0x1678 CMakeFiles/lab7_2.elf.dir/Core/Src/main.c.obj
                                       0x175c (size before relaxing)
 .debug_str     0x0000000000001678       0xb7 CMakeFiles/lab7_2.elf.dir/Core/Src/stm32f4xx_hal_msp.c.obj
                                        0xc68 (size before relaxing)
 .debug_str     0x000000000000172f      0x11e CMakeFiles/lab7_2.elf.dir/Core/Src/stm32f4xx_hal_timebase_tim.c.obj
                                        0xd5e (size before relaxing)
 .debug_str     0x000000000000184d      0x13c CMakeFiles/lab7_2.elf.dir/Core/Src/stm32f4xx_it.c.obj
                                        0xa30 (size before relaxing)
 .debug_str     0x0000000000001989      0x102 CMakeFiles/lab7_2.elf.dir/Core/Src/system_stm32f4xx.c.obj
                                        0x3cf (size before relaxing)
 .debug_str     0x0000000000001a8b       0x6b CMakeFiles/lab7_2.elf.dir/Core/Startup/startup_stm32f411retx.s.obj
                                         0xa7 (size before relaxing)
 .debug_str     0x0000000000001af6      0x332 CMakeFiles/lab7_2.elf.dir/Drivers/STM32F4xx_HAL_Driver/Src/stm32f4xx_hal.c.obj
                                        0xa66 (size before relaxing)
 .debug_str     0x0000000000001e28      0x444 CMakeFiles/lab7_2.elf.dir/Drivers/STM32F4xx_HAL_Driver/Src/stm32f4xx_hal_cortex.c.obj
                                        0xb1c (size before relaxing)
 .debug_str     0x000000000000226c      0x306 CMakeFiles/lab7_2.elf.dir/Drivers/STM32F4xx_HAL_Driver/Src/stm32f4xx_hal_dma.c.obj
                                        0x7be (size before relaxing)
 .debug_str     0x0000000000002572      0x12e CMakeFiles/lab7_2.elf.dir/Drivers/STM32F4xx_HAL_Driver/Src/stm32f4xx_hal_gpio.c.obj
                                        0x53a (size before relaxing)
 .debug_str     0x00000000000026a0      0x195 CMakeFiles/lab7_2.elf.dir/Drivers/STM32F4xx_HAL_Driver/Src/stm32f4xx_hal_rcc.c.obj
                                        0x760 (size before relaxing)
 .debug_str     0x0000000000002835      0xf04 CMakeFiles/lab7_2.elf.dir/Drivers/STM32F4xx_HAL_Driver/Src/stm32f4xx_hal_tim.c.obj
                                       0x1737 (size before relaxing)
 .debug_str     0x0000000000003739      0x585 CMakeFiles/lab7_2.elf.dir/Drivers/STM32F4xx_HAL_Driver/Src/stm32f4xx_hal_tim_ex.c.obj
                                        0xf53 (size before relaxing)
 .debug_str     0x0000000000003cbe      0x5cd CMakeFiles/lab7_2.elf.dir/Drivers/STM32F4xx_HAL_Driver/Src/stm32f4xx_hal_uart.c.obj
                                        0xda1 (size before relaxing)
 .debug_str     0x000000000000428b     0x13dc CMakeFiles/lab7_2.elf.dir/Middlewares/Third_Party/FreeRTOS/Source/CMSIS_RTOS_V2/cmsis_os2.c.obj
                                       0x20b2 (size before relaxing)
 .debug_str     0x0000000000005667      0x160 CMakeFiles/lab7_2.elf.dir/Middlewares/Third_Party/FreeRTOS/Source/list.c.obj
                                        0x34a (size before relaxing)
 .debug_str     0x00000000000057c7      0x254 CMakeFiles/lab7_2.elf.dir/Middlewares/Third_Party/FreeRTOS/Source/portable/GCC/ARM_CM4F/port.c.obj
                                        0x4ca (size before relaxing)
 .debug_str     0x0000000000005a1b      0x2f2 CMakeFiles/lab7_2.elf.dir/Middlewares/Third_Party/FreeRTOS/Source/portable/MemMang/heap_4.c.obj
                                        0x563 (size before relaxing)
 .debug_str     0x0000000000005d0d      0x649 CMakeFiles/lab7_2.elf.dir/Middlewares/Third_Party/FreeRTOS/Source/queue.c.obj
                                        0xd60 (size before relaxing)
 .debug_str     0x0000000000006356      0x8fe CMakeFiles/lab7_2.elf.dir/Middlewares/Third_Party/FreeRTOS/Source/tasks.c.obj
                                       0x132f (size before relaxing)
 .debug_str     0x0000000000006c54      0x4fa CMakeFiles/lab7_2.elf.dir/Middlewares/Third_Party/FreeRTOS/Source/timers.c.obj
                                        0xc90 (size before relaxing)

.comment        0x0000000000000000       0x40
 .comment       0x0000000000000000       0x40 CMakeFiles/lab7_2.elf.dir/Core/Src/main.c.obj
                                         0x41 (size before relaxing)
 .comment       0x0000000000000040       0x41 CMakeFiles/lab7_2.elf.dir/Core/Src/stm32f4xx_hal_msp.c.obj
 .comment       0x0000000000000040       0x41 CMakeFiles/lab7_2.elf.dir/Core/Src/stm32f4xx_hal_timebase_tim.c.obj
 .comment       0x0000000000000040       0x41 CMakeFiles/lab7_2.elf.dir/Core/Src/stm32f4xx_it.c.obj