Archive member included to satisfy reference by file (symbol)

/Applications/ArmGNUToolchain/12.2.rel1/arm-none-eabi/bin/../lib/gcc/arm-none-eabi/12.2.1/thumb/v7e-m/nofp/libgcc.a(_aeabi_uldivmod.o)
                              CMakeFiles/lab3_2.elf.dir/Drivers/STM32F4xx_HAL_Driver/Src/stm32f4xx_hal_rcc.c.obj (__aeabi_uldivmod)
/Applications/ArmGNUToolchain/12.2.rel1/arm-none-eabi/bin/../lib/gcc/arm-none-eabi/12.2.1/thumb/v7e-m/nofp/libgcc.a(_udivmoddi4.o)
                              /Applications/ArmGNUToolchain/12.2.rel1/arm-none-eabi/bin/../lib/gcc/arm-none-eabi/12.2.1/thumb/v7e-m/nofp/libgcc.a(_aeabi_uldivmod.o) (__udivmoddi4)
/Applications/ArmGNUToolchain/12.2.rel1/arm-none-eabi/bin/../lib/gcc/arm-none-eabi/12.2.1/thumb/v7e-m/nofp/libgcc.a(_dvmd_tls.o)
                              /Applications/ArmGNUToolchain/12.2.rel1/arm-none-eabi/bin/../lib/gcc/arm-none-eabi/12.2.1/thumb/v7e-m/nofp/libgcc.a(_aeabi_uldivmod.o) (__aeabi_ldiv0)
/Applications/ArmGNUToolchain/12.2.rel1/arm-none-eabi/bin/../lib/gcc/arm-none-eabi/12.2.1/../../../../arm-none-eabi/lib/thumb/v7e-m/nofp/libg.a(libc_a-exit.o)
                              /Applications/ArmGNUToolchain/12.2.rel1/arm-none-eabi/bin/../lib/gcc/arm-none-eabi/12.2.1/../../../../arm-none-eabi/lib/thumb/v7e-m/nofp/crt0.o (exit)
/Applications/ArmGNUToolchain/12.2.rel1/arm-none-eabi/bin/../lib/gcc/arm-none-eabi/12.2.1/../../../../arm-none-eabi/lib/thumb/v7e-m/nofp/libg.a(libc_a-findfp.o)
                              /Applications/ArmGNUToolchain/12.2.rel1/arm-none-eabi/bin/../lib/gcc/arm-none-eabi/12.2.1/../../../../arm-none-eabi/lib/thumb/v7e-m/nofp/libg.a(libc_a-exit.o) (__stdio_exit_handler)
/Applications/ArmGNUToolchain/12.2.rel1/arm-none-eabi/bin/../lib/gcc/arm-none-eabi/12.2.1/../../../../arm-none-eabi/lib/thumb/v7e-m/nofp/libg.a(libc_a-fwalk.o)
                              /Applications/ArmGNUToolchain/12.2.rel1/arm-none-eabi/bin/../lib/gcc/arm-none-eabi/12.2.1/../../../../arm-none-eabi/lib/thumb/v7e-m/nofp/libg.a(libc_a-findfp.o) (_fwalk_sglue)
/Applications/ArmGNUToolchain/12.2.rel1/arm-none-eabi/bin/../lib/gcc/arm-none-eabi/12.2.1/../../../../arm-none-eabi/lib/thumb/v7e-m/nofp/libg.a(libc_a-memset.o)
                              /Applications/ArmGNUToolchain/12.2.rel1/arm-none-eabi/bin/../lib/gcc/arm-none-eabi/12.2.1/../../../../arm-none-eabi/lib/thumb/v7e-m/nofp/crt0.o (memset)
/Applications/ArmGNUToolchain/12.2.rel1/arm-none-eabi/bin/../lib/gcc/arm-none-eabi/12.2.1/../../../../arm-none-eabi/lib/thumb/v7e-m/nofp/libg.a(libc_a-impure.o)
                              /Applications/ArmGNUToolchain/12.2.rel1/arm-none-eabi/bin/../lib/gcc/arm-none-eabi/12.2.1/../../../../arm-none-eabi/lib/thumb/v7e-m/nofp/libg.a(libc_a-findfp.o) (_impure_data)
/Applications/ArmGNUToolchain/12.2.rel1/arm-none-eabi/bin/../lib/gcc/arm-none-eabi/12.2.1/../../../../arm-none-eabi/lib/thumb/v7e-m/nofp/libg.a(libc_a-errno.o)
                              CMakeFiles/lab3_2.elf.dir/Core/Src/syscalls.c.obj (__errno)
/Applications/ArmGNUToolchain/12.2.rel1/arm-none-eabi/bin/../lib/gcc/arm-none-eabi/12.2.1/../../../../arm-none-eabi/lib/thumb/v7e-m/nofp/libg.a(libc_a-init.o)
                              /Applications/ArmGNUToolchain/12.2.rel1/arm-none-eabi/bin/../lib/gcc/arm-none-eabi/12.2.1/../../../../arm-none-eabi/lib/thumb/v7e-m/nofp/crt0.o (__libc_init_array)
/Applications/ArmGNUToolchain/12.2.rel1/arm-none-eabi/bin/../lib/gcc/arm-none-eabi/12.2.1/../../../../arm-none-eabi/lib/thumb/v7e-m/nofp/libg.a(libc_a-lock.o)
                              /Applications/ArmGNUToolchain/12.2.rel1/arm-none-eabi/bin/../lib/gcc/arm-none-eabi/12.2.1/../../../../arm-none-eabi/lib/thumb/v7e-m/nofp/libg.a(libc_a-findfp.o) (__retarget_lock_init_recursive)
/Applications/ArmGNUToolchain/12.2.rel1/arm-none-eabi/bin/../lib/gcc/arm-none-eabi/12.2.1/../../../../arm-none-eabi/lib/thumb/v7e-m/nofp/libg.a(libc_a-__call_atexit.o)
                              /Applications/ArmGNUToolchain/12.2.rel1/arm-none-eabi/bin/../lib/gcc/arm-none-eabi/12.2.1/../../../../arm-none-eabi/lib/thumb/v7e-m/nofp/libg.a(libc_a-exit.o) (__call_exitprocs)
/Applications/ArmGNUToolchain/12.2.rel1/arm-none-eabi/bin/../lib/gcc/arm-none-eabi/12.2.1/../../../../arm-none-eabi/lib/thumb/v7e-m/nofp/libg.a(libc_a-atexit.o)
                              /Applications/ArmGNUToolchain/12.2.rel1/arm-none-eabi/bin/../lib/gcc/arm-none-eabi/12.2.1/../../../../arm-none-eabi/lib/thumb/v7e-m/nofp/libg.a(libc_a-__call_atexit.o) (atexit)
/Applications/ArmGNUToolchain/12.2.rel1/arm-none-eabi/bin/../lib/gcc/arm-none-eabi/12.2.1/../../../../arm-none-eabi/lib/thumb/v7e-m/nofp/libg.a(libc_a-mallocr.o)
                              /Applications/ArmGNUToolchain/12.2.rel1/arm-none-eabi/bin/../lib/gcc/arm-none-eabi/12.2.1/../../../../arm-none-eabi/lib/thumb/v7e-m/nofp/libg.a(libc_a-findfp.o) (_malloc_r)
/Applications/ArmGNUToolchain/12.2.rel1/arm-none-eabi/bin/../lib/gcc/arm-none-eabi/12.2.1/../../../../arm-none-eabi/lib/thumb/v7e-m/nofp/libg.a(libc_a-mlock.o)
[...]
Memory Configuration

Name             Origin             Length             Attributes
RAM              0x0000000020000000 0x0000000000020000 xrw
FLASH            0x0000000008000000 0x0000000000080000 xr
*default*        0x0000000000000000 0xffffffffffffffff

Linker script and memory map

LOAD /Applications/ArmGNUToolchain/12.2.rel1/arm-none-eabi/bin/../lib/gcc/arm-none-eabi/12.2.1/thumb/v7e-m/nofp/crti.o
LOAD /Applications/ArmGNUToolchain/12.2.rel1/arm-none-eabi/bin/../lib/gcc/arm-none-eabi/12.2.1/thumb/v7e-m/nofp/crtbegin.o
LOAD /Applications/ArmGNUToolchain/12.2.rel1/arm-none-eabi/bin/../lib/gcc/arm-none-eabi/12.2.1/../../../../arm-none-eabi/lib/thumb/v7e-m/nofp/crt0.o
LOAD CMakeFiles/lab3_2.elf.dir/Core/Src/main.c.obj
LOAD CMakeFiles/lab3_2.elf.dir/Core/Src/stm32f4xx_hal_msp.c.obj
LOAD CMakeFiles/lab3_2.elf.dir/Core/Src/stm32f4xx_it.c.obj
LOAD CMakeFiles/lab3_2.elf.dir/Core/Src/syscalls.c.obj
LOAD CMakeFiles/lab3_2.elf.dir/Core/Src/sysmem.c.obj
LOAD CMakeFiles/lab3_2.elf.dir/Core/Src/system_stm32f4xx.c.obj
LOAD CMakeFiles/lab3_2.elf.dir/Core/Startup/startup_stm32f411retx.s.obj
LOAD CMakeFiles/lab3_2.elf.dir/Drivers/STM32F4xx_HAL_Driver/Src/stm32f4xx_hal.c.obj
LOAD CMakeFiles/lab3_2.elf.dir/Drivers/STM32F4xx_HAL_Driver/Src/stm32f4xx_hal_cortex.c.obj
LOAD CMakeFiles/lab3_2.elf.dir/Drivers/STM32F4xx_HAL_Driver/Src/stm32f4xx_hal_dma.c.obj
LOAD CMakeFiles/lab3_2.elf.dir/Drivers/STM32F4xx_HAL_Driver/Src/stm32f4xx_hal_dma_ex.c.obj
LOAD CMakeFiles/lab3_2.elf.dir/Drivers/STM32F4xx_HAL_Driver/Src/stm32f4xx_hal_exti.c.obj
LOAD CMakeFiles/lab3_2.elf.dir/Drivers/STM32F4xx_HAL_Driver/Src/stm32f4xx_hal_flash.c.obj
LOAD CMakeFiles/lab3_2.elf.dir/Drivers/STM32F4xx_HAL_Driver/Src/stm32f4xx_hal_flash_ex.c.obj
LOAD CMakeFiles/lab3_2.elf.dir/Drivers/STM32F4xx_HAL_Driver/Src/stm32f4xx_hal_flash_ramfunc.c.obj
LOAD CMakeFiles/lab3_2.elf.dir/Drivers/STM32F4xx_HAL_Driver/Src/stm32f4xx_hal_gpio.c.obj
LOAD CMakeFiles/lab3_2.elf.dir/Drivers/STM32F4xx_HAL_Driver/Src/stm32f4xx_hal_pwr.c.obj
LOAD CMakeFiles/lab3_2.elf.dir/Drivers/STM32F4xx_HAL_Driver/Src/stm32f4xx_hal_pwr_ex.c.obj
LOAD CMakeFiles/lab3_2.elf.dir/Drivers/STM32F4xx_HAL_Driver/Src/stm32f4xx_hal_rcc.c.obj
LOAD CMakeFiles/lab3_2.elf.dir/Drivers/STM32F4xx_HAL_Driver/Src/stm32f4xx_hal_rcc_ex.c.obj
LOAD CMakeFiles/lab3_2.elf.dir/Drivers/STM32F4xx_HAL_Driver/Src/stm32f4xx_hal_tim.c.obj
LOAD CMakeFiles/lab3_2.elf.dir/Drivers/STM32F4xx_HAL_Driver/Src/stm32f4xx_hal_tim_ex.c.obj
LOAD CMakeFiles/lab3_2.elf.dir/Drivers/STM32F4xx_HAL_Driver/Src/stm32f4xx_hal_uart.c.obj
START GROUP
LOAD /Applications/ArmGNUToolchain/12.2.rel1/arm-none-eabi/bin/../lib/gcc/arm-none-eabi/12.2.1/thumb/v7e-m/nofp/libgcc.a
LOAD /Applications/ArmGNUToolchain/12.2.rel1/arm-none-eabi/bin/../lib/gcc/arm-none-eabi/12.2.1/../../../../arm-none-eabi/lib/thumb/v7e-m/nofp/libg.a
LOAD /Applications/ArmGNUToolchain/12.2.rel1/arm-none-eabi/bin/../lib/gcc/arm-none-eabi/12.2.1/../../../../arm-none-eabi/lib/thumb/v7e-m/nofp/libc.a
END GROUP
LOAD /Applications/ArmGNUToolchain/12.2.rel1/arm-none-eabi/bin/../lib/gcc/arm-none-eabi/12.2.1/thumb/v7e-m/nofp/crtend.o
LOAD /Applications/ArmGNUToolchain/12.2.rel1/arm-none-eabi/bin/../lib/gcc/arm-none-eabi/12.2.1/thumb/v7e-m/nofp/crtn.o
                0x0000000020020000                _estack = (ORIGIN (RAM) + LENGTH (RAM))
                0x0000000000000200                _Min_Heap_Size = 0x200
                0x0000000000000400                _Min_Stack_Size = 0x400

.isr_vector     0x0000000008000000      0x198
                0x0000000008000000                . = ALIGN (0x4)
 *(.isr_vector)
 .isr_vector    0x0000000008000000      0x198 CMakeFiles/lab3_2.elf.dir/Core/Startup/startup_stm32f411retx.s.obj
                0x0000000008000000                g_pfnVectors
                0x0000000008000198                . = ALIGN (0x4)

.text           0x0000000008000198     0x1b80
                0x0000000008000198                . = ALIGN (0x4)
 *(.text)
 .text          0x0000000008000198       0x30 /Applications/ArmGNUToolchain/12.2.rel1/arm-none-eabi/bin/../lib/gcc/arm-none-eabi/12.2.1/thumb/v7e-m/nofp/libgcc.a(_aeabi_uldivmod.o)
                0x0000000008000198                __aeabi_uldivmod
 .text          0x00000000080001c8        0x4 /Applications/ArmGNUToolchain/12.2.rel1/arm-none-eabi/bin/../lib/gcc/arm-none-eabi/12.2.1/thumb/v7e-m/nofp/libgcc.a(_dvmd_tls.o)
                0x00000000080001c8                __aeabi_ldiv0
                0x00000000080001c8                __aeabi_idiv0
 *(.text*)
 .text.deregister_tm_clones
                0x00000000080001cc       0x1c /Applications/ArmGNUToolchain/12.2.rel1/arm-none-eabi/bin/../lib/gcc/arm-none-eabi/12.2.1/thumb/v7e-m/nofp/crtbegin.o
 .text.register_tm_clones
                0x00000000080001e8       0x24 /Applications/ArmGNUToolchain/12.2.rel1/arm-none-eabi/bin/../lib/gcc/arm-none-eabi/12.2.1/thumb/v7e-m/nofp/crtbegin.o
 .text.__do_global_dtors_aux
                0x000000000800020c       0x28 /Applications/ArmGNUToolchain/12.2.rel1/arm-none-eabi/bin/../lib/gcc/arm-none-eabi/12.2.1/thumb/v7e-m/nofp/crtbegin.o
 .text.frame_dummy
                0x0000000008000234       0x24 /Applications/ArmGNUToolchain/12.2.rel1/arm-none-eabi/bin/../lib/gcc/arm-none-eabi/12.2.1/thumb/v7e-m/nofp/crtbegin.o
 .text.MX_GPIO_Init
                0x0000000008000258       0xa8 CMakeFiles/lab3_2.elf.dir/Core/Src/main.c.obj
 .text.Error_Handler
                0x0000000008000300        0x4 CMakeFiles/lab3_2.elf.dir/Core/Src/main.c.obj
                0x0000000008000300                Error_Handler
 .text.MX_USART2_UART_Init
                0x0000000008000304       0x34 CMakeFiles/lab3_2.elf.dir/Core/Src/main.c.obj
 .text.MX_TIM4_Init
                0x0000000008000338       0xa8 CMakeFiles/lab3_2.elf.dir/Core/Src/main.c.obj
 .text.SystemClock_Config
                0x00000000080003e0       0xa4 CMakeFiles/lab3_2.elf.dir/Core/Src/main.c.obj
                0x00000000080003e0                SystemClock_Config
 .text.main     0x0000000008000484       0x24 CMakeFiles/lab3_2.elf.dir/Core/Src/main.c.obj
                0x0000000008000484                main
 .text.HAL_MspInit
                0x00000000080004a8       0x40 CMakeFiles/lab3_2.elf.dir/Core/Src/stm32f4xx_hal_msp.c.obj
                0x00000000080004a8                HAL_MspInit
 .text.HAL_TIM_Base_MspInit
                0x00000000080004e8       0x30 CMakeFiles/lab3_2.elf.dir/Core/Src/stm32f4xx_hal_msp.c.obj
                0x00000000080004e8                HAL_TIM_Base_MspInit
 .text.HAL_TIM_MspPostInit
                0x0000000008000518       0x58 CMakeFiles/lab3_2.elf.dir/Core/Src/stm32f4xx_hal_msp.c.obj
                0x0000000008000518                HAL_TIM_MspPostInit
 .text.HAL_UART_MspInit
                0x0000000008000570       0x70 CMakeFiles/lab3_2.elf.dir/Core/Src/stm32f4xx_hal_msp.c.obj
                0x0000000008000570                HAL_UART_MspInit
 .text.NMI_Handler
                0x00000000080005e0        0x2 CMakeFiles/lab3_2.elf.dir/Core/Src/stm32f4xx_it.c.obj
                0x00000000080005e0                NMI_Handler
 .text.HardFault_Handler
                0x00000000080005e2        0x2 CMakeFiles/lab3_2.elf.dir/Core/Src/stm32f4xx_it.c.obj
                0x00000000080005e2                HardFault_Handler
 .text.MemManage_Handler
                0x00000000080005e4        0x2 CMakeFiles/lab3_2.elf.dir/Core/Src/stm32f4xx_it.c.obj
                0x00000000080005e4                MemManage_Handler
 .text.BusFault_Handler
                0x00000000080005e6        0x2 CMakeFiles/lab3_2.elf.dir/Core/Src/stm32f4xx_it.c.obj
                0x00000000080005e6                BusFault_Handler
 .text.UsageFault_Handler
                0x00000000080005e8        0x2 CMakeFiles/lab3_2.elf.dir/Core/Src/stm32f4xx_it.c.obj
                0x00000000080005e8                UsageFault_Handler
 .text.SVC_Handler
                0x00000000080005ea        0x2 CMakeFiles/lab3_2.elf.dir/Core/Src/stm32f4xx_it.c.obj
                0x00000000080005ea                SVC_Handler
 .text.DebugMon_Handler
                0x00000000080005ec        0x2 CMakeFiles/lab3_2.elf.dir/Core/Src/stm32f4xx_it.c.obj
                0x00000000080005ec                DebugMon_Handler
 .text.PendSV_Handler
                0x00000000080005ee        0x2 CMakeFiles/lab3_2.elf.dir/Core/Src/stm32f4xx_it.c.obj
                0x00000000080005ee                PendSV_Handler
 .text.SysTick_Handler
                0x00000000080005f0        0x8 CMakeFiles/lab3_2.elf.dir/Core/Src/stm32f4xx_it.c.obj
                0x00000000080005f0                SysTick_Handler
 .text.SystemInit
                0x00000000080005f8        0x2 CMakeFiles/lab3_2.elf.dir/Core/Src/system_stm32f4xx.c.obj
                0x00000000080005f8                SystemInit
 *fill*         0x00000000080005fa        0x2 
 .text.Reset_Handler
                0x00000000080005fc       0x50 CMakeFiles/lab3_2.elf.dir/Core/Startup/startup_stm32f411retx.s.obj
                0x00000000080005fc                Reset_Handler
 .text.Default_Handler
                0x000000000800064c        0x2 CMakeFiles/lab3_2.elf.dir/Core/Startup/startup_stm32f411retx.s.obj
                0x000000000800064c                DMA1_Stream3_IRQHandler
                0x000000000800064c                EXTI2_IRQHandler
                0x000000000800064c                SPI4_IRQHandler
                0x000000000800064c                TIM1_CC_IRQHandler
                0x000000000800064c                DMA2_Stream5_IRQHandler
                0x000000000800064c                DMA1_Stream5_IRQHandler
                0x000000000800064c                PVD_IRQHandler
                0x000000000800064c                SDIO_IRQHandler
                0x000000000800064c                TAMP_STAMP_IRQHandler
                0x000000000800064c                EXTI3_IRQHandler
                0x000000000800064c                TIM1_UP_TIM10_IRQHandler
                0x000000000800064c                I2C3_ER_IRQHandler
                0x000000000800064c                EXTI0_IRQHandler
                0x000000000800064c                I2C2_EV_IRQHandler
                0x000000000800064c                DMA1_Stream2_IRQHandler
                0x000000000800064c                FPU_IRQHandler
                0x000000000800064c                DMA2_Stream2_IRQHandler
                0x000000000800064c                SPI1_IRQHandler
                0x000000000800064c                TIM1_BRK_TIM9_IRQHandler
                0x000000000800064c                DMA2_Stream3_IRQHandler
                0x000000000800064c                USART6_IRQHandler
                0x000000000800064c                DMA2_Stream0_IRQHandler
                0x000000000800064c                TIM4_IRQHandler
                0x000000000800064c                I2C1_EV_IRQHandler
                0x000000000800064c                DMA1_Stream6_IRQHandler
                0x000000000800064c                DMA1_Stream1_IRQHandler
                0x000000000800064c                TIM3_IRQHandler
                0x000000000800064c                RCC_IRQHandler
                0x000000000800064c                Default_Handler
                0x000000000800064c                EXTI15_10_IRQHandler
                0x000000000800064c                ADC_IRQHandler
                0x000000000800064c                DMA1_Stream7_IRQHandler
                0x000000000800064c                SPI5_IRQHandler
                0x000000000800064c                TIM5_IRQHandler
                0x000000000800064c                DMA2_Stream7_IRQHandler
                0x000000000800064c                I2C3_EV_IRQHandler
                0x000000000800064c                EXTI9_5_IRQHandler
                0x000000000800064c                RTC_WKUP_IRQHandler
                0x000000000800064c                SPI2_IRQHandler
                0x000000000800064c                DMA1_Stream0_IRQHandler
                0x000000000800064c                EXTI4_IRQHandler
                0x000000000800064c                WWDG_IRQHandler
                0x000000000800064c                TIM2_IRQHandler
                0x000000000800064c                OTG_FS_WKUP_IRQHandler
                0x000000000800064c                TIM1_TRG_COM_TIM11_IRQHandler
                0x000000000800064c                EXTI1_IRQHandler
                0x000000000800064c                USART2_IRQHandler
                0x000000000800064c                I2C2_ER_IRQHandler
                0x000000000800064c                DMA2_Stream1_IRQHandler
                0x000000000800064c                FLASH_IRQHandler
                0x000000000800064c                DMA2_Stream4_IRQHandler
                0x000000000800064c                USART1_IRQHandler
                0x000000000800064c                OTG_FS_IRQHandler
                0x000000000800064c                SPI3_IRQHandler
                0x000000000800064c                DMA1_Stream4_IRQHandler
                0x000000000800064c                I2C1_ER_IRQHandler
                0x000000000800064c                DMA2_Stream6_IRQHandler
                0x000000000800064c                RTC_Alarm_IRQHandler
 *fill*         0x000000000800064e        0x2 
 .text.HAL_InitTick
                0x0000000008000650       0x4c CMakeFiles/lab3_2.elf.dir/Drivers/STM32F4xx_HAL_Driver/Src/stm32f4xx_hal.c.obj
                0x0000000008000650                HAL_InitTick
 .text.HAL_Init
                0x000000000800069c       0x34 CMakeFiles/lab3_2.elf.dir/Drivers/STM32F4xx_HAL_Driver/Src/stm32f4xx_hal.c.obj
                0x000000000800069c                HAL_Init
 .text.HAL_IncTick
                0x00000000080006d0       0x18 CMakeFiles/lab3_2.elf.dir/Drivers/STM32F4xx_HAL_Driver/Src/stm32f4xx_hal.c.obj
                0x00000000080006d0                HAL_IncTick
 .text.HAL_GetTick
                0x00000000080006e8        0xc CMakeFiles/lab3_2.elf.dir/Drivers/STM32F4xx_HAL_Driver/Src/stm32f4xx_hal.c.obj
                0x00000000080006e8                HAL_GetTick
 .text.__NVIC_SetPriority
                0x00000000080006f4       0x28 CMakeFiles/lab3_2.elf.dir/Drivers/STM32F4xx_HAL_Driver/Src/stm32f4xx_hal_cortex.c.obj
 .text.NVIC_EncodePriority
                0x000000000800071c       0x3e CMakeFiles/lab3_2.elf.dir/Drivers/STM32F4xx_HAL_Driver/Src/stm32f4xx_hal_cortex.c.obj
 *fill*         0x000000000800075a        0x2 
 .text.HAL_NVIC_SetPriorityGrouping
                0x000000000800075c       0x24 CMakeFiles/lab3_2.elf.dir/Drivers/STM32F4xx_HAL_Driver/Src/stm32f4xx_hal_cortex.c.obj
                0x000000000800075c                HAL_NVIC_SetPriorityGrouping
 .text.HAL_NVIC_SetPriority
                0x0000000008000780       0x20 CMakeFiles/lab3_2.elf.dir/Drivers/STM32F4xx_HAL_Driver/Src/stm32f4xx_hal_cortex.c.obj
                0x0000000008000780                HAL_NVIC_SetPriority
 .text.HAL_SYSTICK_Config
                0x00000000080007a0       0x28 CMakeFiles/lab3_2.elf.dir/Drivers/STM32F4xx_HAL_Driver/Src/stm32f4xx_hal_cortex.c.obj
                0x00000000080007a0                HAL_SYSTICK_Config
 .text.HAL_GPIO_Init
                0x00000000080007c8      0x1d0 CMakeFiles/lab3_2.elf.dir/Drivers/STM32F4xx_HAL_Driver/Src/stm32f4xx_hal_gpio.c.obj
                0x00000000080007c8                HAL_GPIO_Init
 .text.HAL_GPIO_WritePin
                0x0000000008000998        0xc CMakeFiles/lab3_2.elf.dir/Drivers/STM32F4xx_HAL_Driver/Src/stm32f4xx_hal_gpio.c.obj
                0x0000000008000998                HAL_GPIO_WritePin
 .text.HAL_RCC_OscConfig
                0x00000000080009a4      0x3f8 CMakeFiles/lab3_2.elf.dir/Drivers/STM32F4xx_HAL_Driver/Src/stm32f4xx_hal_rcc.c.obj
                0x00000000080009a4                HAL_RCC_OscConfig
 .text.HAL_RCC_GetSysClockFreq
                0x0000000008000d9c       0xdc CMakeFiles/lab3_2.elf.dir/Drivers/STM32F4xx_HAL_Driver/Src/stm32f4xx_hal_rcc.c.obj
                0x0000000008000d9c                HAL_RCC_GetSysClockFreq
 .text.HAL_RCC_ClockConfig
                0x0000000008000e78      0x160 CMakeFiles/lab3_2.elf.dir/Drivers/STM32F4xx_HAL_Driver/Src/stm32f4xx_hal_rcc.c.obj
                0x0000000008000e78                HAL_RCC_ClockConfig
 .text.HAL_RCC_GetHCLKFreq
                0x0000000008000fd8        0xc CMakeFiles/lab3_2.elf.dir/Drivers/STM32F4xx_HAL_Driver/Src/stm32f4xx_hal_rcc.c.obj
                0x0000000008000fd8                HAL_RCC_GetHCLKFreq
 .text.HAL_RCC_GetPCLK1Freq
                0x0000000008000fe4       0x20 CMakeFiles/lab3_2.elf.dir/Drivers/STM32F4xx_HAL_Driver/Src/stm32f4xx_hal_rcc.c.obj
                0x0000000008000fe4                HAL_RCC_GetPCLK1Freq
 .text.HAL_RCC_GetPCLK2Freq
                0x0000000008001004       0x20 CMakeFiles/lab3_2.elf.dir/Drivers/STM32F4xx_HAL_Driver/Src/stm32f4xx_hal_rcc.c.obj
                0x0000000008001004                HAL_RCC_GetPCLK2Freq
 .text.TIM_OC1_SetConfig
                0x0000000008001024       0x54 CMakeFiles/lab3_2.elf.dir/Drivers/STM32F4xx_HAL_Driver/Src/stm32f4xx_hal_tim.c.obj
 .text.TIM_OC3_SetConfig
                0x0000000008001078       0x5c CMakeFiles/lab3_2.elf.dir/Drivers/STM32F4xx_HAL_Driver/Src/stm32f4xx_hal_tim.c.obj
 .text.TIM_OC4_SetConfig
                0x00000000080010d4       0x48 CMakeFiles/lab3_2.elf.dir/Drivers/STM32F4xx_HAL_Driver/Src/stm32f4xx_hal_tim.c.obj
 .text.TIM_TI1_ConfigInputStage
                0x000000000800111c       0x24 CMakeFiles/lab3_2.elf.dir/Drivers/STM32F4xx_HAL_Driver/Src/stm32f4xx_hal_tim.c.obj
 .text.TIM_TI2_ConfigInputStage
                0x0000000008001140       0x26 CMakeFiles/lab3_2.elf.dir/Drivers/STM32F4xx_HAL_Driver/Src/stm32f4xx_hal_tim.c.obj
 .text.TIM_ITRx_SetConfig
                0x0000000008001166       0x10 CMakeFiles/lab3_2.elf.dir/Drivers/STM32F4xx_HAL_Driver/Src/stm32f4xx_hal_tim.c.obj
 .text.HAL_TIM_PWM_MspInit
                0x0000000008001176        0x2 CMakeFiles/lab3_2.elf.dir/Drivers/STM32F4xx_HAL_Driver/Src/stm32f4xx_hal_tim.c.obj
                0x0000000008001176                HAL_TIM_PWM_MspInit
 .text.TIM_Base_SetConfig
                0x0000000008001178       0x9c CMakeFiles/lab3_2.elf.dir/Drivers/STM32F4xx_HAL_Driver/Src/stm32f4xx_hal_tim.c.obj
                0x0000000008001178                TIM_Base_SetConfig
 .text.HAL_TIM_Base_Init
                0x0000000008001214       0x58 CMakeFiles/lab3_2.elf.dir/Drivers/STM32F4xx_HAL_Driver/Src/stm32f4xx_hal_tim.c.obj
                0x0000000008001214                HAL_TIM_Base_Init
 .text.HAL_TIM_PWM_Init
                0x000000000800126c       0x58 CMakeFiles/lab3_2.elf.dir/Drivers/STM32F4xx_HAL_Driver/Src/stm32f4xx_hal_tim.c.obj
                0x000000000800126c                HAL_TIM_PWM_Init
 .text.TIM_OC2_SetConfig
                0x00000000080012c4       0x5c CMakeFiles/lab3_2.elf.dir/Drivers/STM32F4xx_HAL_Driver/Src/stm32f4xx_hal_tim.c.obj
                0x00000000080012c4                TIM_OC2_SetConfig
 .text.HAL_TIM_PWM_ConfigChannel
                0x0000000008001320       0xdc CMakeFiles/lab3_2.elf.dir/Drivers/STM32F4xx_HAL_Driver/Src/stm32f4xx_hal_tim.c.obj
                0x0000000008001320                HAL_TIM_PWM_ConfigChannel
 .text.TIM_ETR_SetConfig
                0x00000000080013fc       0x18 CMakeFiles/lab3_2.elf.dir/Drivers/STM32F4xx_HAL_Driver/Src/stm32f4xx_hal_tim.c.obj
                0x00000000080013fc                TIM_ETR_SetConfig
 .text.HAL_TIM_ConfigClockSource
                0x0000000008001414       0xfe CMakeFiles/lab3_2.elf.dir/Drivers/STM32F4xx_HAL_Driver/Src/stm32f4xx_hal_tim.c.obj
                0x0000000008001414                HAL_TIM_ConfigClockSource
 .text.TIM_CCxChannelCmd
                0x0000000008001512       0x1e CMakeFiles/lab3_2.elf.dir/Drivers/STM32F4xx_HAL_Driver/Src/stm32f4xx_hal_tim.c.obj
                0x0000000008001512                TIM_CCxChannelCmd
 .text.HAL_TIM_PWM_Start_IT
                0x0000000008001530      0x15c CMakeFiles/lab3_2.elf.dir/Drivers/STM32F4xx_HAL_Driver/Src/stm32f4xx_hal_tim.c.obj
                0x0000000008001530                HAL_TIM_PWM_Start_IT
 .text.HAL_TIMEx_MasterConfigSynchronization
                0x000000000800168c       0x7c CMakeFiles/lab3_2.elf.dir/Drivers/STM32F4xx_HAL_Driver/Src/stm32f4xx_hal_tim_ex.c.obj
                0x000000000800168c                HAL_TIMEx_MasterConfigSynchronization
 .text.UART_SetConfig
                0x0000000008001708      0x110 CMakeFiles/lab3_2.elf.dir/Drivers/STM32F4xx_HAL_Driver/Src/stm32f4xx_hal_uart.c.obj
 .text.HAL_UART_Init
                0x0000000008001818       0x5e CMakeFiles/lab3_2.elf.dir/Drivers/STM32F4xx_HAL_Driver/Src/stm32f4xx_hal_uart.c.obj
                0x0000000008001818                HAL_UART_Init
 *fill*         0x0000000008001876        0x2 
 .text.__udivmoddi4
                0x0000000008001878      0x2bc /Applications/ArmGNUToolchain/12.2.rel1/arm-none-eabi/bin/../lib/gcc/arm-none-eabi/12.2.1/thumb/v7e-m/nofp/libgcc.a(_udivmoddi4.o)
                0x0000000008001878                __udivmoddi4
 .text.memset   0x0000000008001b34       0xa4 /Applications/ArmGNUToolchain/12.2.rel1/arm-none-eabi/bin/../lib/gcc/arm-none-eabi/12.2.1/../../../../arm-none-eabi/lib/thumb/v7e-m/nofp/libg.a(libc_a-memset.o)
                0x0000000008001b34                memset
 .text.__libc_init_array
                0x0000000008001bd8       0x50 /Applications/ArmGNUToolchain/12.2.rel1/arm-none-eabi/bin/../lib/gcc/arm-none-eabi/12.2.1/../../../../arm-none-eabi/lib/thumb/v7e-m/nofp/libg.a(libc_a-init.o)
                0x0000000008001bd8                __libc_init_array
 .text.__retarget_lock_acquire_recursive
                0x0000000008001c28        0x4 /Applications/ArmGNUToolchain/12.2.rel1/arm-none-eabi/bin/../lib/gcc/arm-none-eabi/12.2.1/../../../../arm-none-eabi/lib/thumb/v7e-m/nofp/libg.a(libc_a-lock.o)
                0x0000000008001c28                __retarget_lock_acquire_recursive
 .text.__retarget_lock_release_recursive
                0x0000000008001c2c        0x4 /Applications/ArmGNUToolchain/12.2.rel1/arm-none-eabi/bin/../lib/gcc/arm-none-eabi/12.2.1/../../../../arm-none-eabi/lib/thumb/v7e-m/nofp/libg.a(libc_a-lock.o)
                0x0000000008001c2c                __retarget_lock_release_recursive
 .text.startup.register_fini
                0x0000000008001c30       0x14 /Applications/ArmGNUToolchain/12.2.rel1/arm-none-eabi/bin/../lib/gcc/arm-none-eabi/12.2.1/../../../../arm-none-eabi/lib/thumb/v7e-m/nofp/libg.a(libc_a-__call_atexit.o)
 .text.atexit   0x0000000008001c44        0xc /Applications/ArmGNUToolchain/12.2.rel1/arm-none-eabi/bin/../lib/gcc/arm-none-eabi/12.2.1/../../../../arm-none-eabi/lib/thumb/v7e-m/nofp/libg.a(libc_a-atexit.o)
                0x0000000008001c44                atexit
 .text.__libc_fini_array
                0x0000000008001c50       0x28 /Applications/ArmGNUToolchain/12.2.rel1/arm-none-eabi/bin/../lib/gcc/arm-none-eabi/12.2.1/../../../../arm-none-eabi/lib/thumb/v7e-m/nofp/libg.a(libc_a-fini.o)
                0x0000000008001c50                __libc_fini_array
 .text.__register_exitproc
                0x0000000008001c78       0x88 /Applications/ArmGNUToolchain/12.2.rel1/arm-none-eabi/bin/../lib/gcc/arm-none-eabi/12.2.1/../../../../arm-none-eabi/lib/thumb/v7e-m/nofp/libg.a(libc_a-__atexit.o)
                0x0000000008001c78                __register_exitproc
 *(.glue_7)
 .glue_7        0x0000000008001d00        0x0 linker stubs
 *(.glue_7t)
 .glue_7t       0x0000000008001d00        0x0 linker stubs
 *(.eh_frame)
 .eh_frame      0x0000000008001d00        0x0 /Applications/ArmGNUToolchain/12.2.rel1/arm-none-eabi/bin/../lib/gcc/arm-none-eabi/12.2.1/thumb/v7e-m/nofp/crtbegin.o
 *(.init)
 .init          0x0000000008001d00        0x4 /Applications/ArmGNUToolchain/12.2.rel1/arm-none-eabi/bin/../lib/gcc/arm-none-eabi/12.2.1/thumb/v7e-m/nofp/crti.o
                0x0000000008001d00                _init
 .init          0x0000000008001d04        0x8 /Applications/ArmGNUToolchain/12.2.rel1/arm-none-eabi/bin/../lib/gcc/arm-none-eabi/12.2.1/thumb/v7e-m/nofp/crtn.o
 *(.fini)
 .fini          0x0000000008001d0c        0x4 /Applications/ArmGNUToolchain/12.2.rel1/arm-none-eabi/bin/../lib/gcc/arm-none-eabi/12.2.1/thumb/v7e-m/nofp/crti.o
                0x0000000008001d0c                _fini
 .fini          0x0000000008001d10        0x8 /Applications/ArmGNUToolchain/12.2.rel1/arm-none-eabi/bin/../lib/gcc/arm-none-eabi/12.2.1/thumb/v7e-m/nofp/crtn.o
                0x0000000008001d18                . = ALIGN (0x4)
                0x0000000008001d18                _etext = .

.vfp11_veneer   0x0000000008001d18        0x0
 .vfp11_veneer  0x0000000008001d18        0x0 linker stubs

.v4_bx          0x0000000008001d18        0x0
 .v4_bx         0x0000000008001d18        0x0 linker stubs

.iplt           0x0000000008001d18        0x0
 .iplt          0x0000000008001d18        0x0 /Applications/ArmGNUToolchain/12.2.rel1/arm-none-eabi/bin/../lib/gcc/arm-none-eabi/12.2.1/thumb/v7e-m/nofp/crtbegin.o

.rodata         0x0000000008001d18       0x18
                0x0000000008001d18                . = ALIGN (0x4)
 *(.rodata)
 *(.rodata*)
 .rodata.APBPrescTable
                0x0000000008001d18        0x8 CMakeFiles/lab3_2.elf.dir/Core/Src/system_stm32f4xx.c.obj
                0x0000000008001d18                APBPrescTable
 .rodata.AHBPrescTable
                0x0000000008001d20       0x10 CMakeFiles/lab3_2.elf.dir/Core/Src/system_stm32f4xx.c.obj
                0x0000000008001d20                AHBPrescTable
                0x0000000008001d30                . = ALIGN (0x4)

.ARM.extab      0x0000000008001d30        0x0
                0x0000000008001d30                . = ALIGN (0x4)
 *(.ARM.extab* .gnu.linkonce.armextab.*)
                0x0000000008001d30                . = ALIGN (0x4)

.ARM            0x0000000008001d30        0x8
                0x0000000008001d30                . = ALIGN (0x4)
                0x0000000008001d30                __exidx_start = .
 *(.ARM.exidx*)
 .ARM.exidx.text.__udivmoddi4
                0x0000000008001d30        0x8 /Applications/ArmGNUToolchain/12.2.rel1/arm-none-eabi/bin/../lib/gcc/arm-none-eabi/12.2.1/thumb/v7e-m/nofp/libgcc.a(_udivmoddi4.o)
                0x0000000008001d38                __exidx_end = .
                0x0000000008001d38                . = ALIGN (0x4)

.rel.dyn        0x0000000008001d38        0x0
 .rel.iplt      0x0000000008001d38        0x0 /Applications/ArmGNUToolchain/12.2.rel1/arm-none-eabi/bin/../lib/gcc/arm-none-eabi/12.2.1/thumb/v7e-m/nofp/crtbegin.o

.preinit_array  0x0000000008001d38        0x0
                0x0000000008001d38                . = ALIGN (0x4)
                0x0000000008001d38                PROVIDE (__preinit_array_start = .)
 *(.preinit_array*)
                0x0000000008001d38                PROVIDE (__preinit_array_end = .)
                0x0000000008001d38                . = ALIGN (0x4)

.init_array     0x0000000008001d38        0x8
                0x0000000008001d38                . = ALIGN (0x4)
                0x0000000008001d38                PROVIDE (__init_array_start = .)
 *(SORT_BY_NAME(.init_array.*))
 .init_array.00000
                0x0000000008001d38        0x4 /Applications/ArmGNUToolchain/12.2.rel1/arm-none-eabi/bin/../lib/gcc/arm-none-eabi/12.2.1/../../../../arm-none-eabi/lib/thumb/v7e-m/nofp/libg.a(libc_a-__call_atexit.o)
 *(.init_array*)
 .init_array    0x0000000008001d3c        0x4 /Applications/ArmGNUToolchain/12.2.rel1/arm-none-eabi/bin/../lib/gcc/arm-none-eabi/12.2.1/thumb/v7e-m/nofp/crtbegin.o
                0x0000000008001d40                PROVIDE (__init_array_end = .)
                0x0000000008001d40                . = ALIGN (0x4)

.fini_array     0x0000000008001d40        0x4
                0x0000000008001d40                . = ALIGN (0x4)
                0x0000000008001d40                PROVIDE (__fini_array_start = .)
 *(SORT_BY_NAME(.fini_array.*))
 *(.fini_array*)
 .fini_array    0x0000000008001d40        0x4 /Applications/ArmGNUToolchain/12.2.rel1/arm-none-eabi/bin/../lib/gcc/arm-none-eabi/12.2.1/thumb/v7e-m/nofp/crtbegin.o
                0x0000000008001d44                PROVIDE (__fini_array_end = .)
                0x0000000008001d44                . = ALIGN (0x4)
                0x0000000008001d44                _sidata = LOADADDR (.data)

.data           0x0000000020000000       0x10 load address 0x0000000008001d44
                0x0000000020000000                . = ALIGN (0x4)
                0x0000000020000000                _sdata = .
 *(.data)
 *(.data*)
 .data.SystemCoreClock
                0x0000000020000000        0x4 CMakeFiles/lab3_2.elf.dir/Core/Src/system_stm32f4xx.c.obj
                0x0000000020000000                SystemCoreClock
 .data.uwTickFreq
                0x0000000020000004        0x1 CMakeFiles/lab3_2.elf.dir/Drivers/STM32F4xx_HAL_Driver/Src/stm32f4xx_hal.c.obj
                0x0000000020000004                uwTickFreq
 *fill*         0x0000000020000005        0x3 
 .data.uwTickPrio
                0x0000000020000008        0x4 CMakeFiles/lab3_2.elf.dir/Drivers/STM32F4xx_HAL_Driver/Src/stm32f4xx_hal.c.obj
                0x0000000020000008                uwTickPrio
 .data.__atexit_recursive_mutex
                0x000000002000000c        0x4 /Applications/ArmGNUToolchain/12.2.rel1/arm-none-eabi/bin/../lib/gcc/arm-none-eabi/12.2.1/../../../../arm-none-eabi/lib/thumb/v7e-m/nofp/libg.a(libc_a-__call_atexit.o)
                0x000000002000000c                __atexit_recursive_mutex
 *(.RamFunc)
 *(.RamFunc*)
                0x0000000020000010                . = ALIGN (0x4)
                0x0000000020000010                _edata = .

.tm_clone_table
                0x0000000020000010        0x0 load address 0x0000000008001d54
 .tm_clone_table
                0x0000000020000010        0x0 /Applications/ArmGNUToolchain/12.2.rel1/arm-none-eabi/bin/../lib/gcc/arm-none-eabi/12.2.1/thumb/v7e-m/nofp/crtbegin.o
 .tm_clone_table
                0x0000000020000010        0x0 /Applications/ArmGNUToolchain/12.2.rel1/arm-none-eabi/bin/../lib/gcc/arm-none-eabi/12.2.1/thumb/v7e-m/nofp/crtend.o

.igot.plt       0x0000000020000010        0x0 load address 0x0000000008001d54
 .igot.plt      0x0000000020000010        0x0 /Applications/ArmGNUToolchain/12.2.rel1/arm-none-eabi/bin/../lib/gcc/arm-none-eabi/12.2.1/thumb/v7e-m/nofp/crtbegin.o
                0x0000000020000010                . = ALIGN (0x4)

.bss            0x0000000020000010      0x244 load address 0x0000000008001d54
                0x0000000020000010                _sbss = .
                0x0000000020000010                __bss_start__ = _sbss
 *(.bss)
 *(.bss*)
 .bss.completed.1
                0x0000000020000010        0x1 /Applications/ArmGNUToolchain/12.2.rel1/arm-none-eabi/bin/../lib/gcc/arm-none-eabi/12.2.1/thumb/v7e-m/nofp/crtbegin.o
 *fill*         0x0000000020000011        0x3 
 .bss.object.0  0x0000000020000014       0x18 /Applications/ArmGNUToolchain/12.2.rel1/arm-none-eabi/bin/../lib/gcc/arm-none-eabi/12.2.1/thumb/v7e-m/nofp/crtbegin.o
 .bss.huart2    0x000000002000002c       0x44 CMakeFiles/lab3_2.elf.dir/Core/Src/main.c.obj
                0x000000002000002c                huart2
 .bss.htim4     0x0000000020000070       0x48 CMakeFiles/lab3_2.elf.dir/Core/Src/main.c.obj
                0x0000000020000070                htim4
 .bss.uwTick    0x00000000200000b8        0x4 CMakeFiles/lab3_2.elf.dir/Drivers/STM32F4xx_HAL_Driver/Src/stm32f4xx_hal.c.obj
                0x00000000200000b8                uwTick
 .bss.__lock___atexit_recursive_mutex
                0x00000000200000bc        0x1 /Applications/ArmGNUToolchain/12.2.rel1/arm-none-eabi/bin/../lib/gcc/arm-none-eabi/12.2.1/../../../../arm-none-eabi/lib/thumb/v7e-m/nofp/libg.a(libc_a-lock.o)
                0x00000000200000bc                __lock___atexit_recursive_mutex
 *fill*         0x00000000200000bd        0x3 
 .bss.__atexit  0x00000000200000c0        0x4 /Applications/ArmGNUToolchain/12.2.rel1/arm-none-eabi/bin/../lib/gcc/arm-none-eabi/12.2.1/../../../../arm-none-eabi/lib/thumb/v7e-m/nofp/libg.a(libc_a-__call_atexit.o)
                0x00000000200000c0                __atexit
 .bss.__atexit0
                0x00000000200000c4      0x190 /Applications/ArmGNUToolchain/12.2.rel1/arm-none-eabi/bin/../lib/gcc/arm-none-eabi/12.2.1/../../../../arm-none-eabi/lib/thumb/v7e-m/nofp/libg.a(libc_a-__atexit.o)
                0x00000000200000c4                __atexit0
 *(COMMON)
                0x0000000020000254                . = ALIGN (0x4)
                0x0000000020000254                _ebss = .
                0x0000000020000254                __bss_end__ = _ebss

._user_heap_stack
                0x0000000020000254      0x604 load address 0x0000000008001d54
                0x0000000020000258                . = ALIGN (0x8)
 *fill*         0x0000000020000254        0x4 
                [!provide]                        PROVIDE (end = .)
                0x0000000020000258                PROVIDE (_end = .)
                0x0000000020000458                . = (. + _Min_Heap_Size)
 *fill*         0x0000000020000258      0x200 
                0x0000000020000858                . = (. + _Min_Stack_Size)
 *fill*         0x0000000020000458      0x400 
                0x0000000020000858                . = ALIGN (0x8)

/DISCARD/
 libc.a(*)
 libm.a(*)
 libgcc.a(*)

.ARM.attributes
                0x0000000000000000       0x2a
 *(.ARM.attributes)
 .ARM.attributes
                0x0000000000000000       0x1e /Applications/ArmGNUToolchain/12.2.rel1/arm-none-eabi/bin/../lib/gcc/arm-none-eabi/12.2.1/thumb/v7e-m/nofp/crti.o
 .ARM.attributes
                0x000000000000001e       0x2e /Applications/ArmGNUToolchain/12.2.rel1/arm-none-eabi/bin/../lib/gcc/arm-none-eabi/12.2.1/thumb/v7e-m/nofp/crtbegin.o
 .ARM.attributes
                0x000000000000004c       0x2e CMakeFiles/lab3_2.elf.dir/Core/Src/main.c.obj
 .ARM.attributes
                0x000000000000007a       0x2e CMakeFiles/lab3_2.elf.dir/Core/Src/stm32f4xx_hal_msp.c.obj
 .ARM.attributes
                0x00000000000000a8       0x2e CMakeFiles/lab3_2.elf.dir/Core/Src/stm32f4xx_it.c.obj
 .ARM.attributes
                0x00000000000000d6       0x2e CMakeFiles/lab3_2.elf.dir/Core/Src/system_stm32f4xx.c.obj
 .ARM.attributes
                0x0000000000000104       0x21 CMakeFiles/lab3_2.elf.dir/Core/Startup/startup_stm32f411retx.s.obj
 .ARM.attributes
                0x0000000000000125       0x2e CMakeFiles/lab3_2.elf.dir/Drivers/STM32F4xx_HAL_Driver/Src/stm32f4xx_hal.c.obj
 .ARM.attributes
                0x0000000000000153       0x2e CMakeFiles/lab3_2.elf.dir/Drivers/STM32F4xx_HAL_Driver/Src/stm32f4xx_hal_cortex.c.obj
 .ARM.attributes
                0x0000000000000181       0x2e CMakeFiles/lab3_2.elf.dir/Drivers/STM32F4xx_HAL_Driver/Src/stm32f4xx_hal_gpio.c.obj
 .ARM.attributes
                0x00000000000001af       0x2e CMakeFiles/lab3_2.elf.dir/Drivers/STM32F4xx_HAL_Driver/Src/stm32f4xx_hal_rcc.c.obj
 .ARM.attributes
                0x00000000000001dd       0x2e CMakeFiles/lab3_2.elf.dir/Drivers/STM32F4xx_HAL_Driver/Src/stm32f4xx_hal_tim.c.obj
 .ARM.attributes
                0x000000000000020b       0x2e CMakeFiles/lab3_2.elf.dir/Drivers/STM32F4xx_HAL_Driver/Src/stm32f4xx_hal_tim_ex.c.obj
 .ARM.attributes
                0x0000000000000239       0x2e CMakeFiles/lab3_2.elf.dir/Drivers/STM32F4xx_HAL_Driver/Src/stm32f4xx_hal_uart.c.obj
 .ARM.attributes
                0x0000000000000267       0x1e /Applications/ArmGNUToolchain/12.2.rel1/arm-none-eabi/bin/../lib/gcc/arm-none-eabi/12.2.1/thumb/v7e-m/nofp/libgcc.a(_aeabi_uldivmod.o)
 .ARM.attributes
                0x0000000000000285       0x2e /Applications/ArmGNUToolchain/12.2.rel1/arm-none-eabi/bin/../lib/gcc/arm-none-eabi/12.2.1/thumb/v7e-m/nofp/libgcc.a(_udivmoddi4.o)
 .ARM.attributes
                0x00000000000002b3       0x1e /Applications/ArmGNUToolchain/12.2.rel1/arm-none-eabi/bin/../lib/gcc/arm-none-eabi/12.2.1/thumb/v7e-m/nofp/libgcc.a(_dvmd_tls.o)
 .ARM.attributes
                0x00000000000002d1       0x2e /Applications/ArmGNUToolchain/12.2.rel1/arm-none-eabi/bin/../lib/gcc/arm-none-eabi/12.2.1/../../../../arm-none-eabi/lib/thumb/v7e-m/nofp/libg.a(libc_a-memset.o)
 .ARM.attributes
                0x00000000000002ff       0x2e /Applications/ArmGNUToolchain/12.2.rel1/arm-none-eabi/bin/../lib/gcc/arm-none-eabi/12.2.1/../../../../arm-none-eabi/lib/thumb/v7e-m/nofp/libg.a(libc_a-init.o)
 .ARM.attributes
                0x000000000000032d       0x2e /Applications/ArmGNUToolchain/12.2.rel1/arm-none-eabi/bin/../lib/gcc/arm-none-eabi/12.2.1/../../../../arm-none-eabi/lib/thumb/v7e-m/nofp/libg.a(libc_a-lock.o)
 .ARM.attributes
                0x000000000000035b       0x2e /Applications/ArmGNUToolchain/12.2.rel1/arm-none-eabi/bin/../lib/gcc/arm-none-eabi/12.2.1/../../../../arm-none-eabi/lib/thumb/v7e-m/nofp/libg.a(libc_a-__call_atexit.o)
 .ARM.attributes
                0x0000000000000389       0x2e /Applications/ArmGNUToolchain/12.2.rel1/arm-none-eabi/bin/../lib/gcc/arm-none-eabi/12.2.1/../../../../arm-none-eabi/lib/thumb/v7e-m/nofp/libg.a(libc_a-atexit.o)
 .ARM.attributes
                0x00000000000003b7       0x2e /Applications/ArmGNUToolchain/12.2.rel1/arm-none-eabi/bin/../lib/gcc/arm-none-eabi/12.2.1/../../../../arm-none-eabi/lib/thumb/v7e-m/nofp/libg.a(libc_a-fini.o)
 .ARM.attributes
                0x00000000000003e5       0x2e /Applications/ArmGNUToolchain/12.2.rel1/arm-none-eabi/bin/../lib/gcc/arm-none-eabi/12.2.1/../../../../arm-none-eabi/lib/thumb/v7e-m/nofp/libg.a(libc_a-__atexit.o)
 .ARM.attributes
                0x0000000000000413       0x2e /Applications/ArmGNUToolchain/12.2.rel1/arm-none-eabi/bin/../lib/gcc/arm-none-eabi/12.2.1/thumb/v7e-m/nofp/crtend.o
 .ARM.attributes
                0x0000000000000441       0x1e /Applications/ArmGNUToolchain/12.2.rel1/arm-none-eabi/bin/../lib/gcc/arm-none-eabi/12.2.1/thumb/v7e-m/nofp/crtn.o
OUTPUT(lab3_2.elf elf32-littlearm)
LOAD linker stubs
LOAD /Applications/ArmGNUToolchain/12.2.rel1/arm-none-eabi/bin/../lib/gcc/arm-none-eabi/12.2.1/../../../../arm-none-eabi/lib/thumb/v7e-m/nofp/libc.a
LOAD /Applications/ArmGNUToolchain/12.2.rel1/arm-none-eabi/bin/../lib/gcc/arm-none-eabi/12.2.1/../../../../arm-none-eabi/lib/thumb/v7e-m/nofp/libm.a
LOAD /Applications/ArmGNUToolchain/12.2.rel1/arm-none-eabi/bin/../lib/gcc/arm-none-eabi/12.2.1/thumb/v7e-m/nofp/libgcc.a

.debug_info     0x0000000000000000     0xe64d
 .debug_info    0x0000000000000000     0x1348 CMakeFiles/lab3_2.elf.dir/Core/Src/main.c.obj
 .debug_info    0x0000000000001348      0xd8d CMakeFiles/lab3_2.elf.dir/Core/Src/stm32f4xx_hal_msp.c.obj
 .debug_info    0x00000000000020d5      0x11c CMakeFiles/lab3_2.elf.dir/Core/Src/stm32f4xx_it.c.obj
 .debug_info    0x00000000000021f1      0x35c CMakeFiles/lab3_2.elf.dir/Core/Src/system_stm32f4xx.c.obj
 .debug_info    0x000000000000254d       0x2e CMakeFiles/lab3_2.elf.dir/Core/Startup/startup_stm32f411retx.s.obj
 .debug_info    0x000000000000257b      0x962 CMakeFiles/lab3_2.elf.dir/Drivers/STM32F4xx_HAL_Driver/Src/stm32f4xx_hal.c.obj
 .debug_info    0x0000000000002edd      0xeed CMakeFiles/lab3_2.elf.dir/Drivers/STM32F4xx_HAL_Driver/Src/stm32f4xx_hal_cortex.c.obj
 .debug_info    0x0000000000003dca      0x73a CMakeFiles/lab3_2.elf.dir/Drivers/STM32F4xx_HAL_Driver/Src/stm32f4xx_hal_gpio.c.obj
 .debug_info    0x0000000000004504      0xab0 CMakeFiles/lab3_2.elf.dir/Drivers/STM32F4xx_HAL_Driver/Src/stm32f4xx_hal_rcc.c.obj
 .debug_info    0x0000000000004fb4     0x3b72 CMakeFiles/lab3_2.elf.dir/Drivers/STM32F4xx_HAL_Driver/Src/stm32f4xx_hal_tim.c.obj
 .debug_info    0x0000000000008b26     0x1a94 CMakeFiles/lab3_2.elf.dir/Drivers/STM32F4xx_HAL_Driver/Src/stm32f4xx_hal_tim_ex.c.obj
 .debug_info    0x000000000000a5ba     0x4093 CMakeFiles/lab3_2.elf.dir/Drivers/STM32F4xx_HAL_Driver/Src/stm32f4xx_hal_uart.c.obj

.debug_abbrev   0x0000000000000000     0x194b
 .debug_abbrev  0x0000000000000000      0x28d CMakeFiles/lab3_2.elf.dir/Core/Src/main.c.obj
 .debug_abbrev  0x000000000000028d      0x1f9 CMakeFiles/lab3_2.elf.dir/Core/Src/stm32f4xx_hal_msp.c.obj
 .debug_abbrev  0x0000000000000486       0x7c CMakeFiles/lab3_2.elf.dir/Core/Src/stm32f4xx_it.c.obj
 .debug_abbrev  0x0000000000000502      0x120 CMakeFiles/lab3_2.elf.dir/Core/Src/system_stm32f4xx.c.obj
 .debug_abbrev  0x0000000000000622       0x1d CMakeFiles/lab3_2.elf.dir/Core/Startup/startup_stm32f411retx.s.obj
 .debug_abbrev  0x000000000000063f      0x277 CMakeFiles/lab3_2.elf.dir/Drivers/STM32F4xx_HAL_Driver/Src/stm32f4xx_hal.c.obj
 .debug_abbrev  0x00000000000008b6      0x39b CMakeFiles/lab3_2.elf.dir/Drivers/STM32F4xx_HAL_Driver/Src/stm32f4xx_hal_cortex.c.obj
 .debug_abbrev  0x0000000000000c51      0x201 CMakeFiles/lab3_2.elf.dir/Drivers/STM32F4xx_HAL_Driver/Src/stm32f4xx_hal_gpio.c.obj
 .debug_abbrev  0x0000000000000e52      0x2c5 CMakeFiles/lab3_2.elf.dir/Drivers/STM32F4xx_HAL_Driver/Src/stm32f4xx_hal_rcc.c.obj
 .debug_abbrev  0x0000000000001117      0x27d CMakeFiles/lab3_2.elf.dir/Drivers/STM32F4xx_HAL_Driver/Src/stm32f4xx_hal_tim.c.obj
 .debug_abbrev  0x0000000000001394      0x27b CMakeFiles/lab3_2.elf.dir/Drivers/STM32F4xx_HAL_Driver/Src/stm32f4xx_hal_tim_ex.c.obj
 .debug_abbrev  0x000000000000160f      0x33c CMakeFiles/lab3_2.elf.dir/Drivers/STM32F4xx_HAL_Driver/Src/stm32f4xx_hal_uart.c.obj

.debug_loclists
                0x0000000000000000     0x7ec6
 .debug_loclists
                0x0000000000000000       0x34 CMakeFiles/lab3_2.elf.dir/Core/Src/main.c.obj
 .debug_loclists
                0x0000000000000034       0x84 CMakeFiles/lab3_2.elf.dir/Core/Src/stm32f4xx_hal_msp.c.obj
 .debug_loclists
                0x00000000000000b8       0xdb CMakeFiles/lab3_2.elf.dir/Core/Src/system_stm32f4xx.c.obj
 .debug_loclists
                0x0000000000000193       0xc9 CMakeFiles/lab3_2.elf.dir/Drivers/STM32F4xx_HAL_Driver/Src/stm32f4xx_hal.c.obj
 .debug_loclists
                0x000000000000025c      0x439 CMakeFiles/lab3_2.elf.dir/Drivers/STM32F4xx_HAL_Driver/Src/stm32f4xx_hal_cortex.c.obj
 .debug_loclists
                0x0000000000000695      0x356 CMakeFiles/lab3_2.elf.dir/Drivers/STM32F4xx_HAL_Driver/Src/stm32f4xx_hal_gpio.c.obj
 .debug_loclists
                0x00000000000009eb      0x3a9 CMakeFiles/lab3_2.elf.dir/Drivers/STM32F4xx_HAL_Driver/Src/stm32f4xx_hal_rcc.c.obj
 .debug_loclists
                0x0000000000000d94     0x332a CMakeFiles/lab3_2.elf.dir/Drivers/STM32F4xx_HAL_Driver/Src/stm32f4xx_hal_tim.c.obj
 .debug_loclists
                0x00000000000040be     0x124b CMakeFiles/lab3_2.elf.dir/Drivers/STM32F4xx_HAL_Driver/Src/stm32f4xx_hal_tim_ex.c.obj
 .debug_loclists
                0x0000000000005309     0x2bbd CMakeFiles/lab3_2.elf.dir/Drivers/STM32F4xx_HAL_Driver/Src/stm32f4xx_hal_uart.c.obj

.debug_aranges  0x0000000000000000      0xb28
 .debug_aranges
                0x0000000000000000       0x50 CMakeFiles/lab3_2.elf.dir/Core/Src/main.c.obj
 .debug_aranges
                0x0000000000000050       0x48 CMakeFiles/lab3_2.elf.dir/Core/Src/stm32f4xx_hal_msp.c.obj
 .debug_aranges
                0x0000000000000098       0x60 CMakeFiles/lab3_2.elf.dir/Core/Src/stm32f4xx_it.c.obj
 .debug_aranges
                0x00000000000000f8       0x28 CMakeFiles/lab3_2.elf.dir/Core/Src/system_stm32f4xx.c.obj
 .debug_aranges
                0x0000000000000120       0x28 CMakeFiles/lab3_2.elf.dir/Core/Startup/startup_stm32f411retx.s.obj
 .debug_aranges
                0x0000000000000148       0xf0 CMakeFiles/lab3_2.elf.dir/Drivers/STM32F4xx_HAL_Driver/Src/stm32f4xx_hal.c.obj
 .debug_aranges
                0x0000000000000238       0xd8 CMakeFiles/lab3_2.elf.dir/Drivers/STM32F4xx_HAL_Driver/Src/stm32f4xx_hal_cortex.c.obj
 .debug_aranges
                0x0000000000000310       0x58 CMakeFiles/lab3_2.elf.dir/Drivers/STM32F4xx_HAL_Driver/Src/stm32f4xx_hal_gpio.c.obj
 .debug_aranges
                0x0000000000000368       0x88 CMakeFiles/lab3_2.elf.dir/Drivers/STM32F4xx_HAL_Driver/Src/stm32f4xx_hal_rcc.c.obj
 .debug_aranges
                0x00000000000003f0      0x3d0 CMakeFiles/lab3_2.elf.dir/Drivers/STM32F4xx_HAL_Driver/Src/stm32f4xx_hal_tim.c.obj
 .debug_aranges
                0x00000000000007c0      0x168 CMakeFiles/lab3_2.elf.dir/Drivers/STM32F4xx_HAL_Driver/Src/stm32f4xx_hal_tim_ex.c.obj
 .debug_aranges
                0x0000000000000928      0x200 CMakeFiles/lab3_2.elf.dir/Drivers/STM32F4xx_HAL_Driver/Src/stm32f4xx_hal_uart.c.obj

.debug_rnglists
                0x0000000000000000      0x895
 .debug_rnglists
                0x0000000000000000       0x3a CMakeFiles/lab3_2.elf.dir/Core/Src/main.c.obj
 .debug_rnglists
                0x000000000000003a       0x31 CMakeFiles/lab3_2.elf.dir/Core/Src/stm32f4xx_hal_msp.c.obj
 .debug_rnglists
                0x000000000000006b       0x43 CMakeFiles/lab3_2.elf.dir/Core/Src/stm32f4xx_it.c.obj
 .debug_rnglists
                0x00000000000000ae       0x1a CMakeFiles/lab3_2.elf.dir/Core/Src/system_stm32f4xx.c.obj
 .debug_rnglists
                0x00000000000000c8       0x19 CMakeFiles/lab3_2.elf.dir/Core/Startup/startup_stm32f411retx.s.obj
 .debug_rnglists
                0x00000000000000e1       0xaf CMakeFiles/lab3_2.elf.dir/Drivers/STM32F4xx_HAL_Driver/Src/stm32f4xx_hal.c.obj
 .debug_rnglists
                0x0000000000000190       0x9d CMakeFiles/lab3_2.elf.dir/Drivers/STM32F4xx_HAL_Driver/Src/stm32f4xx_hal_cortex.c.obj
 .debug_rnglists
                0x000000000000022d       0x3f CMakeFiles/lab3_2.elf.dir/Drivers/STM32F4xx_HAL_Driver/Src/stm32f4xx_hal_gpio.c.obj
 .debug_rnglists
                0x000000000000026c       0x75 CMakeFiles/lab3_2.elf.dir/Drivers/STM32F4xx_HAL_Driver/Src/stm32f4xx_hal_rcc.c.obj
 .debug_rnglists
                0x00000000000002e1      0x2ff CMakeFiles/lab3_2.elf.dir/Drivers/STM32F4xx_HAL_Driver/Src/stm32f4xx_hal_tim.c.obj
 .debug_rnglists
                0x00000000000005e0      0x11a CMakeFiles/lab3_2.elf.dir/Drivers/STM32F4xx_HAL_Driver/Src/stm32f4xx_hal_tim_ex.c.obj
 .debug_rnglists
                0x00000000000006fa      0x19b CMakeFiles/lab3_2.elf.dir/Drivers/STM32F4xx_HAL_Driver/Src/stm32f4xx_hal_uart.c.obj

.debug_line     0x0000000000000000     0xe118
 .debug_line    0x0000000000000000      0x6a3 CMakeFiles/lab3_2.elf.dir/Core/Src/main.c.obj
 .debug_line    0x00000000000006a3      0x414 CMakeFiles/lab3_2.elf.dir/Core/Src/stm32f4xx_hal_msp.c.obj
 .debug_line    0x0000000000000ab7      0x1f7 CMakeFiles/lab3_2.elf.dir/Core/Src/stm32f4xx_it.c.obj
 .debug_line    0x0000000000000cae      0x2a9 CMakeFiles/lab3_2.elf.dir/Core/Src/system_stm32f4xx.c.obj
 .debug_line    0x0000000000000f57       0x7a CMakeFiles/lab3_2.elf.dir/Core/Startup/startup_stm32f411retx.s.obj
 .debug_line    0x0000000000000fd1      0x671 CMakeFiles/lab3_2.elf.dir/Drivers/STM32F4xx_HAL_Driver/Src/stm32f4xx_hal.c.obj
 .debug_line    0x0000000000001642      0x91c CMakeFiles/lab3_2.elf.dir/Drivers/STM32F4xx_HAL_Driver/Src/stm32f4xx_hal_cortex.c.obj
 .debug_line    0x0000000000001f5e      0x76a CMakeFiles/lab3_2.elf.dir/Drivers/STM32F4xx_HAL_Driver/Src/stm32f4xx_hal_gpio.c.obj
 .debug_line    0x00000000000026c8      0xbce CMakeFiles/lab3_2.elf.dir/Drivers/STM32F4xx_HAL_Driver/Src/stm32f4xx_hal_rcc.c.obj
 .debug_line    0x0000000000003296     0x4a0e CMakeFiles/lab3_2.elf.dir/Drivers/STM32F4xx_HAL_Driver/Src/stm32f4xx_hal_tim.c.obj
 .debug_line    0x0000000000007ca4     0x1d8e CMakeFiles/lab3_2.elf.dir/Drivers/STM32F4xx_HAL_Driver/Src/stm32f4xx_hal_tim_ex.c.obj
 .debug_line    0x0000000000009a32     0x46e6 CMakeFiles/lab3_2.elf.dir/Drivers/STM32F4xx_HAL_Driver/Src/stm32f4xx_hal_uart.c.obj

.debug_str      0x0000000000000000     0x3a22
 .debug_str     0x0000000000000000      0xdf6 CMakeFiles/lab3_2.elf.dir/Core/Src/main.c.obj
                                        0xed5 (size before relaxing)
 .debug_str     0x0000000000000df6       0xf6 CMakeFiles/lab3_2.elf.dir/Core/Src/stm32f4xx_hal_msp.c.obj
                                        0xb67 (size before relaxing)
 .debug_str     0x0000000000000eec       0xf4 CMakeFiles/lab3_2.elf.dir/Core/Src/stm32f4xx_it.c.obj
                                        0x291 (size before relaxing)
 .debug_str     0x0000000000000fe0       0xc4 CMakeFiles/lab3_2.elf.dir/Core/Src/system_stm32f4xx.c.obj
                                        0x395 (size before relaxing)
 .debug_str     0x00000000000010a4       0x81 CMakeFiles/lab3_2.elf.dir/Core/Startup/startup_stm32f411retx.s.obj
                                         0xd3 (size before relaxing)
 .debug_str     0x0000000000001125      0x724 CMakeFiles/lab3_2.elf.dir/Drivers/STM32F4xx_HAL_Driver/Src/stm32f4xx_hal.c.obj
                                        0xa80 (size before relaxing)
 .debug_str     0x0000000000001849      0x4e5 CMakeFiles/lab3_2.elf.dir/Drivers/STM32F4xx_HAL_Driver/Src/stm32f4xx_hal_cortex.c.obj
                                        0xb36 (size before relaxing)
 .debug_str     0x0000000000001d2e      0x157 CMakeFiles/lab3_2.elf.dir/Drivers/STM32F4xx_HAL_Driver/Src/stm32f4xx_hal_gpio.c.obj
                                        0x554 (size before relaxing)
 .debug_str     0x0000000000001e85      0x1e1 CMakeFiles/lab3_2.elf.dir/Drivers/STM32F4xx_HAL_Driver/Src/stm32f4xx_hal_rcc.c.obj
                                        0x77a (size before relaxing)
 .debug_str     0x0000000000002066      0xe38 CMakeFiles/lab3_2.elf.dir/Drivers/STM32F4xx_HAL_Driver/Src/stm32f4xx_hal_tim.c.obj
                                       0x1751 (size before relaxing)
 .debug_str     0x0000000000002e9e      0x52b CMakeFiles/lab3_2.elf.dir/Drivers/STM32F4xx_HAL_Driver/Src/stm32f4xx_hal_tim_ex.c.obj
                                        0xf6d (size before relaxing)
 .debug_str     0x00000000000033c9      0x659 CMakeFiles/lab3_2.elf.dir/Drivers/STM32F4xx_HAL_Driver/Src/stm32f4xx_hal_uart.c.obj
                                        0xdbb (size before relaxing)

.comment        0x0000000000000000       0x40
 .comment       0x0000000000000000       0x40 CMakeFiles/lab3_2.elf.dir/Core/Src/main.c.obj
                                         0x41 (size before relaxing)
 .comment       0x0000000000000040       0x41 CMakeFiles/lab3_2.elf.dir/Core/Src/stm32f4xx_hal_msp.c.obj
 .comment       0x0000000000000040       0x41 CMakeFiles/lab3_2.elf.dir/Core/Src/stm32f4xx_it.c.obj
 .comment       0x0000000000000040       0x41 CMakeFiles/lab3_2.elf.dir/Core/Src/system_stm32f4xx.c.obj
 .comment       0x0000000000000040       0x41 CMakeFiles/lab3_2.elf.dir/Drivers/STM32F4xx_HAL_Driver/Src/stm32f4xx_hal.c.obj
 .comment       0x0000000000000040       0x41 CMakeFiles/lab3_2.elf.dir/Drivers/STM32F4xx_HAL_Driver/Src/stm32f4xx_hal_cortex.c.obj
 .comment       0x0000000000000040       0x41 CMakeFiles/lab3_2.elf.dir/Drivers/STM32F4xx_HAL_Driver/Src/stm32f4xx_hal_gpio.c.obj
 .comment       0x0000000000000040       0x41 CMakeFiles/lab3_2.elf.dir/Drivers/STM32F4xx_HAL_Driver/Src/stm32f4xx_hal_rcc.c.obj
 .comment       0x0000000000000040       0x41 CMakeFiles/lab3_2.elf.dir/Drivers/STM32F4xx_HAL_Driver/Src/stm32f4xx_hal_tim.c.obj
 .comment       0x0000000000000040       0x41 CMakeFiles/lab3_2.elf.dir/Drivers/STM32F4xx_HAL_Driver/Src/stm32f4xx_hal_tim_ex.c.obj
 .comment       0x0000000000000040       0x41 CMakeFiles/lab3_2.elf.dir/Drivers/STM32F4xx_HAL_Driver/Src/stm32f4xx_hal_uart.c.obj

.debug_frame    0x0000000000000000     0x1f74
 .debug_frame   0x0000000000000000       0xc8 CMakeFiles/lab3_2.elf.dir/Core/Src/main.c.obj
 .debug_frame   0x00000000000000c8       0xac CMakeFiles/lab3_2.elf.dir/Core/Src/stm32f4xx_hal_msp.c.obj
 .debug_frame   0x0000000000000174       0xa8 CMakeFiles/lab3_2.elf.dir/Core/Src/stm32f4xx_it.c.obj
 .debug_frame   0x000000000000021c       0x30 CMakeFiles/lab3_2.elf.dir/Core/Src/system_stm32f4xx.c.obj
 .debug_frame   0x000000000000024c      0x1ec CMakeFiles/lab3_2.elf.dir/Drivers/STM32F4xx_HAL_Driver/Src/stm32f4xx_hal.c.obj
 .debug_frame   0x0000000000000438      0x1cc CMakeFiles/lab3_2.elf.dir/Drivers/STM32F4xx_HAL_Driver/Src/stm32f4xx_hal_cortex.c.obj
 .debug_frame   0x0000000000000604       0xd4 CMakeFiles/lab3_2.elf.dir/Drivers/STM32F4xx_HAL_Driver/Src/stm32f4xx_hal_gpio.c.obj
 .debug_frame   0x00000000000006d8      0x16c CMakeFiles/lab3_2.elf.dir/Drivers/STM32F4xx_HAL_Driver/Src/stm32f4xx_hal_rcc.c.obj
 .debug_frame   0x0000000000000844      0xb14 CMakeFiles/lab3_2.elf.dir/Drivers/STM32F4xx_HAL_Driver/Src/stm32f4xx_hal_tim.c.obj
 .debug_frame   0x0000000000001358      0x40c CMakeFiles/lab3_2.elf.dir/Drivers/STM32F4xx_HAL_Driver/Src/stm32f4xx_hal_tim_ex.c.obj
 .debug_frame   0x0000000000001764      0x5c4 CMakeFiles/lab3_2.elf.dir/Drivers/STM32F4xx_HAL_Driver/Src/stm32f4xx_hal_uart.c.obj
 .debug_frame   0x0000000000001d28       0x2c /Applications/ArmGNUToolchain/12.2.rel1/arm-none-eabi/bin/../lib/gcc/arm-none-eabi/12.2.1/thumb/v7e-m/nofp/libgcc.a(_aeabi_uldivmod.o)
 .debug_frame   0x0000000000001d54       0x34 /Applications/ArmGNUToolchain/12.2.rel1/arm-none-eabi/bin/../lib/gcc/arm-none-eabi/12.2.1/thumb/v7e-m/nofp/libgcc.a(_udivmoddi4.o)
 .debug_frame   0x0000000000001d88       0x2c /Applications/ArmGNUToolchain/12.2.rel1/arm-none-eabi/bin/../lib/gcc/arm-none-eabi/12.2.1/../../../../arm-none-eabi/lib/thumb/v7e-m/nofp/libg.a(libc_a-memset.o)
 .debug_frame   0x0000000000001db4       0x2c /Applications/ArmGNUToolchain/12.2.rel1/arm-none-eabi/bin/../lib/gcc/arm-none-eabi/12.2.1/../../../../arm-none-eabi/lib/thumb/v7e-m/nofp/libg.a(libc_a-init.o)
 .debug_frame   0x0000000000001de0       0xb0 /Applications/ArmGNUToolchain/12.2.rel1/arm-none-eabi/bin/../lib/gcc/arm-none-eabi/12.2.1/../../../../arm-none-eabi/lib/thumb/v7e-m/nofp/libg.a(libc_a-lock.o)
 .debug_frame   0x0000000000001e90       0x5c /Applications/ArmGNUToolchain/12.2.rel1/arm-none-eabi/bin/../lib/gcc/arm-none-eabi/12.2.1/../../../../arm-none-eabi/lib/thumb/v7e-m/nofp/libg.a(libc_a-__call_atexit.o)
 .debug_frame   0x0000000000001eec       0x20 /Applications/ArmGNUToolchain/12.2.rel1/arm-none-eabi/bin/../lib/gcc/arm-none-eabi/12.2.1/../../../../arm-none-eabi/lib/thumb/v7e-m/nofp/libg.a(libc_a-atexit.o)
 .debug_frame   0x0000000000001f0c       0x34 /Applications/ArmGNUToolchain/12.2.rel1/arm-none-eabi/bin/../lib/gcc/arm-none-eabi/12.2.1/../../../../arm-none-eabi/lib/thumb/v7e-m/nofp/libg.a(libc_a-fini.o)
 .debug_frame   0x0000000000001f40       0x34 /Applications/ArmGNUToolchain/12.2.rel1/arm-none-eabi/bin/../lib/gcc/arm-none-eabi/12.2.1/../../../../arm-none-eabi/lib/thumb/v7e-m/nofp/libg.a(libc_a-__atexit.o)

.debug_line_str
                0x0000000000000000      0x192
 .debug_line_str
                0x0000000000000000       0xb7 CMakeFiles/lab3_2.elf.dir/Core/Startup/startup_stm32f411retx.s.obj
 .debug_line_str
                0x00000000000000b7       0xcf /Applications/ArmGNUToolchain/12.2.rel1/arm-none-eabi/bin/../lib/gcc/arm-none-eabi/12.2.1/thumb/v7e-m/nofp/libgcc.a(_aeabi_uldivmod.o)
 .debug_line_str
                0x0000000000000186        0xc /Applications/ArmGNUToolchain/12.2.rel1/arm-none-eabi/bin/../lib/gcc/arm-none-eabi/12.2.1/thumb/v7e-m/nofp/libgcc.a(_dvmd_tls.o)
                                         0xd3 (size before relaxing)
