Archive member included to satisfy reference by file (symbol)

/Applications/ArmGNUToolchain/12.2.rel1/arm-none-eabi/bin/../lib/gcc/arm-none-eabi/12.2.1/thumb/v7e-m/nofp/libgcc.a(_aeabi_uldivmod.o)
                              CMakeFiles/lab4_2.elf.dir/Drivers/STM32F4xx_HAL_Driver/Src/stm32f4xx_hal_rcc.c.obj (__aeabi_uldivmod)
/Applications/ArmGNUToolchain/12.2.rel1/arm-none-eabi/bin/../lib/gcc/arm-none-eabi/12.2.1/thumb/v7e-m/nofp/libgcc.a(_udivmoddi4.o)
                              /Applications/ArmGNUToolchain/12.2.rel1/arm-none-eabi/bin/../lib/gcc/arm-none-eabi/12.2.1/thumb/v7e-m/nofp/libgcc.a(_aeabi_uldivmod.o) (__udivmoddi4)
/Applications/ArmGNUToolchain/12.2.rel1/arm-none-eabi/bin/../lib/gcc/arm-none-eabi/12.2.1/thumb/v7e-m/nofp/libgcc.a(_dvmd_tls.o)
                              /Applications/ArmGNUToolchain/12.2.rel1/arm-none-eabi/bin/../lib/gcc/arm-none-eabi/12.2.1/thumb/v7e-m/nofp/libgcc.a(_aeabi_uldivmod.o) (__aeabi_ldiv0)
/Applications/ArmGNUToolchain/12.2.rel1/arm-none-eabi/bin/../lib/gcc/arm-none-eabi/12.2.1/../../../../arm-none-eabi/lib/thumb/v7e-m/nofp/libg.a(libc_a-exit.o)
                              /Applications/ArmGNUToolchain/12.2.rel1/arm-none-eabi/bin/../lib/gcc/arm-none-eabi/12.2.1/../../../../arm-none-eabi/lib/thumb/v7e-m/nofp/crt0.o (exit)
/Applications/ArmGNUToolchain/12.2.rel1/arm-none-eabi/bin/../lib/gcc/arm-none-eabi/12.2.1/../../../../arm-none-eabi/lib/thumb/v7e-m/nofp/libg.a(libc_a-malloc.o)
                              CMakeFiles/lab4_2.elf.dir/Core/Src/main.c.obj (malloc)
/Applications/ArmGNUToolchain/12.2.rel1/arm-none-eabi/bin/../lib/gcc/arm-none-eabi/12.2.1/../../../../arm-none-eabi/lib/thumb/v7e-m/nofp/libg.a(libc_a-mallocr.o)
                              /Applications/ArmGNUToolchain/12.2.rel1/arm-none-eabi/bin/../lib/gcc/arm-none-eabi/12.2.1/../../../../arm-none-eabi/lib/thumb/v7e-m/nofp/libg.a(libc_a-malloc.o) (_malloc_r)
/Applications/ArmGNUToolchain/12.2.rel1/arm-none-eabi/bin/../lib/gcc/arm-none-eabi/12.2.1/../../../../arm-none-eabi/lib/thumb/v7e-m/nofp/libg.a(libc_a-mlock.o)
                              /Applications/ArmGNUToolchain/12.2.rel1/arm-none-eabi/bin/../lib/gcc/arm-none-eabi/12.2.1/../../../../arm-none-eabi/lib/thumb/v7e-m/nofp/libg.a(libc_a-mallocr.o) (__malloc_lock)
/Applications/ArmGNUToolchain/12.2.rel1/arm-none-eabi/bin/../lib/gcc/arm-none-eabi/12.2.1/../../../../arm-none-eabi/lib/thumb/v7e-m/nofp/libg.a(libc_a-snprintf.o)
                              CMakeFiles/lab4_2.elf.dir/Core/Src/main.c.obj (snprintf)
/Applications/ArmGNUToolchain/12.2.rel1/arm-none-eabi/bin/../lib/gcc/arm-none-eabi/12.2.1/../../../../arm-none-eabi/lib/thumb/v7e-m/nofp/libg.a(libc_a-sprintf.o)
                              CMakeFiles/lab4_2.elf.dir/Core/Src/main.c.obj (sprintf)
/Applications/ArmGNUToolchain/12.2.rel1/arm-none-eabi/bin/../lib/gcc/arm-none-eabi/12.2.1/../../../../arm-none-eabi/lib/thumb/v7e-m/nofp/libg.a(libc_a-findfp.o)
                              /Applications/ArmGNUToolchain/12.2.rel1/arm-none-eabi/bin/../lib/gcc/arm-none-eabi/12.2.1/../../../../arm-none-eabi/lib/thumb/v7e-m/nofp/libg.a(libc_a-exit.o) (__stdio_exit_handler)
/Applications/ArmGNUToolchain/12.2.rel1/arm-none-eabi/bin/../lib/gcc/arm-none-eabi/12.2.1/../../../../arm-none-eabi/lib/thumb/v7e-m/nofp/libg.a(libc_a-fwalk.o)
                              /Applications/ArmGNUToolchain/12.2.rel1/arm-none-eabi/bin/../lib/gcc/arm-none-eabi/12.2.1/../../../../arm-none-eabi/lib/thumb/v7e-m/nofp/libg.a(libc_a-findfp.o) (_fwalk_sglue)
/Applications/ArmGNUToolchain/12.2.rel1/arm-none-eabi/bin/../lib/gcc/arm-none-eabi/12.2.1/../../../../arm-none-eabi/lib/thumb/v7e-m/nofp/libg.a(libc_a-memset.o)
                              /Applications/ArmGNUToolchain/12.2.rel1/arm-none-eabi/bin/../lib/gcc/arm-none-eabi/12.2.1/../../../../arm-none-eabi/lib/thumb/v7e-m/nofp/crt0.o (memset)
/Applications/ArmGNUToolchain/12.2.rel1/arm-none-eabi/bin/../lib/gcc/arm-none-eabi/12.2.1/../../../../arm-none-eabi/lib/thumb/v7e-m/nofp/libg.a(libc_a-impure.o)
                              /Applications/ArmGNUToolchain/12.2.rel1/arm-none-eabi/bin/../lib/gcc/arm-none-eabi/12.2.1/../../../../arm-none-eabi/lib/thumb/v7e-m/nofp/libg.a(libc_a-malloc.o) (_impure_ptr)
/Applications/ArmGNUToolchain/12.2.rel1/arm-none-eabi/bin/../lib/gcc/arm-none-eabi/12.2.1/../../../../arm-none-eabi/lib/thumb/v7e-m/nofp/libg.a(libc_a-sbrkr.o)
                              /Applications/ArmGNUToolchain/12.2.rel1/arm-none-eabi/bin/../lib/gcc/arm-none-eabi/12.2.1/../../../../arm-none-eabi/lib/thumb/v7e-m/nofp/libg.a(libc_a-mallocr.o) (_sbrk_r)
/Applications/ArmGNUToolchain/12.2.rel1/arm-none-eabi/bin/../lib/gcc/arm-none-eabi/12.2.1/../../../../arm-none-eabi/lib/thumb/v7e-m/nofp/libg.a(libc_a-errno.o)
                              CMakeFiles/lab4_2.elf.dir/Core/Src/syscalls.c.obj (__errno)
/Applications/ArmGNUToolchain/12.2.rel1/arm-none-eabi/bin/../lib/gcc/arm-none-eabi/12.2.1/../../../../arm-none-eabi/lib/thumb/v7e-m/nofp/libg.a(libc_a-sysconf.o)
[...]
Memory Configuration

Name             Origin             Length             Attributes
RAM              0x0000000020000000 0x0000000000020000 xrw
FLASH            0x0000000008000000 0x0000000000080000 xr
*default*        0x0000000000000000 0xffffffffffffffff

Linker script and memory map

LOAD /Applications/ArmGNUToolchain/12.2.rel1/arm-none-eabi/bin/../lib/gcc/arm-none-eabi/12.2.1/thumb/v7e-m/nofp/crti.o
LOAD /Applications/ArmGNUToolchain/12.2.rel1/arm-none-eabi/bin/../lib/gcc/arm-none-eabi/12.2.1/thumb/v7e-m/nofp/crtbegin.o
LOAD /Applications/ArmGNUToolchain/12.2.rel1/arm-none-eabi/bin/../lib/gcc/arm-none-eabi/12.2.1/../../../../arm-none-eabi/lib/thumb/v7e-m/nofp/crt0.o
LOAD CMakeFiles/lab4_2.elf.dir/Core/Src/main.c.obj
LOAD CMakeFiles/lab4_2.elf.dir/Core/Src/stm32f4xx_hal_msp.c.obj
LOAD CMakeFiles/lab4_2.elf.dir/Core/Src/stm32f4xx_it.c.obj
LOAD CMakeFiles/lab4_2.elf.dir/Core/Src/syscalls.c.obj
LOAD CMakeFiles/lab4_2.elf.dir/Core/Src/sysmem.c.obj
LOAD CMakeFiles/lab4_2.elf.dir/Core/Src/system_stm32f4xx.c.obj
LOAD CMakeFiles/lab4_2.elf.dir/Core/Startup/startup_stm32f411retx.s.obj
LOAD CMakeFiles/lab4_2.elf.dir/Drivers/STM32F4xx_HAL_Driver/Src/stm32f4xx_hal.c.obj
LOAD CMakeFiles/lab4_2.elf.dir/Drivers/STM32F4xx_HAL_Driver/Src/stm32f4xx_hal_adc.c.obj
LOAD CMakeFiles/lab4_2.elf.dir/Drivers/STM32F4xx_HAL_Driver/Src/stm32f4xx_hal_adc_ex.c.obj
LOAD CMakeFiles/lab4_2.elf.dir/Drivers/STM32F4xx_HAL_Driver/Src/stm32f4xx_hal_cortex.c.obj
LOAD CMakeFiles/lab4_2.elf.dir/Drivers/STM32F4xx_HAL_Driver/Src/stm32f4xx_hal_dma.c.obj
LOAD CMakeFiles/lab4_2.elf.dir/Drivers/STM32F4xx_HAL_Driver/Src/stm32f4xx_hal_dma_ex.c.obj
LOAD CMakeFiles/lab4_2.elf.dir/Drivers/STM32F4xx_HAL_Driver/Src/stm32f4xx_hal_exti.c.obj
LOAD CMakeFiles/lab4_2.elf.dir/Drivers/STM32F4xx_HAL_Driver/Src/stm32f4xx_hal_flash.c.obj
LOAD CMakeFiles/lab4_2.elf.dir/Drivers/STM32F4xx_HAL_Driver/Src/stm32f4xx_hal_flash_ex.c.obj
LOAD CMakeFiles/lab4_2.elf.dir/Drivers/STM32F4xx_HAL_Driver/Src/stm32f4xx_hal_flash_ramfunc.c.obj
LOAD CMakeFiles/lab4_2.elf.dir/Drivers/STM32F4xx_HAL_Driver/Src/stm32f4xx_hal_gpio.c.obj
LOAD CMakeFiles/lab4_2.elf.dir/Drivers/STM32F4xx_HAL_Driver/Src/stm32f4xx_hal_pwr.c.obj
LOAD CMakeFiles/lab4_2.elf.dir/Drivers/STM32F4xx_HAL_Driver/Src/stm32f4xx_hal_pwr_ex.c.obj
LOAD CMakeFiles/lab4_2.elf.dir/Drivers/STM32F4xx_HAL_Driver/Src/stm32f4xx_hal_rcc.c.obj
LOAD CMakeFiles/lab4_2.elf.dir/Drivers/STM32F4xx_HAL_Driver/Src/stm32f4xx_hal_rcc_ex.c.obj
LOAD CMakeFiles/lab4_2.elf.dir/Drivers/STM32F4xx_HAL_Driver/Src/stm32f4xx_hal_tim.c.obj
LOAD CMakeFiles/lab4_2.elf.dir/Drivers/STM32F4xx_HAL_Driver/Src/stm32f4xx_hal_tim_ex.c.obj
LOAD CMakeFiles/lab4_2.elf.dir/Drivers/STM32F4xx_HAL_Driver/Src/stm32f4xx_hal_uart.c.obj
LOAD CMakeFiles/lab4_2.elf.dir/Drivers/STM32F4xx_HAL_Driver/Src/stm32f4xx_ll_adc.c.obj
START GROUP
LOAD /Applications/ArmGNUToolchain/12.2.rel1/arm-none-eabi/bin/../lib/gcc/arm-none-eabi/12.2.1/thumb/v7e-m/nofp/libgcc.a
LOAD /Applications/ArmGNUToolchain/12.2.rel1/arm-none-eabi/bin/../lib/gcc/arm-none-eabi/12.2.1/../../../../arm-none-eabi/lib/thumb/v7e-m/nofp/libg.a
LOAD /Applications/ArmGNUToolchain/12.2.rel1/arm-none-eabi/bin/../lib/gcc/arm-none-eabi/12.2.1/../../../../arm-none-eabi/lib/thumb/v7e-m/nofp/libc.a
END GROUP
LOAD /Applications/ArmGNUToolchain/12.2.rel1/arm-none-eabi/bin/../lib/gcc/arm-none-eabi/12.2.1/thumb/v7e-m/nofp/crtend.o
LOAD /Applications/ArmGNUToolchain/12.2.rel1/arm-none-eabi/bin/../lib/gcc/arm-none-eabi/12.2.1/thumb/v7e-m/nofp/crtn.o
                0x0000000020020000                _estack = (ORIGIN (RAM) + LENGTH (RAM))
                0x0000000000000200                _Min_Heap_Size = 0x200
                0x0000000000000400                _Min_Stack_Size = 0x400

.isr_vector     0x0000000008000000      0x198
                0x0000000008000000                . = ALIGN (0x4)
 *(.isr_vector)
 .isr_vector    0x0000000008000000      0x198 CMakeFiles/lab4_2.elf.dir/Core/Startup/startup_stm32f411retx.s.obj
                0x0000000008000000                g_pfnVectors
                0x0000000008000198                . = ALIGN (0x4)

.text           0x00000000080001c0     0x90e8
                0x00000000080001c0                . = ALIGN (0x4)
 *(.text)
 .text          0x00000000080001c0       0x30 /Applications/ArmGNUToolchain/12.2.rel1/arm-none-eabi/bin/../lib/gcc/arm-none-eabi/12.2.1/thumb/v7e-m/nofp/libgcc.a(_aeabi_uldivmod.o)
                0x00000000080001c0                __aeabi_uldivmod
 .text          0x00000000080001f0        0x4 /Applications/ArmGNUToolchain/12.2.rel1/arm-none-eabi/bin/../lib/gcc/arm-none-eabi/12.2.1/thumb/v7e-m/nofp/libgcc.a(_dvmd_tls.o)
                0x00000000080001f0                __aeabi_ldiv0
                0x00000000080001f0                __aeabi_idiv0
 *fill*         0x00000000080001f4        0xc 
 .text          0x0000000008000200       0xa0 /Applications/ArmGNUToolchain/12.2.rel1/arm-none-eabi/bin/../lib/gcc/arm-none-eabi/12.2.1/../../../../arm-none-eabi/lib/thumb/v7e-m/nofp/libg.a(libc_a-memchr.o)
                0x0000000008000200                memchr
 *fill*         0x00000000080002a0       0x20 
 .text          0x00000000080002c0       0xdc /Applications/ArmGNUToolchain/12.2.rel1/arm-none-eabi/bin/../lib/gcc/arm-none-eabi/12.2.1/../../../../arm-none-eabi/lib/thumb/v7e-m/nofp/libg.a(libc_a-strlen.o)
                0x00000000080002c0                strlen
 .text          0x000000000800039c      0x134 /Applications/ArmGNUToolchain/12.2.rel1/arm-none-eabi/bin/../lib/gcc/arm-none-eabi/12.2.1/../../../../arm-none-eabi/lib/thumb/v7e-m/nofp/libg.a(libc_a-memcpy.o)
                0x000000000800039c                memcpy
 .text          0x00000000080004d0      0x378 /Applications/ArmGNUToolchain/12.2.rel1/arm-none-eabi/bin/../lib/gcc/arm-none-eabi/12.2.1/thumb/v7e-m/nofp/libgcc.a(_arm_addsubdf3.o)
                0x00000000080004d0                __aeabi_drsub
                0x00000000080004d8                __subdf3
                0x00000000080004d8                __aeabi_dsub
                0x00000000080004dc                __aeabi_dadd
                0x00000000080004dc                __adddf3
                0x0000000008000754                __aeabi_ui2d
                0x0000000008000754                __floatunsidf
                0x0000000008000774                __floatsidf
                0x0000000008000774                __aeabi_i2d
                0x0000000008000798                __extendsfdf2
                0x0000000008000798                __aeabi_f2d
                0x00000000080007dc                __aeabi_ul2d
                0x00000000080007dc                __floatundidf
                0x00000000080007ec                __aeabi_l2d
                0x00000000080007ec                __floatdidf
 .text          0x0000000008000848      0x424 /Applications/ArmGNUToolchain/12.2.rel1/arm-none-eabi/bin/../lib/gcc/arm-none-eabi/12.2.1/thumb/v7e-m/nofp/libgcc.a(_arm_muldivdf3.o)
                0x0000000008000848                __aeabi_dmul
                0x0000000008000848                __muldf3
                0x0000000008000a9c                __aeabi_ddiv
                0x0000000008000a9c                __divdf3
 .text          0x0000000008000c6c      0x110 /Applications/ArmGNUToolchain/12.2.rel1/arm-none-eabi/bin/../lib/gcc/arm-none-eabi/12.2.1/thumb/v7e-m/nofp/libgcc.a(_arm_cmpdf2.o)
                0x0000000008000c6c                __gedf2
                0x0000000008000c6c                __gtdf2
                0x0000000008000c74                __ledf2
                0x0000000008000c74                __ltdf2
                0x0000000008000c7c                __cmpdf2
                0x0000000008000c7c                __eqdf2
                0x0000000008000c7c                __nedf2
                0x0000000008000cf8                __aeabi_cdrcmple
                0x0000000008000d08                __aeabi_cdcmple
                0x0000000008000d08                __aeabi_cdcmpeq
                0x0000000008000d18                __aeabi_dcmpeq
                0x0000000008000d2c                __aeabi_dcmplt
                0x0000000008000d40                __aeabi_dcmple
                0x0000000008000d54                __aeabi_dcmpge
                0x0000000008000d68                __aeabi_dcmpgt
 .text          0x0000000008000d7c       0x2c /Applications/ArmGNUToolchain/12.2.rel1/arm-none-eabi/bin/../lib/gcc/arm-none-eabi/12.2.1/thumb/v7e-m/nofp/libgcc.a(_arm_unorddf2.o)
                0x0000000008000d7c                __aeabi_dcmpun
                0x0000000008000d7c                __unorddf2
 .text          0x0000000008000da8       0x50 /Applications/ArmGNUToolchain/12.2.rel1/arm-none-eabi/bin/../lib/gcc/arm-none-eabi/12.2.1/thumb/v7e-m/nofp/libgcc.a(_arm_fixdfsi.o)
                0x0000000008000da8                __fixdfsi
                0x0000000008000da8                __aeabi_d2iz
 *(.text*)
 .text.deregister_tm_clones
                0x0000000008000df8       0x1c /Applications/ArmGNUToolchain/12.2.rel1/arm-none-eabi/bin/../lib/gcc/arm-none-eabi/12.2.1/thumb/v7e-m/nofp/crtbegin.o
 .text.register_tm_clones
                0x0000000008000e14       0x24 /Applications/ArmGNUToolchain/12.2.rel1/arm-none-eabi/bin/../lib/gcc/arm-none-eabi/12.2.1/thumb/v7e-m/nofp/crtbegin.o
 .text.__do_global_dtors_aux
                0x0000000008000e38       0x28 /Applications/ArmGNUToolchain/12.2.rel1/arm-none-eabi/bin/../lib/gcc/arm-none-eabi/12.2.1/thumb/v7e-m/nofp/crtbegin.o
 .text.frame_dummy
                0x0000000008000e60       0x24 /Applications/ArmGNUToolchain/12.2.rel1/arm-none-eabi/bin/../lib/gcc/arm-none-eabi/12.2.1/thumb/v7e-m/nofp/crtbegin.o
 .text.MX_GPIO_Init
                0x0000000008000e84       0xa8 CMakeFiles/lab4_2.elf.dir/Core/Src/main.c.obj
 .text.HAL_ADC_ConvCpltCallback
                0x0000000008000f2c       0x18 CMakeFiles/lab4_2.elf.dir/Core/Src/main.c.obj
                0x0000000008000f2c                HAL_ADC_ConvCpltCallback
 .text.Error_Handler
                0x0000000008000f44        0x4 CMakeFiles/lab4_2.elf.dir/Core/Src/main.c.obj
                0x0000000008000f44                Error_Handler
 .text.MX_TIM2_Init
                0x0000000008000f48       0x68 CMakeFiles/lab4_2.elf.dir/Core/Src/main.c.obj
 .text.MX_USART2_UART_Init
                0x0000000008000fb0       0x34 CMakeFiles/lab4_2.elf.dir/Core/Src/main.c.obj
 .text.MX_ADC1_Init
                0x0000000008000fe4       0x6c CMakeFiles/lab4_2.elf.dir/Core/Src/main.c.obj
 .text.SystemClock_Config
                0x0000000008001050       0xa4 CMakeFiles/lab4_2.elf.dir/Core/Src/main.c.obj
                0x0000000008001050                SystemClock_Config
 .text.main     0x00000000080010f4       0x74 CMakeFiles/lab4_2.elf.dir/Core/Src/main.c.obj
                0x00000000080010f4                main
 .text.HAL_MspInit
                0x0000000008001168       0x40 CMakeFiles/lab4_2.elf.dir/Core/Src/stm32f4xx_hal_msp.c.obj
                0x0000000008001168                HAL_MspInit
 .text.HAL_ADC_MspInit
                0x00000000080011a8       0x78 CMakeFiles/lab4_2.elf.dir/Core/Src/stm32f4xx_hal_msp.c.obj
                0x00000000080011a8                HAL_ADC_MspInit
 .text.HAL_TIM_Base_MspInit
                0x0000000008001220       0x3c CMakeFiles/lab4_2.elf.dir/Core/Src/stm32f4xx_hal_msp.c.obj
                0x0000000008001220                HAL_TIM_Base_MspInit
 .text.HAL_UART_MspInit
                0x000000000800125c       0x70 CMakeFiles/lab4_2.elf.dir/Core/Src/stm32f4xx_hal_msp.c.obj
                0x000000000800125c                HAL_UART_MspInit
 .text.NMI_Handler
                0x00000000080012cc        0x2 CMakeFiles/lab4_2.elf.dir/Core/Src/stm32f4xx_it.c.obj
                0x00000000080012cc                NMI_Handler
 .text.HardFault_Handler
                0x00000000080012ce        0x2 CMakeFiles/lab4_2.elf.dir/Core/Src/stm32f4xx_it.c.obj
                0x00000000080012ce                HardFault_Handler
 .text.MemManage_Handler
                0x00000000080012d0        0x2 CMakeFiles/lab4_2.elf.dir/Core/Src/stm32f4xx_it.c.obj
                0x00000000080012d0                MemManage_Handler
 .text.BusFault_Handler
                0x00000000080012d2        0x2 CMakeFiles/lab4_2.elf.dir/Core/Src/stm32f4xx_it.c.obj
                0x00000000080012d2                BusFault_Handler
 .text.UsageFault_Handler
                0x00000000080012d4        0x2 CMakeFiles/lab4_2.elf.dir/Core/Src/stm32f4xx_it.c.obj
                0x00000000080012d4                UsageFault_Handler
 .text.SVC_Handler
                0x00000000080012d6        0x2 CMakeFiles/lab4_2.elf.dir/Core/Src/stm32f4xx_it.c.obj
                0x00000000080012d6                SVC_Handler
 .text.DebugMon_Handler
                0x00000000080012d8        0x2 CMakeFiles/lab4_2.elf.dir/Core/Src/stm32f4xx_it.c.obj
                0x00000000080012d8                DebugMon_Handler
 .text.PendSV_Handler
                0x00000000080012da        0x2 CMakeFiles/lab4_2.elf.dir/Core/Src/stm32f4xx_it.c.obj
                0x00000000080012da                PendSV_Handler
 .text.SysTick_Handler
                0x00000000080012dc        0x8 CMakeFiles/lab4_2.elf.dir/Core/Src/stm32f4xx_it.c.obj
                0x00000000080012dc                SysTick_Handler
 .text.ADC_IRQHandler
                0x00000000080012e4       0x10 CMakeFiles/lab4_2.elf.dir/Core/Src/stm32f4xx_it.c.obj
                0x00000000080012e4                ADC_IRQHandler
 .text.TIM2_IRQHandler
                0x00000000080012f4       0x10 CMakeFiles/lab4_2.elf.dir/Core/Src/stm32f4xx_it.c.obj
                0x00000000080012f4                TIM2_IRQHandler
 .text._getpid  0x0000000008001304        0x4 CMakeFiles/lab4_2.elf.dir/Core/Src/syscalls.c.obj
                0x0000000008001304                _getpid
 .text._kill    0x0000000008001308       0x10 CMakeFiles/lab4_2.elf.dir/Core/Src/syscalls.c.obj
                0x0000000008001308                _kill
 .text._exit    0x0000000008001318        0xc CMakeFiles/lab4_2.elf.dir/Core/Src/syscalls.c.obj
                0x0000000008001318                _exit
 .text._read    0x0000000008001324       0x20 CMakeFiles/lab4_2.elf.dir/Core/Src/syscalls.c.obj
                0x0000000008001324                _read
 .text._write   0x0000000008001344       0x1c CMakeFiles/lab4_2.elf.dir/Core/Src/syscalls.c.obj
                0x0000000008001344                _write
 .text._close   0x0000000008001360        0x6 CMakeFiles/lab4_2.elf.dir/Core/Src/syscalls.c.obj
                0x0000000008001360                _close
 .text._fstat   0x0000000008001366        0xa CMakeFiles/lab4_2.elf.dir/Core/Src/syscalls.c.obj
                0x0000000008001366                _fstat
 .text._isatty  0x0000000008001370        0x4 CMakeFiles/lab4_2.elf.dir/Core/Src/syscalls.c.obj
                0x0000000008001370                _isatty
 .text._lseek   0x0000000008001374        0x4 CMakeFiles/lab4_2.elf.dir/Core/Src/syscalls.c.obj
                0x0000000008001374                _lseek
 .text._sbrk    0x0000000008001378       0x48 CMakeFiles/lab4_2.elf.dir/Core/Src/sysmem.c.obj
                0x0000000008001378                _sbrk
 .text.SystemInit
                0x00000000080013c0        0x2 CMakeFiles/lab4_2.elf.dir/Core/Src/system_stm32f4xx.c.obj
                0x00000000080013c0                SystemInit
 *fill*         0x00000000080013c2        0x2 
 .text.Reset_Handler
                0x00000000080013c4       0x50 CMakeFiles/lab4_2.elf.dir/Core/Startup/startup_stm32f411retx.s.obj
                0x00000000080013c4                Reset_Handler
 .text.Default_Handler
                0x0000000008001414        0x2 CMakeFiles/lab4_2.elf.dir/Core/Startup/startup_stm32f411retx.s.obj
                0x0000000008001414                DMA1_Stream3_IRQHandler
                0x0000000008001414                EXTI2_IRQHandler
                0x0000000008001414                SPI4_IRQHandler
                0x0000000008001414                TIM1_CC_IRQHandler
                0x0000000008001414                DMA2_Stream5_IRQHandler
                0x0000000008001414                DMA1_Stream5_IRQHandler
                0x0000000008001414                PVD_IRQHandler
                0x0000000008001414                SDIO_IRQHandler
                0x0000000008001414                TAMP_STAMP_IRQHandler
                0x0000000008001414                EXTI3_IRQHandler
                0x0000000008001414                TIM1_UP_TIM10_IRQHandler
                0x0000000008001414                I2C3_ER_IRQHandler
                0x0000000008001414                EXTI0_IRQHandler
                0x0000000008001414                I2C2_EV_IRQHandler
                0x0000000008001414                DMA1_Stream2_IRQHandler
                0x0000000008001414                FPU_IRQHandler
                0x0000000008001414                DMA2_Stream2_IRQHandler
                0x0000000008001414                SPI1_IRQHandler
                0x0000000008001414                TIM1_BRK_TIM9_IRQHandler
                0x0000000008001414                DMA2_Stream3_IRQHandler
                0x0000000008001414                USART6_IRQHandler
                0x0000000008001414                DMA2_Stream0_IRQHandler
                0x0000000008001414                TIM4_IRQHandler
                0x0000000008001414                I2C1_EV_IRQHandler
                0x0000000008001414                DMA1_Stream6_IRQHandler
                0x0000000008001414                DMA1_Stream1_IRQHandler
                0x0000000008001414                TIM3_IRQHandler
                0x0000000008001414                RCC_IRQHandler
                0x0000000008001414                Default_Handler
                0x0000000008001414                EXTI15_10_IRQHandler
                0x0000000008001414                DMA1_Stream7_IRQHandler
                0x0000000008001414                SPI5_IRQHandler
                0x0000000008001414                TIM5_IRQHandler
                0x0000000008001414                DMA2_Stream7_IRQHandler
                0x0000000008001414                I2C3_EV_IRQHandler
                0x0000000008001414                EXTI9_5_IRQHandler
                0x0000000008001414                RTC_WKUP_IRQHandler
                0x0000000008001414                SPI2_IRQHandler
                0x0000000008001414                DMA1_Stream0_IRQHandler
                0x0000000008001414                EXTI4_IRQHandler
                0x0000000008001414                WWDG_IRQHandler
                0x0000000008001414                OTG_FS_WKUP_IRQHandler
                0x0000000008001414                TIM1_TRG_COM_TIM11_IRQHandler
                0x0000000008001414                EXTI1_IRQHandler
                0x0000000008001414                USART2_IRQHandler
                0x0000000008001414                I2C2_ER_IRQHandler
                0x0000000008001414                DMA2_Stream1_IRQHandler
                0x0000000008001414                FLASH_IRQHandler
                0x0000000008001414                DMA2_Stream4_IRQHandler
                0x0000000008001414                USART1_IRQHandler
                0x0000000008001414                OTG_FS_IRQHandler
                0x0000000008001414                SPI3_IRQHandler
                0x0000000008001414                DMA1_Stream4_IRQHandler
                0x0000000008001414                I2C1_ER_IRQHandler
                0x0000000008001414                DMA2_Stream6_IRQHandler
                0x0000000008001414                RTC_Alarm_IRQHandler
 *fill*         0x0000000008001416        0x2 
 .text.HAL_InitTick
                0x0000000008001418       0x4c CMakeFiles/lab4_2.elf.dir/Drivers/STM32F4xx_HAL_Driver/Src/stm32f4xx_hal.c.obj
                0x0000000008001418                HAL_InitTick
 .text.HAL_Init
                0x0000000008001464       0x34 CMakeFiles/lab4_2.elf.dir/Drivers/STM32F4xx_HAL_Driver/Src/stm32f4xx_hal.c.obj
                0x0000000008001464                HAL_Init
 .text.HAL_IncTick
                0x0000000008001498       0x18 CMakeFiles/lab4_2.elf.dir/Drivers/STM32F4xx_HAL_Driver/Src/stm32f4xx_hal.c.obj
                0x0000000008001498                HAL_IncTick
 .text.HAL_GetTick
                0x00000000080014b0        0xc CMakeFiles/lab4_2.elf.dir/Drivers/STM32F4xx_HAL_Driver/Src/stm32f4xx_hal.c.obj
                0x00000000080014b0                HAL_GetTick
 .text.HAL_Delay
                0x00000000080014bc       0x28 CMakeFiles/lab4_2.elf.dir/Drivers/STM32F4xx_HAL_Driver/Src/stm32f4xx_hal.c.obj
                0x00000000080014bc                HAL_Delay
 .text.ADC_Init
                0x00000000080014e4      0x134 CMakeFiles/lab4_2.elf.dir/Drivers/STM32F4xx_HAL_Driver/Src/stm32f4xx_hal_adc.c.obj
 .text.HAL_ADC_Init
                0x0000000008001618       0x56 CMakeFiles/lab4_2.elf.dir/Drivers/STM32F4xx_HAL_Driver/Src/stm32f4xx_hal_adc.c.obj
                0x0000000008001618                HAL_ADC_Init
 *fill*         0x000000000800166e        0x2 
 .text.HAL_ADC_Start_IT
                0x0000000008001670      0x118 CMakeFiles/lab4_2.elf.dir/Drivers/STM32F4xx_HAL_Driver/Src/stm32f4xx_hal_adc.c.obj
                0x0000000008001670                HAL_ADC_Start_IT
 .text.HAL_ADC_GetValue
                0x0000000008001788        0x6 CMakeFiles/lab4_2.elf.dir/Drivers/STM32F4xx_HAL_Driver/Src/stm32f4xx_hal_adc.c.obj
                0x0000000008001788                HAL_ADC_GetValue
 .text.HAL_ADC_LevelOutOfWindowCallback
                0x000000000800178e        0x2 CMakeFiles/lab4_2.elf.dir/Drivers/STM32F4xx_HAL_Driver/Src/stm32f4xx_hal_adc.c.obj
                0x000000000800178e                HAL_ADC_LevelOutOfWindowCallback
 .text.HAL_ADC_ErrorCallback
                0x0000000008001790        0x2 CMakeFiles/lab4_2.elf.dir/Drivers/STM32F4xx_HAL_Driver/Src/stm32f4xx_hal_adc.c.obj
                0x0000000008001790                HAL_ADC_ErrorCallback
 .text.HAL_ADC_IRQHandler
                0x0000000008001792      0x142 CMakeFiles/lab4_2.elf.dir/Drivers/STM32F4xx_HAL_Driver/Src/stm32f4xx_hal_adc.c.obj
                0x0000000008001792                HAL_ADC_IRQHandler
 .text.HAL_ADC_ConfigChannel
                0x00000000080018d4      0x1ac CMakeFiles/lab4_2.elf.dir/Drivers/STM32F4xx_HAL_Driver/Src/stm32f4xx_hal_adc.c.obj
                0x00000000080018d4                HAL_ADC_ConfigChannel
 .text.HAL_ADCEx_InjectedConvCpltCallback
                0x0000000008001a80        0x2 CMakeFiles/lab4_2.elf.dir/Drivers/STM32F4xx_HAL_Driver/Src/stm32f4xx_hal_adc_ex.c.obj
                0x0000000008001a80                HAL_ADCEx_InjectedConvCpltCallback
 *fill*         0x0000000008001a82        0x2 
 .text.__NVIC_SetPriority
                0x0000000008001a84       0x28 CMakeFiles/lab4_2.elf.dir/Drivers/STM32F4xx_HAL_Driver/Src/stm32f4xx_hal_cortex.c.obj
 .text.NVIC_EncodePriority
                0x0000000008001aac       0x3e CMakeFiles/lab4_2.elf.dir/Drivers/STM32F4xx_HAL_Driver/Src/stm32f4xx_hal_cortex.c.obj
 *fill*         0x0000000008001aea        0x2 
 .text.HAL_NVIC_SetPriorityGrouping
                0x0000000008001aec       0x24 CMakeFiles/lab4_2.elf.dir/Drivers/STM32F4xx_HAL_Driver/Src/stm32f4xx_hal_cortex.c.obj
                0x0000000008001aec                HAL_NVIC_SetPriorityGrouping
 .text.HAL_NVIC_SetPriority
                0x0000000008001b10       0x20 CMakeFiles/lab4_2.elf.dir/Drivers/STM32F4xx_HAL_Driver/Src/stm32f4xx_hal_cortex.c.obj
                0x0000000008001b10                HAL_NVIC_SetPriority
 .text.HAL_NVIC_EnableIRQ
                0x0000000008001b30       0x1c CMakeFiles/lab4_2.elf.dir/Drivers/STM32F4xx_HAL_Driver/Src/stm32f4xx_hal_cortex.c.obj
                0x0000000008001b30                HAL_NVIC_EnableIRQ
 .text.HAL_SYSTICK_Config
                0x0000000008001b4c       0x28 CMakeFiles/lab4_2.elf.dir/Drivers/STM32F4xx_HAL_Driver/Src/stm32f4xx_hal_cortex.c.obj
                0x0000000008001b4c                HAL_SYSTICK_Config
 .text.HAL_GPIO_Init
                0x0000000008001b74      0x1d0 CMakeFiles/lab4_2.elf.dir/Drivers/STM32F4xx_HAL_Driver/Src/stm32f4xx_hal_gpio.c.obj
                0x0000000008001b74                HAL_GPIO_Init
 .text.HAL_GPIO_WritePin
                0x0000000008001d44        0xc CMakeFiles/lab4_2.elf.dir/Drivers/STM32F4xx_HAL_Driver/Src/stm32f4xx_hal_gpio.c.obj
                0x0000000008001d44                HAL_GPIO_WritePin
 .text.HAL_GPIO_TogglePin
                0x0000000008001d50       0x12 CMakeFiles/lab4_2.elf.dir/Drivers/STM32F4xx_HAL_Driver/Src/stm32f4xx_hal_gpio.c.obj
                0x0000000008001d50                HAL_GPIO_TogglePin
 *fill*         0x0000000008001d62        0x2 
 .text.HAL_RCC_OscConfig
                0x0000000008001d64      0x3f8 CMakeFiles/lab4_2.elf.dir/Drivers/STM32F4xx_HAL_Driver/Src/stm32f4xx_hal_rcc.c.obj
                0x0000000008001d64                HAL_RCC_OscConfig
 .text.HAL_RCC_GetSysClockFreq
                0x000000000800215c       0xdc CMakeFiles/lab4_2.elf.dir/Drivers/STM32F4xx_HAL_Driver/Src/stm32f4xx_hal_rcc.c.obj
                0x000000000800215c                HAL_RCC_GetSysClockFreq
 .text.HAL_RCC_ClockConfig
                0x0000000008002238      0x160 CMakeFiles/lab4_2.elf.dir/Drivers/STM32F4xx_HAL_Driver/Src/stm32f4xx_hal_rcc.c.obj
                0x0000000008002238                HAL_RCC_ClockConfig
 .text.HAL_RCC_GetHCLKFreq
                0x0000000008002398        0xc CMakeFiles/lab4_2.elf.dir/Drivers/STM32F4xx_HAL_Driver/Src/stm32f4xx_hal_rcc.c.obj
                0x0000000008002398                HAL_RCC_GetHCLKFreq
 .text.HAL_RCC_GetPCLK1Freq
                0x00000000080023a4       0x20 CMakeFiles/lab4_2.elf.dir/Drivers/STM32F4xx_HAL_Driver/Src/stm32f4xx_hal_rcc.c.obj
                0x00000000080023a4                HAL_RCC_GetPCLK1Freq
 .text.HAL_RCC_GetPCLK2Freq
                0x00000000080023c4       0x20 CMakeFiles/lab4_2.elf.dir/Drivers/STM32F4xx_HAL_Driver/Src/stm32f4xx_hal_rcc.c.obj
                0x00000000080023c4                HAL_RCC_GetPCLK2Freq
 .text.TIM_TI1_ConfigInputStage
                0x00000000080023e4       0x24 CMakeFiles/lab4_2.elf.dir/Drivers/STM32F4xx_HAL_Driver/Src/stm32f4xx_hal_tim.c.obj
 .text.TIM_TI2_ConfigInputStage
                0x0000000008002408       0x26 CMakeFiles/lab4_2.elf.dir/Drivers/STM32F4xx_HAL_Driver/Src/stm32f4xx_hal_tim.c.obj
 .text.TIM_ITRx_SetConfig
                0x000000000800242e       0x10 CMakeFiles/lab4_2.elf.dir/Drivers/STM32F4xx_HAL_Driver/Src/stm32f4xx_hal_tim.c.obj
 .text.HAL_TIM_PeriodElapsedCallback
                0x000000000800243e        0x2 CMakeFiles/lab4_2.elf.dir/Drivers/STM32F4xx_HAL_Driver/Src/stm32f4xx_hal_tim.c.obj
                0x000000000800243e                HAL_TIM_PeriodElapsedCallback
 .text.HAL_TIM_OC_DelayElapsedCallback
                0x0000000008002440        0x2 CMakeFiles/lab4_2.elf.dir/Drivers/STM32F4xx_HAL_Driver/Src/stm32f4xx_hal_tim.c.obj
                0x0000000008002440                HAL_TIM_OC_DelayElapsedCallback
 .text.HAL_TIM_IC_CaptureCallback
                0x0000000008002442        0x2 CMakeFiles/lab4_2.elf.dir/Drivers/STM32F4xx_HAL_Driver/Src/stm32f4xx_hal_tim.c.obj
                0x0000000008002442                HAL_TIM_IC_CaptureCallback
 .text.HAL_TIM_PWM_PulseFinishedCallback
                0x0000000008002444        0x2 CMakeFiles/lab4_2.elf.dir/Drivers/STM32F4xx_HAL_Driver/Src/stm32f4xx_hal_tim.c.obj
                0x0000000008002444                HAL_TIM_PWM_PulseFinishedCallback
 .text.HAL_TIM_TriggerCallback
                0x0000000008002446        0x2 CMakeFiles/lab4_2.elf.dir/Drivers/STM32F4xx_HAL_Driver/Src/stm32f4xx_hal_tim.c.obj
                0x0000000008002446                HAL_TIM_TriggerCallback
 .text.HAL_TIM_IRQHandler
                0x0000000008002448      0x17a CMakeFiles/lab4_2.elf.dir/Drivers/STM32F4xx_HAL_Driver/Src/stm32f4xx_hal_tim.c.obj
                0x0000000008002448                HAL_TIM_IRQHandler
 *fill*         0x00000000080025c2        0x2 
 .text.TIM_Base_SetConfig
                0x00000000080025c4       0x9c CMakeFiles/lab4_2.elf.dir/Drivers/STM32F4xx_HAL_Driver/Src/stm32f4xx_hal_tim.c.obj
                0x00000000080025c4                TIM_Base_SetConfig
 .text.HAL_TIM_Base_Init
                0x0000000008002660       0x58 CMakeFiles/lab4_2.elf.dir/Drivers/STM32F4xx_HAL_Driver/Src/stm32f4xx_hal_tim.c.obj
                0x0000000008002660                HAL_TIM_Base_Init
 .text.TIM_ETR_SetConfig
                0x00000000080026b8       0x18 CMakeFiles/lab4_2.elf.dir/Drivers/STM32F4xx_HAL_Driver/Src/stm32f4xx_hal_tim.c.obj
                0x00000000080026b8                TIM_ETR_SetConfig
 .text.HAL_TIM_ConfigClockSource
                0x00000000080026d0       0xfe CMakeFiles/lab4_2.elf.dir/Drivers/STM32F4xx_HAL_Driver/Src/stm32f4xx_hal_tim.c.obj
                0x00000000080026d0                HAL_TIM_ConfigClockSource
 *fill*         0x00000000080027ce        0x2 
 .text.HAL_TIMEx_MasterConfigSynchronization
                0x00000000080027d0       0x7c CMakeFiles/lab4_2.elf.dir/Drivers/STM32F4xx_HAL_Driver/Src/stm32f4xx_hal_tim_ex.c.obj
                0x00000000080027d0                HAL_TIMEx_MasterConfigSynchronization
 .text.HAL_TIMEx_CommutCallback
                0x000000000800284c        0x2 CMakeFiles/lab4_2.elf.dir/Drivers/STM32F4xx_HAL_Driver/Src/stm32f4xx_hal_tim_ex.c.obj
                0x000000000800284c                HAL_TIMEx_CommutCallback
 .text.HAL_TIMEx_BreakCallback
                0x000000000800284e        0x2 CMakeFiles/lab4_2.elf.dir/Drivers/STM32F4xx_HAL_Driver/Src/stm32f4xx_hal_tim_ex.c.obj
                0x000000000800284e                HAL_TIMEx_BreakCallback
 .text.UART_SetConfig
                0x0000000008002850      0x110 CMakeFiles/lab4_2.elf.dir/Drivers/STM32F4xx_HAL_Driver/Src/stm32f4xx_hal_uart.c.obj
 .text.UART_WaitOnFlagUntilTimeout
                0x0000000008002960       0x84 CMakeFiles/lab4_2.elf.dir/Drivers/STM32F4xx_HAL_Driver/Src/stm32f4xx_hal_uart.c.obj
 .text.HAL_UART_Init
                0x00000000080029e4       0x5e CMakeFiles/lab4_2.elf.dir/Drivers/STM32F4xx_HAL_Driver/Src/stm32f4xx_hal_uart.c.obj
                0x00000000080029e4                HAL_UART_Init
 .text.HAL_UART_Transmit
                0x0000000008002a42       0xd8 CMakeFiles/lab4_2.elf.dir/Drivers/STM32F4xx_HAL_Driver/Src/stm32f4xx_hal_uart.c.obj
                0x0000000008002a42                HAL_UART_Transmit
 *fill*         0x0000000008002b1a        0x2 
 .text.__udivmoddi4
                0x0000000008002b1c      0x2bc /Applications/ArmGNUToolchain/12.2.rel1/arm-none-eabi/bin/../lib/gcc/arm-none-eabi/12.2.1/thumb/v7e-m/nofp/libgcc.a(_udivmoddi4.o)
                0x0000000008002b1c                __udivmoddi4
 .text.malloc   0x0000000008002dd8       0x10 /Applications/ArmGNUToolchain/12.2.rel1/arm-none-eabi/bin/../lib/gcc/arm-none-eabi/12.2.1/../../../../arm-none-eabi/lib/thumb/v7e-m/nofp/libg.a(libc_a-malloc.o)
                0x0000000008002dd8                malloc
 .text._malloc_r
                0x0000000008002de8      0x55c /Applications/ArmGNUToolchain/12.2.rel1/arm-none-eabi/bin/../lib/gcc/arm-none-eabi/12.2.1/../../../../arm-none-eabi/lib/thumb/v7e-m/nofp/libg.a(libc_a-mallocr.o)
                0x0000000008002de8                _malloc_r
 .text.__malloc_lock
                0x0000000008003344        0xc /Applications/ArmGNUToolchain/12.2.rel1/arm-none-eabi/bin/../lib/gcc/arm-none-eabi/12.2.1/../../../../arm-none-eabi/lib/thumb/v7e-m/nofp/libg.a(libc_a-mlock.o)
                0x0000000008003344                __malloc_lock
 .text.__malloc_unlock
                0x0000000008003350        0xc /Applications/ArmGNUToolchain/12.2.rel1/arm-none-eabi/bin/../lib/gcc/arm-none-eabi/12.2.1/../../../../arm-none-eabi/lib/thumb/v7e-m/nofp/libg.a(libc_a-mlock.o)
                0x0000000008003350                __malloc_unlock
 .text.snprintf
                0x000000000800335c       0x88 /Applications/ArmGNUToolchain/12.2.rel1/arm-none-eabi/bin/../lib/gcc/arm-none-eabi/12.2.1/../../../../arm-none-eabi/lib/thumb/v7e-m/nofp/libg.a(libc_a-snprintf.o)
                0x000000000800335c                snprintf
 .text.sprintf  0x00000000080033e4       0x40 /Applications/ArmGNUToolchain/12.2.rel1/arm-none-eabi/bin/../lib/gcc/arm-none-eabi/12.2.1/../../../../arm-none-eabi/lib/thumb/v7e-m/nofp/libg.a(libc_a-sprintf.o)
                0x00000000080033e4                sprintf
 .text.stdio_exit_handler
                0x0000000008003424       0x18 /Applications/ArmGNUToolchain/12.2.rel1/arm-none-eabi/bin/../lib/gcc/arm-none-eabi/12.2.1/../../../../arm-none-eabi/lib/thumb/v7e-m/nofp/libg.a(libc_a-findfp.o)
 .text.cleanup_stdio
                0x000000000800343c       0x40 /Applications/ArmGNUToolchain/12.2.rel1/arm-none-eabi/bin/../lib/gcc/arm-none-eabi/12.2.1/../../../../arm-none-eabi/lib/thumb/v7e-m/nofp/libg.a(libc_a-findfp.o)
 .text.global_stdio_init.part.0
                0x000000000800347c       0xf0 /Applications/ArmGNUToolchain/12.2.rel1/arm-none-eabi/bin/../lib/gcc/arm-none-eabi/12.2.1/../../../../arm-none-eabi/lib/thumb/v7e-m/nofp/libg.a(libc_a-findfp.o)
 .text.__sinit  0x000000000800356c       0x3c /Applications/ArmGNUToolchain/12.2.rel1/arm-none-eabi/bin/../lib/gcc/arm-none-eabi/12.2.1/../../../../arm-none-eabi/lib/thumb/v7e-m/nofp/libg.a(libc_a-findfp.o)
                0x000000000800356c                __sinit
 .text.__sfp_lock_acquire
                0x00000000080035a8        0xc /Applications/ArmGNUToolchain/12.2.rel1/arm-none-eabi/bin/../lib/gcc/arm-none-eabi/12.2.1/../../../../arm-none-eabi/lib/thumb/v7e-m/nofp/libg.a(libc_a-findfp.o)
                0x00000000080035a8                __sfp_lock_acquire
 .text.__sfp_lock_release
                0x00000000080035b4        0xc /Applications/ArmGNUToolchain/12.2.rel1/arm-none-eabi/bin/../lib/gcc/arm-none-eabi/12.2.1/../../../../arm-none-eabi/lib/thumb/v7e-m/nofp/libg.a(libc_a-findfp.o)
                0x00000000080035b4                __sfp_lock_release
 .text._fwalk_sglue
                0x00000000080035c0       0x48 /Applications/ArmGNUToolchain/12.2.rel1/arm-none-eabi/bin/../lib/gcc/arm-none-eabi/12.2.1/../../../../arm-none-eabi/lib/thumb/v7e-m/nofp/libg.a(libc_a-fwalk.o)
                0x00000000080035c0                _fwalk_sglue
 .text.memset   0x0000000008003608       0xa4 /Applications/ArmGNUToolchain/12.2.rel1/arm-none-eabi/bin/../lib/gcc/arm-none-eabi/12.2.1/../../../../arm-none-eabi/lib/thumb/v7e-m/nofp/libg.a(libc_a-memset.o)
                0x0000000008003608                memset
 .text._sbrk_r  0x00000000080036ac       0x24 /Applications/ArmGNUToolchain/12.2.rel1/arm-none-eabi/bin/../lib/gcc/arm-none-eabi/12.2.1/../../../../arm-none-eabi/lib/thumb/v7e-m/nofp/libg.a(libc_a-sbrkr.o)
                0x00000000080036ac                _sbrk_r
 .text.__errno  0x00000000080036d0        0xc /Applications/ArmGNUToolchain/12.2.rel1/arm-none-eabi/bin/../lib/gcc/arm-none-eabi/12.2.1/../../../../arm-none-eabi/lib/thumb/v7e-m/nofp/libg.a(libc_a-errno.o)
                0x00000000080036d0                __errno
 .text.sysconf  0x00000000080036dc       0x1c /Applications/ArmGNUToolchain/12.2.rel1/arm-none-eabi/bin/../lib/gcc/arm-none-eabi/12.2.1/../../../../arm-none-eabi/lib/thumb/v7e-m/nofp/libg.a(libc_a-sysconf.o)
                0x00000000080036dc                sysconf
 .text.__libc_init_array
                0x00000000080036f8       0x50 /Applications/ArmGNUToolchain/12.2.rel1/arm-none-eabi/bin/../lib/gcc/arm-none-eabi/12.2.1/../../../../arm-none-eabi/lib/thumb/v7e-m/nofp/libg.a(libc_a-init.o)
                0x00000000080036f8                __libc_init_array
 .text.__retarget_lock_init_recursive
                0x0000000008003748        0x4 /Applications/ArmGNUToolchain/12.2.rel1/arm-none-eabi/bin/../lib/gcc/arm-none-eabi/12.2.1/../../../../arm-none-eabi/lib/thumb/v7e-m/nofp/libg.a(libc_a-lock.o)
                0x0000000008003748                __retarget_lock_init_recursive
 .text.__retarget_lock_close_recursive
                0x000000000800374c        0x4 /Applications/ArmGNUToolchain/12.2.rel1/arm-none-eabi/bin/../lib/gcc/arm-none-eabi/12.2.1/../../../../arm-none-eabi/lib/thumb/v7e-m/nofp/libg.a(libc_a-lock.o)
                0x000000000800374c                __retarget_lock_close_recursive
 .text.__retarget_lock_acquire_recursive
                0x0000000008003750        0x4 /Applications/ArmGNUToolchain/12.2.rel1/arm-none-eabi/bin/../lib/gcc/arm-none-eabi/12.2.1/../../../../arm-none-eabi/lib/thumb/v7e-m/nofp/libg.a(libc_a-lock.o)
                0x0000000008003750                __retarget_lock_acquire_recursive
 .text.__retarget_lock_release_recursive
                0x0000000008003754        0x4 /Applications/ArmGNUToolchain/12.2.rel1/arm-none-eabi/bin/../lib/gcc/arm-none-eabi/12.2.1/../../../../arm-none-eabi/lib/thumb/v7e-m/nofp/libg.a(libc_a-lock.o)
                0x0000000008003754                __retarget_lock_release_recursive
 .text.startup.register_fini
                0x0000000008003758       0x14 /Applications/ArmGNUToolchain/12.2.rel1/arm-none-eabi/bin/../lib/gcc/arm-none-eabi/12.2.1/../../../../arm-none-eabi/lib/thumb/v7e-m/nofp/libg.a(libc_a-__call_atexit.o)
 .text.atexit   0x000000000800376c        0xc /Applications/ArmGNUToolchain/12.2.rel1/arm-none-eabi/bin/../lib/gcc/arm-none-eabi/12.2.1/../../../../arm-none-eabi/lib/thumb/v7e-m/nofp/libg.a(libc_a-atexit.o)
                0x000000000800376c                atexit
 .text._malloc_trim_r
                0x0000000008003778       0xb8 /Applications/ArmGNUToolchain/12.2.rel1/arm-none-eabi/bin/../lib/gcc/arm-none-eabi/12.2.1/../../../../arm-none-eabi/lib/thumb/v7e-m/nofp/libg.a(libc_a-freer.o)
                0x0000000008003778                _malloc_trim_r
 .text._free_r  0x0000000008003830      0x204 /Applications/ArmGNUToolchain/12.2.rel1/arm-none-eabi/bin/../lib/gcc/arm-none-eabi/12.2.1/../../../../arm-none-eabi/lib/thumb/v7e-m/nofp/libg.a(libc_a-freer.o)
                0x0000000008003830                _free_r
 .text._svfprintf_r
                0x0000000008003a34     0x1c40 /Applications/ArmGNUToolchain/12.2.rel1/arm-none-eabi/bin/../lib/gcc/arm-none-eabi/12.2.1/../../../../arm-none-eabi/lib/thumb/v7e-m/nofp/libg.a(libc_a-svfprintf.o)
                0x0000000008003a34                _svfprintf_r
 .text._fclose_r
                0x0000000008005674       0xc4 /Applications/ArmGNUToolchain/12.2.rel1/arm-none-eabi/bin/../lib/gcc/arm-none-eabi/12.2.1/../../../../arm-none-eabi/lib/thumb/v7e-m/nofp/libg.a(libc_a-fclose.o)
                0x0000000008005674                _fclose_r
 .text.__sflush_r
                0x0000000008005738      0x128 /Applications/ArmGNUToolchain/12.2.rel1/arm-none-eabi/bin/../lib/gcc/arm-none-eabi/12.2.1/../../../../arm-none-eabi/lib/thumb/v7e-m/nofp/libg.a(libc_a-fflush.o)
                0x0000000008005738                __sflush_r
 .text._fflush_r
                0x0000000008005860       0x54 /Applications/ArmGNUToolchain/12.2.rel1/arm-none-eabi/bin/../lib/gcc/arm-none-eabi/12.2.1/../../../../arm-none-eabi/lib/thumb/v7e-m/nofp/libg.a(libc_a-fflush.o)
                0x0000000008005860                _fflush_r
 .text.__sread  0x00000000080058b4       0x24 /Applications/ArmGNUToolchain/12.2.rel1/arm-none-eabi/bin/../lib/gcc/arm-none-eabi/12.2.1/../../../../arm-none-eabi/lib/thumb/v7e-m/nofp/libg.a(libc_a-stdio.o)
                0x00000000080058b4                __sread
 .text.__swrite
                0x00000000080058d8       0x40 /Applications/ArmGNUToolchain/12.2.rel1/arm-none-eabi/bin/../lib/gcc/arm-none-eabi/12.2.1/../../../../arm-none-eabi/lib/thumb/v7e-m/nofp/libg.a(libc_a-stdio.o)
                0x00000000080058d8                __swrite
 .text.__sseek  0x0000000008005918       0x24 /Applications/ArmGNUToolchain/12.2.rel1/arm-none-eabi/bin/../lib/gcc/arm-none-eabi/12.2.1/../../../../arm-none-eabi/lib/thumb/v7e-m/nofp/libg.a(libc_a-stdio.o)
                0x0000000008005918                __sseek
 .text.__sclose
                0x000000000800593c        0x8 /Applications/ArmGNUToolchain/12.2.rel1/arm-none-eabi/bin/../lib/gcc/arm-none-eabi/12.2.1/../../../../arm-none-eabi/lib/thumb/v7e-m/nofp/libg.a(libc_a-stdio.o)
                0x000000000800593c                __sclose
 .text.strncpy  0x0000000008005944       0x68 /Applications/ArmGNUToolchain/12.2.rel1/arm-none-eabi/bin/../lib/gcc/arm-none-eabi/12.2.1/../../../../arm-none-eabi/lib/thumb/v7e-m/nofp/libg.a(libc_a-strncpy.o)
                0x0000000008005944                strncpy
 .text.__locale_mb_cur_max
                0x00000000080059ac        0xc /Applications/ArmGNUToolchain/12.2.rel1/arm-none-eabi/bin/../lib/gcc/arm-none-eabi/12.2.1/../../../../arm-none-eabi/lib/thumb/v7e-m/nofp/libg.a(libc_a-locale.o)
                0x00000000080059ac                __locale_mb_cur_max
 .text._localeconv_r
                0x00000000080059b8        0x8 /Applications/ArmGNUToolchain/12.2.rel1/arm-none-eabi/bin/../lib/gcc/arm-none-eabi/12.2.1/../../../../arm-none-eabi/lib/thumb/v7e-m/nofp/libg.a(libc_a-localeconv.o)
                0x00000000080059b8                _localeconv_r
 .text._close_r
                0x00000000080059c0       0x24 /Applications/ArmGNUToolchain/12.2.rel1/arm-none-eabi/bin/../lib/gcc/arm-none-eabi/12.2.1/../../../../arm-none-eabi/lib/thumb/v7e-m/nofp/libg.a(libc_a-closer.o)
                0x00000000080059c0                _close_r
 .text._lseek_r
                0x00000000080059e4       0x2c /Applications/ArmGNUToolchain/12.2.rel1/arm-none-eabi/bin/../lib/gcc/arm-none-eabi/12.2.1/../../../../arm-none-eabi/lib/thumb/v7e-m/nofp/libg.a(libc_a-lseekr.o)
                0x00000000080059e4                _lseek_r
 .text._read_r  0x0000000008005a10       0x2c /Applications/ArmGNUToolchain/12.2.rel1/arm-none-eabi/bin/../lib/gcc/arm-none-eabi/12.2.1/../../../../arm-none-eabi/lib/thumb/v7e-m/nofp/libg.a(libc_a-readr.o)
                0x0000000008005a10                _read_r
 .text._write_r
                0x0000000008005a3c       0x2c /Applications/ArmGNUToolchain/12.2.rel1/arm-none-eabi/bin/../lib/gcc/arm-none-eabi/12.2.1/../../../../arm-none-eabi/lib/thumb/v7e-m/nofp/libg.a(libc_a-writer.o)
                0x0000000008005a3c                _write_r
 .text.__libc_fini_array
                0x0000000008005a68       0x28 /Applications/ArmGNUToolchain/12.2.rel1/arm-none-eabi/bin/../lib/gcc/arm-none-eabi/12.2.1/../../../../arm-none-eabi/lib/thumb/v7e-m/nofp/libg.a(libc_a-fini.o)
                0x0000000008005a68                __libc_fini_array
 .text._wcrtomb_r
                0x0000000008005a90       0x4c /Applications/ArmGNUToolchain/12.2.rel1/arm-none-eabi/bin/../lib/gcc/arm-none-eabi/12.2.1/../../../../arm-none-eabi/lib/thumb/v7e-m/nofp/libg.a(libc_a-wcrtomb.o)
                0x0000000008005a90                _wcrtomb_r
 .text._wcsrtombs_r
                0x0000000008005adc       0x1c /Applications/ArmGNUToolchain/12.2.rel1/arm-none-eabi/bin/../lib/gcc/arm-none-eabi/12.2.1/../../../../arm-none-eabi/lib/thumb/v7e-m/nofp/libg.a(libc_a-wcsrtombs.o)
                0x0000000008005adc                _wcsrtombs_r
 .text.__register_exitproc
                0x0000000008005af8       0x88 /Applications/ArmGNUToolchain/12.2.rel1/arm-none-eabi/bin/../lib/gcc/arm-none-eabi/12.2.1/../../../../arm-none-eabi/lib/thumb/v7e-m/nofp/libg.a(libc_a-__atexit.o)
                0x0000000008005af8                __register_exitproc
 .text.frexp    0x0000000008005b80       0x70 /Applications/ArmGNUToolchain/12.2.rel1/arm-none-eabi/bin/../lib/gcc/arm-none-eabi/12.2.1/../../../../arm-none-eabi/lib/thumb/v7e-m/nofp/libg.a(libm_a-s_frexp.o)
                0x0000000008005b80                frexp
 .text.quorem   0x0000000008005bf0      0x12c /Applications/ArmGNUToolchain/12.2.rel1/arm-none-eabi/bin/../lib/gcc/arm-none-eabi/12.2.1/../../../../arm-none-eabi/lib/thumb/v7e-m/nofp/libg.a(libc_a-dtoa.o)
 *fill*         0x0000000008005d1c        0x4 
 .text._dtoa_r  0x0000000008005d20      0xec8 /Applications/ArmGNUToolchain/12.2.rel1/arm-none-eabi/bin/../lib/gcc/arm-none-eabi/12.2.1/../../../../arm-none-eabi/lib/thumb/v7e-m/nofp/libg.a(libc_a-dtoa.o)
                0x0000000008005d20                _dtoa_r
 .text.__ascii_mbtowc
                0x0000000008006be8       0x2c /Applications/ArmGNUToolchain/12.2.rel1/arm-none-eabi/bin/../lib/gcc/arm-none-eabi/12.2.1/../../../../arm-none-eabi/lib/thumb/v7e-m/nofp/libg.a(libc_a-mbtowc_r.o)
                0x0000000008006be8                __ascii_mbtowc
 .text.__ssprint_r
                0x0000000008006c14       0xfc /Applications/ArmGNUToolchain/12.2.rel1/arm-none-eabi/bin/../lib/gcc/arm-none-eabi/12.2.1/../../../../arm-none-eabi/lib/thumb/v7e-m/nofp/libg.a(libc_a-svfiprintf.o)
                0x0000000008006c14                __ssprint_r
 .text._Balloc  0x0000000008006d10       0x4c /Applications/ArmGNUToolchain/12.2.rel1/arm-none-eabi/bin/../lib/gcc/arm-none-eabi/12.2.1/../../../../arm-none-eabi/lib/thumb/v7e-m/nofp/libg.a(libc_a-mprec.o)
                0x0000000008006d10                _Balloc
 .text._Bfree   0x0000000008006d5c       0x14 /Applications/ArmGNUToolchain/12.2.rel1/arm-none-eabi/bin/../lib/gcc/arm-none-eabi/12.2.1/../../../../arm-none-eabi/lib/thumb/v7e-m/nofp/libg.a(libc_a-mprec.o)
                0x0000000008006d5c                _Bfree
 .text.__multadd
                0x0000000008006d70       0xa0 /Applications/ArmGNUToolchain/12.2.rel1/arm-none-eabi/bin/../lib/gcc/arm-none-eabi/12.2.1/../../../../arm-none-eabi/lib/thumb/v7e-m/nofp/libg.a(libc_a-mprec.o)
                0x0000000008006d70                __multadd
 .text.__hi0bits
                0x0000000008006e10       0x44 /Applications/ArmGNUToolchain/12.2.rel1/arm-none-eabi/bin/../lib/gcc/arm-none-eabi/12.2.1/../../../../arm-none-eabi/lib/thumb/v7e-m/nofp/libg.a(libc_a-mprec.o)
                0x0000000008006e10                __hi0bits
 .text.__lo0bits
                0x0000000008006e54       0x60 /Applications/ArmGNUToolchain/12.2.rel1/arm-none-eabi/bin/../lib/gcc/arm-none-eabi/12.2.1/../../../../arm-none-eabi/lib/thumb/v7e-m/nofp/libg.a(libc_a-mprec.o)
                0x0000000008006e54                __lo0bits
 .text.__i2b    0x0000000008006eb4       0x5c /Applications/ArmGNUToolchain/12.2.rel1/arm-none-eabi/bin/../lib/gcc/arm-none-eabi/12.2.1/../../../../arm-none-eabi/lib/thumb/v7e-m/nofp/libg.a(libc_a-mprec.o)
                0x0000000008006eb4                __i2b
 .text.__multiply
                0x0000000008006f10      0x16c /Applications/ArmGNUToolchain/12.2.rel1/arm-none-eabi/bin/../lib/gcc/arm-none-eabi/12.2.1/../../../../arm-none-eabi/lib/thumb/v7e-m/nofp/libg.a(libc_a-mprec.o)
                0x0000000008006f10                __multiply
 .text.__pow5mult
                0x000000000800707c       0xb4 /Applications/ArmGNUToolchain/12.2.rel1/arm-none-eabi/bin/../lib/gcc/arm-none-eabi/12.2.1/../../../../arm-none-eabi/lib/thumb/v7e-m/nofp/libg.a(libc_a-mprec.o)
                0x000000000800707c                __pow5mult
 .text.__lshift
                0x0000000008007130       0xf0 /Applications/ArmGNUToolchain/12.2.rel1/arm-none-eabi/bin/../lib/gcc/arm-none-eabi/12.2.1/../../../../arm-none-eabi/lib/thumb/v7e-m/nofp/libg.a(libc_a-mprec.o)
                0x0000000008007130                __lshift
 .text.__mcmp   0x0000000008007220       0x40 /Applications/ArmGNUToolchain/12.2.rel1/arm-none-eabi/bin/../lib/gcc/arm-none-eabi/12.2.1/../../../../arm-none-eabi/lib/thumb/v7e-m/nofp/libg.a(libc_a-mprec.o)
                0x0000000008007220                __mcmp
 .text.__mdiff  0x0000000008007260      0x164 /Applications/ArmGNUToolchain/12.2.rel1/arm-none-eabi/bin/../lib/gcc/arm-none-eabi/12.2.1/../../../../arm-none-eabi/lib/thumb/v7e-m/nofp/libg.a(libc_a-mprec.o)
                0x0000000008007260                __mdiff
 .text.__d2b    0x00000000080073c4       0xbc /Applications/ArmGNUToolchain/12.2.rel1/arm-none-eabi/bin/../lib/gcc/arm-none-eabi/12.2.1/../../../../arm-none-eabi/lib/thumb/v7e-m/nofp/libg.a(libc_a-mprec.o)
                0x00000000080073c4                __d2b
 .text._realloc_r
                0x0000000008007480      0x34c /Applications/ArmGNUToolchain/12.2.rel1/arm-none-eabi/bin/../lib/gcc/arm-none-eabi/12.2.1/../../../../arm-none-eabi/lib/thumb/v7e-m/nofp/libg.a(libc_a-reallocr.o)
                0x0000000008007480                _realloc_r
 .text.__ascii_wctomb
                0x00000000080077cc       0x1c /Applications/ArmGNUToolchain/12.2.rel1/arm-none-eabi/bin/../lib/gcc/arm-none-eabi/12.2.1/../../../../arm-none-eabi/lib/thumb/v7e-m/nofp/libg.a(libc_a-wctomb_r.o)
                0x00000000080077cc                __ascii_wctomb
 .text.memmove  0x00000000080077e8      0x100 /Applications/ArmGNUToolchain/12.2.rel1/arm-none-eabi/bin/../lib/gcc/arm-none-eabi/12.2.1/../../../../arm-none-eabi/lib/thumb/v7e-m/nofp/libg.a(libc_a-memmove.o)
                0x00000000080077e8                memmove
 .text._wcsnrtombs_l
                0x00000000080078e8       0xec /Applications/ArmGNUToolchain/12.2.rel1/arm-none-eabi/bin/../lib/gcc/arm-none-eabi/12.2.1/../../../../arm-none-eabi/lib/thumb/v7e-m/nofp/libg.a(libc_a-wcsnrtombs.o)
                0x00000000080078e8                _wcsnrtombs_l
 .text._wcsnrtombs_r
                0x00000000080079d4       0x24 /Applications/ArmGNUToolchain/12.2.rel1/arm-none-eabi/bin/../lib/gcc/arm-none-eabi/12.2.1/../../../../arm-none-eabi/lib/thumb/v7e-m/nofp/libg.a(libc_a-wcsnrtombs.o)
                0x00000000080079d4                _wcsnrtombs_r
 .text.__assert_func
                0x00000000080079f8       0x40 /Applications/ArmGNUToolchain/12.2.rel1/arm-none-eabi/bin/../lib/gcc/arm-none-eabi/12.2.1/../../../../arm-none-eabi/lib/thumb/v7e-m/nofp/libg.a(libc_a-assert.o)
                0x00000000080079f8                __assert_func
 .text._calloc_r
                0x0000000008007a38       0x6c /Applications/ArmGNUToolchain/12.2.rel1/arm-none-eabi/bin/../lib/gcc/arm-none-eabi/12.2.1/../../../../arm-none-eabi/lib/thumb/v7e-m/nofp/libg.a(libc_a-callocr.o)
                0x0000000008007a38                _calloc_r
 .text.fiprintf
                0x0000000008007aa4       0x28 /Applications/ArmGNUToolchain/12.2.rel1/arm-none-eabi/bin/../lib/gcc/arm-none-eabi/12.2.1/../../../../arm-none-eabi/lib/thumb/v7e-m/nofp/libg.a(libc_a-fiprintf.o)
                0x0000000008007aa4                fiprintf
 .text.__sprint_r.part.0
                0x0000000008007acc       0x78 /Applications/ArmGNUToolchain/12.2.rel1/arm-none-eabi/bin/../lib/gcc/arm-none-eabi/12.2.1/../../../../arm-none-eabi/lib/thumb/v7e-m/nofp/libg.a(libc_a-vfiprintf.o)
 .text._vfiprintf_r
                0x0000000008007b44      0xfe8 /Applications/ArmGNUToolchain/12.2.rel1/arm-none-eabi/bin/../lib/gcc/arm-none-eabi/12.2.1/../../../../arm-none-eabi/lib/thumb/v7e-m/nofp/libg.a(libc_a-vfiprintf.o)
                0x0000000008007b44                _vfiprintf_r
 .text.__sbprintf
                0x0000000008008b2c       0x80 /Applications/ArmGNUToolchain/12.2.rel1/arm-none-eabi/bin/../lib/gcc/arm-none-eabi/12.2.1/../../../../arm-none-eabi/lib/thumb/v7e-m/nofp/libg.a(libc_a-vfiprintf.o)
 .text.__sfvwrite_r
                0x0000000008008bac      0x2d4 /Applications/ArmGNUToolchain/12.2.rel1/arm-none-eabi/bin/../lib/gcc/arm-none-eabi/12.2.1/../../../../arm-none-eabi/lib/thumb/v7e-m/nofp/libg.a(libc_a-fvwrite.o)
                0x0000000008008bac                __sfvwrite_r
 .text.__swsetup_r
                0x0000000008008e80       0xc0 /Applications/ArmGNUToolchain/12.2.rel1/arm-none-eabi/bin/../lib/gcc/arm-none-eabi/12.2.1/../../../../arm-none-eabi/lib/thumb/v7e-m/nofp/libg.a(libc_a-wsetup.o)
                0x0000000008008e80                __swsetup_r
 .text.__fputwc
                0x0000000008008f40       0x7c /Applications/ArmGNUToolchain/12.2.rel1/arm-none-eabi/bin/../lib/gcc/arm-none-eabi/12.2.1/../../../../arm-none-eabi/lib/thumb/v7e-m/nofp/libg.a(libc_a-fputwc.o)
                0x0000000008008f40                __fputwc
 .text._fputwc_r
                0x0000000008008fbc       0x64 /Applications/ArmGNUToolchain/12.2.rel1/arm-none-eabi/bin/../lib/gcc/arm-none-eabi/12.2.1/../../../../arm-none-eabi/lib/thumb/v7e-m/nofp/libg.a(libc_a-fputwc.o)
                0x0000000008008fbc                _fputwc_r
 .text.abort    0x0000000008009020       0x10 /Applications/ArmGNUToolchain/12.2.rel1/arm-none-eabi/bin/../lib/gcc/arm-none-eabi/12.2.1/../../../../arm-none-eabi/lib/thumb/v7e-m/nofp/libg.a(libc_a-abort.o)
                0x0000000008009020                abort
 .text.__smakebuf_r
                0x0000000008009030       0xdc /Applications/ArmGNUToolchain/12.2.rel1/arm-none-eabi/bin/../lib/gcc/arm-none-eabi/12.2.1/../../../../arm-none-eabi/lib/thumb/v7e-m/nofp/libg.a(libc_a-makebuf.o)
                0x0000000008009030                __smakebuf_r
 .text.__swbuf_r
                0x000000000800910c       0xac /Applications/ArmGNUToolchain/12.2.rel1/arm-none-eabi/bin/../lib/gcc/arm-none-eabi/12.2.1/../../../../arm-none-eabi/lib/thumb/v7e-m/nofp/libg.a(libc_a-wbuf.o)
                0x000000000800910c                __swbuf_r
 .text.raise    0x00000000080091b8       0x58 /Applications/ArmGNUToolchain/12.2.rel1/arm-none-eabi/bin/../lib/gcc/arm-none-eabi/12.2.1/../../../../arm-none-eabi/lib/thumb/v7e-m/nofp/libg.a(libc_a-signal.o)
                0x00000000080091b8                raise
 .text._fstat_r
                0x0000000008009210       0x2c /Applications/ArmGNUToolchain/12.2.rel1/arm-none-eabi/bin/../lib/gcc/arm-none-eabi/12.2.1/../../../../arm-none-eabi/lib/thumb/v7e-m/nofp/libg.a(libc_a-fstatr.o)
                0x0000000008009210                _fstat_r
 .text._isatty_r
                0x000000000800923c       0x24 /Applications/ArmGNUToolchain/12.2.rel1/arm-none-eabi/bin/../lib/gcc/arm-none-eabi/12.2.1/../../../../arm-none-eabi/lib/thumb/v7e-m/nofp/libg.a(libc_a-isattyr.o)
                0x000000000800923c                _isatty_r
 .text._kill_r  0x0000000008009260       0x2c /Applications/ArmGNUToolchain/12.2.rel1/arm-none-eabi/bin/../lib/gcc/arm-none-eabi/12.2.1/../../../../arm-none-eabi/lib/thumb/v7e-m/nofp/libg.a(libc_a-signalr.o)
                0x0000000008009260                _kill_r
 .text._getpid_r
                0x000000000800928c        0x4 /Applications/ArmGNUToolchain/12.2.rel1/arm-none-eabi/bin/../lib/gcc/arm-none-eabi/12.2.1/../../../../arm-none-eabi/lib/thumb/v7e-m/nofp/libg.a(libc_a-signalr.o)
                0x000000000800928c                _getpid_r
 *(.glue_7)
 .glue_7        0x0000000008009290        0x0 linker stubs
 *(.glue_7t)
 .glue_7t       0x0000000008009290        0x0 linker stubs
 *(.eh_frame)
 .eh_frame      0x0000000008009290        0x0 /Applications/ArmGNUToolchain/12.2.rel1/arm-none-eabi/bin/../lib/gcc/arm-none-eabi/12.2.1/thumb/v7e-m/nofp/crtbegin.o
 *(.init)
 .init          0x0000000008009290        0x4 /Applications/ArmGNUToolchain/12.2.rel1/arm-none-eabi/bin/../lib/gcc/arm-none-eabi/12.2.1/thumb/v7e-m/nofp/crti.o
                0x0000000008009290                _init
 .init          0x0000000008009294        0x8 /Applications/ArmGNUToolchain/12.2.rel1/arm-none-eabi/bin/../lib/gcc/arm-none-eabi/12.2.1/thumb/v7e-m/nofp/crtn.o
 *(.fini)
 .fini          0x000000000800929c        0x4 /Applications/ArmGNUToolchain/12.2.rel1/arm-none-eabi/bin/../lib/gcc/arm-none-eabi/12.2.1/thumb/v7e-m/nofp/crti.o
                0x000000000800929c                _fini
 .fini          0x00000000080092a0        0x8 /Applications/ArmGNUToolchain/12.2.rel1/arm-none-eabi/bin/../lib/gcc/arm-none-eabi/12.2.1/thumb/v7e-m/nofp/crtn.o
                0x00000000080092a8                . = ALIGN (0x4)
                0x00000000080092a8                _etext = .

.vfp11_veneer   0x00000000080092a8        0x0
 .vfp11_veneer  0x00000000080092a8        0x0 linker stubs

.v4_bx          0x00000000080092a8        0x0
 .v4_bx         0x00000000080092a8        0x0 linker stubs

.iplt           0x00000000080092a8        0x0
 .iplt          0x00000000080092a8        0x0 /Applications/ArmGNUToolchain/12.2.rel1/arm-none-eabi/bin/../lib/gcc/arm-none-eabi/12.2.1/thumb/v7e-m/nofp/crtbegin.o

.rodata         0x00000000080092a8      0x420
                0x00000000080092a8                . = ALIGN (0x4)
 *(.rodata)
 *(.rodata*)
 .rodata.main.str1.4
                0x00000000080092a8       0x10 CMakeFiles/lab4_2.elf.dir/Core/Src/main.c.obj
 .rodata.APBPrescTable
                0x00000000080092b8        0x8 CMakeFiles/lab4_2.elf.dir/Core/Src/system_stm32f4xx.c.obj
                0x00000000080092b8                APBPrescTable
 .rodata.AHBPrescTable
                0x00000000080092c0       0x10 CMakeFiles/lab4_2.elf.dir/Core/Src/system_stm32f4xx.c.obj
                0x00000000080092c0                AHBPrescTable
 .rodata._svfprintf_r.str1.4
                0x00000000080092d0       0x42 /Applications/ArmGNUToolchain/12.2.rel1/arm-none-eabi/bin/../lib/gcc/arm-none-eabi/12.2.1/../../../../arm-none-eabi/lib/thumb/v7e-m/nofp/libg.a(libc_a-svfprintf.o)
 *fill*         0x0000000008009312        0x2 
 .rodata.zeroes.0
                0x0000000008009314       0x10 /Applications/ArmGNUToolchain/12.2.rel1/arm-none-eabi/bin/../lib/gcc/arm-none-eabi/12.2.1/../../../../arm-none-eabi/lib/thumb/v7e-m/nofp/libg.a(libc_a-svfprintf.o)
 .rodata.blanks.1
                0x0000000008009324       0x10 /Applications/ArmGNUToolchain/12.2.rel1/arm-none-eabi/bin/../lib/gcc/arm-none-eabi/12.2.1/../../../../arm-none-eabi/lib/thumb/v7e-m/nofp/libg.a(libc_a-svfprintf.o)
 .rodata.str1.4
                0x0000000008009334       0x48 /Applications/ArmGNUToolchain/12.2.rel1/arm-none-eabi/bin/../lib/gcc/arm-none-eabi/12.2.1/../../../../arm-none-eabi/lib/thumb/v7e-m/nofp/libg.a(libc_a-locale.o)
                                         0x4c (size before relaxing)
 .rodata._ctype_
                0x000000000800937c      0x101 /Applications/ArmGNUToolchain/12.2.rel1/arm-none-eabi/bin/../lib/gcc/arm-none-eabi/12.2.1/../../../../arm-none-eabi/lib/thumb/v7e-m/nofp/libg.a(libc_a-ctype_.o)
                0x000000000800937c                _ctype_
 *fill*         0x000000000800947d        0x3 
 .rodata._dtoa_r.str1.4
                0x0000000008009480       0x85 /Applications/ArmGNUToolchain/12.2.rel1/arm-none-eabi/bin/../lib/gcc/arm-none-eabi/12.2.1/../../../../arm-none-eabi/lib/thumb/v7e-m/nofp/libg.a(libc_a-dtoa.o)
                                         0x89 (size before relaxing)
 *fill*         0x0000000008009505        0x3 
 .rodata.__multadd.str1.4
                0x0000000008009508       0x62 /Applications/ArmGNUToolchain/12.2.rel1/arm-none-eabi/bin/../lib/gcc/arm-none-eabi/12.2.1/../../../../arm-none-eabi/lib/thumb/v7e-m/nofp/libg.a(libc_a-mprec.o)
                                         0x76 (size before relaxing)
 *fill*         0x000000000800956a        0x2 
 .rodata.p05.0  0x000000000800956c        0xc /Applications/ArmGNUToolchain/12.2.rel1/arm-none-eabi/bin/../lib/gcc/arm-none-eabi/12.2.1/../../../../arm-none-eabi/lib/thumb/v7e-m/nofp/libg.a(libc_a-mprec.o)
 .rodata.__mprec_bigtens
                0x0000000008009578       0x28 /Applications/ArmGNUToolchain/12.2.rel1/arm-none-eabi/bin/../lib/gcc/arm-none-eabi/12.2.1/../../../../arm-none-eabi/lib/thumb/v7e-m/nofp/libg.a(libc_a-mprec.o)
                0x0000000008009578                __mprec_bigtens
 .rodata.__mprec_tens
                0x00000000080095a0       0xc8 /Applications/ArmGNUToolchain/12.2.rel1/arm-none-eabi/bin/../lib/gcc/arm-none-eabi/12.2.1/../../../../arm-none-eabi/lib/thumb/v7e-m/nofp/libg.a(libc_a-mprec.o)
                0x00000000080095a0                __mprec_tens
 .rodata.__assert_func.str1.4
                0x0000000008009668       0x3f /Applications/ArmGNUToolchain/12.2.rel1/arm-none-eabi/bin/../lib/gcc/arm-none-eabi/12.2.1/../../../../arm-none-eabi/lib/thumb/v7e-m/nofp/libg.a(libc_a-assert.o)
                                         0x43 (size before relaxing)
 .rodata._vfiprintf_r.str1.4
                0x00000000080096a7       0x2f /Applications/ArmGNUToolchain/12.2.rel1/arm-none-eabi/bin/../lib/gcc/arm-none-eabi/12.2.1/../../../../arm-none-eabi/lib/thumb/v7e-m/nofp/libg.a(libc_a-vfiprintf.o)
 *fill*         0x00000000080096a7        0x1 
 .rodata.zeroes.0
                0x00000000080096a8       0x10 /Applications/ArmGNUToolchain/12.2.rel1/arm-none-eabi/bin/../lib/gcc/arm-none-eabi/12.2.1/../../../../arm-none-eabi/lib/thumb/v7e-m/nofp/libg.a(libc_a-vfiprintf.o)
 .rodata.blanks.1
                0x00000000080096b8       0x10 /Applications/ArmGNUToolchain/12.2.rel1/arm-none-eabi/bin/../lib/gcc/arm-none-eabi/12.2.1/../../../../arm-none-eabi/lib/thumb/v7e-m/nofp/libg.a(libc_a-vfiprintf.o)
                0x00000000080096c8                . = ALIGN (0x4)

.ARM.extab      0x00000000080096c8        0x0
                0x00000000080096c8                . = ALIGN (0x4)
 *(.ARM.extab* .gnu.linkonce.armextab.*)
                0x00000000080096c8                . = ALIGN (0x4)

.ARM            0x00000000080096c8        0x8
                0x00000000080096c8                . = ALIGN (0x4)
                0x00000000080096c8                __exidx_start = .
 *(.ARM.exidx*)
 .ARM.exidx.text.__udivmoddi4
                0x00000000080096c8        0x8 /Applications/ArmGNUToolchain/12.2.rel1/arm-none-eabi/bin/../lib/gcc/arm-none-eabi/12.2.1/thumb/v7e-m/nofp/libgcc.a(_udivmoddi4.o)
                0x00000000080096d0                __exidx_end = .
                0x00000000080096d0                . = ALIGN (0x4)

.rel.dyn        0x00000000080096d0        0x0
 .rel.iplt      0x00000000080096d0        0x0 /Applications/ArmGNUToolchain/12.2.rel1/arm-none-eabi/bin/../lib/gcc/arm-none-eabi/12.2.1/thumb/v7e-m/nofp/crtbegin.o

.preinit_array  0x00000000080096d0        0x0
                0x00000000080096d0                . = ALIGN (0x4)
                0x00000000080096d0                PROVIDE (__preinit_array_start = .)
 *(.preinit_array*)
                0x00000000080096d0                PROVIDE (__preinit_array_end = .)
                0x00000000080096d0                . = ALIGN (0x4)

.init_array     0x00000000080096d0        0x8
                0x00000000080096d0                . = ALIGN (0x4)
                0x00000000080096d0                PROVIDE (__init_array_start = .)
 *(SORT_BY_NAME(.init_array.*))
 .init_array.00000
                0x00000000080096d0        0x4 /Applications/ArmGNUToolchain/12.2.rel1/arm-none-eabi/bin/../lib/gcc/arm-none-eabi/12.2.1/../../../../arm-none-eabi/lib/thumb/v7e-m/nofp/libg.a(libc_a-__call_atexit.o)
 *(.init_array*)
 .init_array    0x00000000080096d4        0x4 /Applications/ArmGNUToolchain/12.2.rel1/arm-none-eabi/bin/../lib/gcc/arm-none-eabi/12.2.1/thumb/v7e-m/nofp/crtbegin.o
                0x00000000080096d8                PROVIDE (__init_array_end = .)
                0x00000000080096d8                . = ALIGN (0x4)

.fini_array     0x00000000080096d8        0x4
                0x00000000080096d8                . = ALIGN (0x4)
                0x00000000080096d8                PROVIDE (__fini_array_start = .)
 *(SORT_BY_NAME(.fini_array.*))
 *(.fini_array*)
 .fini_array    0x00000000080096d8        0x4 /Applications/ArmGNUToolchain/12.2.rel1/arm-none-eabi/bin/../lib/gcc/arm-none-eabi/12.2.1/thumb/v7e-m/nofp/crtbegin.o
                0x00000000080096dc                PROVIDE (__fini_array_end = .)
                0x00000000080096dc                . = ALIGN (0x4)
                0x00000000080096dc                _sidata = LOADADDR (.data)

.data           0x0000000020000000      0x6c0 load address 0x00000000080096dc
                0x0000000020000000                . = ALIGN (0x4)
                0x0000000020000000                _sdata = .
 *(.data)
 *(.data*)
 .data.SystemCoreClock
                0x0000000020000000        0x4 CMakeFiles/lab4_2.elf.dir/Core/Src/system_stm32f4xx.c.obj
                0x0000000020000000                SystemCoreClock
 .data.uwTickFreq
                0x0000000020000004        0x1 CMakeFiles/lab4_2.elf.dir/Drivers/STM32F4xx_HAL_Driver/Src/stm32f4xx_hal.c.obj
                0x0000000020000004                uwTickFreq
 *fill*         0x0000000020000005        0x3 
 .data.uwTickPrio
                0x0000000020000008        0x4 CMakeFiles/lab4_2.elf.dir/Drivers/STM32F4xx_HAL_Driver/Src/stm32f4xx_hal.c.obj
                0x0000000020000008                uwTickPrio
 .data.__malloc_sbrk_base
                0x000000002000000c        0x4 /Applications/ArmGNUToolchain/12.2.rel1/arm-none-eabi/bin/../lib/gcc/arm-none-eabi/12.2.1/../../../../arm-none-eabi/lib/thumb/v7e-m/nofp/libg.a(libc_a-mallocr.o)
                0x000000002000000c                __malloc_sbrk_base
 .data.__malloc_trim_threshold
                0x0000000020000010        0x4 /Applications/ArmGNUToolchain/12.2.rel1/arm-none-eabi/bin/../lib/gcc/arm-none-eabi/12.2.1/../../../../arm-none-eabi/lib/thumb/v7e-m/nofp/libg.a(libc_a-mallocr.o)
                0x0000000020000010                __malloc_trim_threshold
 *fill*         0x0000000020000014        0x4 
 .data.__malloc_av_
                0x0000000020000018      0x408 /Applications/ArmGNUToolchain/12.2.rel1/arm-none-eabi/bin/../lib/gcc/arm-none-eabi/12.2.1/../../../../arm-none-eabi/lib/thumb/v7e-m/nofp/libg.a(libc_a-mallocr.o)
                0x0000000020000018                __malloc_av_
 .data.__sglue  0x0000000020000420        0xc /Applications/ArmGNUToolchain/12.2.rel1/arm-none-eabi/bin/../lib/gcc/arm-none-eabi/12.2.1/../../../../arm-none-eabi/lib/thumb/v7e-m/nofp/libg.a(libc_a-findfp.o)
                0x0000000020000420                __sglue
 .data._impure_ptr
                0x000000002000042c        0x4 /Applications/ArmGNUToolchain/12.2.rel1/arm-none-eabi/bin/../lib/gcc/arm-none-eabi/12.2.1/../../../../arm-none-eabi/lib/thumb/v7e-m/nofp/libg.a(libc_a-impure.o)
                0x000000002000042c                _impure_ptr
 .data._impure_data
                0x0000000020000430      0x120 /Applications/ArmGNUToolchain/12.2.rel1/arm-none-eabi/bin/../lib/gcc/arm-none-eabi/12.2.1/../../../../arm-none-eabi/lib/thumb/v7e-m/nofp/libg.a(libc_a-impure.o)
                0x0000000020000430                _impure_data
 .data.__atexit_recursive_mutex
                0x0000000020000550        0x4 /Applications/ArmGNUToolchain/12.2.rel1/arm-none-eabi/bin/../lib/gcc/arm-none-eabi/12.2.1/../../../../arm-none-eabi/lib/thumb/v7e-m/nofp/libg.a(libc_a-__call_atexit.o)
                0x0000000020000550                __atexit_recursive_mutex
 .data.__global_locale
                0x0000000020000554      0x16c /Applications/ArmGNUToolchain/12.2.rel1/arm-none-eabi/bin/../lib/gcc/arm-none-eabi/12.2.1/../../../../arm-none-eabi/lib/thumb/v7e-m/nofp/libg.a(libc_a-locale.o)
                0x0000000020000554                __global_locale
 *(.RamFunc)
 *(.RamFunc*)
                0x00000000200006c0                . = ALIGN (0x4)
                0x00000000200006c0                _edata = .

.tm_clone_table
                0x00000000200006c0        0x0 load address 0x0000000008009d9c
 .tm_clone_table
                0x00000000200006c0        0x0 /Applications/ArmGNUToolchain/12.2.rel1/arm-none-eabi/bin/../lib/gcc/arm-none-eabi/12.2.1/thumb/v7e-m/nofp/crtbegin.o
 .tm_clone_table
                0x00000000200006c0        0x0 /Applications/ArmGNUToolchain/12.2.rel1/arm-none-eabi/bin/../lib/gcc/arm-none-eabi/12.2.1/thumb/v7e-m/nofp/crtend.o

.igot.plt       0x00000000200006c0        0x0 load address 0x0000000008009d9c
 .igot.plt      0x00000000200006c0        0x0 /Applications/ArmGNUToolchain/12.2.rel1/arm-none-eabi/bin/../lib/gcc/arm-none-eabi/12.2.1/thumb/v7e-m/nofp/crtbegin.o
                0x00000000200006c0                . = ALIGN (0x4)

.bss            0x00000000200006c0      0x410 load address 0x0000000008009d9c
                0x00000000200006c0                _sbss = .
                0x00000000200006c0                __bss_start__ = _sbss
 *(.bss)
 *(.bss*)
 .bss.completed.1
                0x00000000200006c0        0x1 /Applications/ArmGNUToolchain/12.2.rel1/arm-none-eabi/bin/../lib/gcc/arm-none-eabi/12.2.1/thumb/v7e-m/nofp/crtbegin.o
 *fill*         0x00000000200006c1        0x3 
 .bss.object.0  0x00000000200006c4       0x18 /Applications/ArmGNUToolchain/12.2.rel1/arm-none-eabi/bin/../lib/gcc/arm-none-eabi/12.2.1/thumb/v7e-m/nofp/crtbegin.o
 .bss.adc_val   0x00000000200006dc        0x2 CMakeFiles/lab4_2.elf.dir/Core/Src/main.c.obj
                0x00000000200006dc                adc_val
 *fill*         0x00000000200006de        0x2 
 .bss.huart2    0x00000000200006e0       0x44 CMakeFiles/lab4_2.elf.dir/Core/Src/main.c.obj
                0x00000000200006e0                huart2
 .bss.htim2     0x0000000020000724       0x48 CMakeFiles/lab4_2.elf.dir/Core/Src/main.c.obj
                0x0000000020000724                htim2
 .bss.hadc1     0x000000002000076c       0x48 CMakeFiles/lab4_2.elf.dir/Core/Src/main.c.obj
                0x000000002000076c                hadc1
 .bss.__sbrk_heap_end
                0x00000000200007b4        0x4 CMakeFiles/lab4_2.elf.dir/Core/Src/sysmem.c.obj
 .bss.uwTick    0x00000000200007b8        0x4 CMakeFiles/lab4_2.elf.dir/Drivers/STM32F4xx_HAL_Driver/Src/stm32f4xx_hal.c.obj
                0x00000000200007b8                uwTick
 .bss.__malloc_current_mallinfo
                0x00000000200007bc       0x28 /Applications/ArmGNUToolchain/12.2.rel1/arm-none-eabi/bin/../lib/gcc/arm-none-eabi/12.2.1/../../../../arm-none-eabi/lib/thumb/v7e-m/nofp/libg.a(libc_a-mallocr.o)
                0x00000000200007bc                __malloc_current_mallinfo
 .bss.__malloc_max_total_mem
                0x00000000200007e4        0x4 /Applications/ArmGNUToolchain/12.2.rel1/arm-none-eabi/bin/../lib/gcc/arm-none-eabi/12.2.1/../../../../arm-none-eabi/lib/thumb/v7e-m/nofp/libg.a(libc_a-mallocr.o)
                0x00000000200007e4                __malloc_max_total_mem
 .bss.__malloc_max_sbrked_mem
                0x00000000200007e8        0x4 /Applications/ArmGNUToolchain/12.2.rel1/arm-none-eabi/bin/../lib/gcc/arm-none-eabi/12.2.1/../../../../arm-none-eabi/lib/thumb/v7e-m/nofp/libg.a(libc_a-mallocr.o)
                0x00000000200007e8                __malloc_max_sbrked_mem
 .bss.__malloc_top_pad
                0x00000000200007ec        0x4 /Applications/ArmGNUToolchain/12.2.rel1/arm-none-eabi/bin/../lib/gcc/arm-none-eabi/12.2.1/../../../../arm-none-eabi/lib/thumb/v7e-m/nofp/libg.a(libc_a-mallocr.o)
                0x00000000200007ec                __malloc_top_pad
 .bss.__sf      0x00000000200007f0      0x138 /Applications/ArmGNUToolchain/12.2.rel1/arm-none-eabi/bin/../lib/gcc/arm-none-eabi/12.2.1/../../../../arm-none-eabi/lib/thumb/v7e-m/nofp/libg.a(libc_a-findfp.o)
                0x00000000200007f0                __sf
 .bss.__stdio_exit_handler
                0x0000000020000928        0x4 /Applications/ArmGNUToolchain/12.2.rel1/arm-none-eabi/bin/../lib/gcc/arm-none-eabi/12.2.1/../../../../arm-none-eabi/lib/thumb/v7e-m/nofp/libg.a(libc_a-findfp.o)
                0x0000000020000928                __stdio_exit_handler
 .bss.__lock___malloc_recursive_mutex
                0x000000002000092c        0x1 /Applications/ArmGNUToolchain/12.2.rel1/arm-none-eabi/bin/../lib/gcc/arm-none-eabi/12.2.1/../../../../arm-none-eabi/lib/thumb/v7e-m/nofp/libg.a(libc_a-lock.o)
                0x000000002000092c                __lock___malloc_recursive_mutex
 *fill*         0x000000002000092d        0x3 
 .bss.__lock___atexit_recursive_mutex
                0x0000000020000930        0x1 /Applications/ArmGNUToolchain/12.2.rel1/arm-none-eabi/bin/../lib/gcc/arm-none-eabi/12.2.1/../../../../arm-none-eabi/lib/thumb/v7e-m/nofp/libg.a(libc_a-lock.o)
                0x0000000020000930                __lock___atexit_recursive_mutex
 *fill*         0x0000000020000931        0x3 
 .bss.__lock___sfp_recursive_mutex
                0x0000000020000934        0x1 /Applications/ArmGNUToolchain/12.2.rel1/arm-none-eabi/bin/../lib/gcc/arm-none-eabi/12.2.1/../../../../arm-none-eabi/lib/thumb/v7e-m/nofp/libg.a(libc_a-lock.o)
                0x0000000020000934                __lock___sfp_recursive_mutex
 *fill*         0x0000000020000935        0x3 
 .bss.__atexit  0x0000000020000938        0x4 /Applications/ArmGNUToolchain/12.2.rel1/arm-none-eabi/bin/../lib/gcc/arm-none-eabi/12.2.1/../../../../arm-none-eabi/lib/thumb/v7e-m/nofp/libg.a(libc_a-__call_atexit.o)
                0x0000000020000938                __atexit
 .bss.errno     0x000000002000093c        0x4 /Applications/ArmGNUToolchain/12.2.rel1/arm-none-eabi/bin/../lib/gcc/arm-none-eabi/12.2.1/../../../../arm-none-eabi/lib/thumb/v7e-m/nofp/libg.a(libc_a-reent.o)
                0x000000002000093c                errno
 .bss.__atexit0
                0x0000000020000940      0x190 /Applications/ArmGNUToolchain/12.2.rel1/arm-none-eabi/bin/../lib/gcc/arm-none-eabi/12.2.1/../../../../arm-none-eabi/lib/thumb/v7e-m/nofp/libg.a(libc_a-__atexit.o)
                0x0000000020000940                __atexit0
 *(COMMON)
                0x0000000020000ad0                . = ALIGN (0x4)
                0x0000000020000ad0                _ebss = .
                0x0000000020000ad0                __bss_end__ = _ebss

._user_heap_stack
                0x0000000020000ad0      0x600 load address 0x0000000008009d9c
                0x0000000020000ad0                . = ALIGN (0x8)
                [!provide]                        PROVIDE (end = .)
                0x0000000020000ad0                PROVIDE (_end = .)
                0x0000000020000cd0                . = (. + _Min_Heap_Size)
 *fill*         0x0000000020000ad0      0x200 
                0x00000000200010d0                . = (. + _Min_Stack_Size)
 *fill*         0x0000000020000cd0      0x400 
                0x00000000200010d0                . = ALIGN (0x8)

/DISCARD/
 libc.a(*)
 libm.a(*)
 libgcc.a(*)

.ARM.attributes
                0x0000000000000000       0x2a
 *(.ARM.attributes)
 .ARM.attributes
                0x0000000000000000       0x1e /Applications/ArmGNUToolchain/12.2.rel1/arm-none-eabi/bin/../lib/gcc/arm-none-eabi/12.2.1/thumb/v7e-m/nofp/crti.o
 .ARM.attributes
                0x000000000000001e       0x2e /Applications/ArmGNUToolchain/12.2.rel1/arm-none-eabi/bin/../lib/gcc/arm-none-eabi/12.2.1/thumb/v7e-m/nofp/crtbegin.o
 .ARM.attributes
                0x000000000000004c       0x2e CMakeFiles/lab4_2.elf.dir/Core/Src/main.c.obj
 .ARM.attributes
                0x000000000000007a       0x2e CMakeFiles/lab4_2.elf.dir/Core/Src/stm32f4xx_hal_msp.c.obj
 .ARM.attributes
                0x00000000000000a8       0x2e CMakeFiles/lab4_2.elf.dir/Core/Src/stm32f4xx_it.c.obj
 .ARM.attributes
                0x00000000000000d6       0x2e CMakeFiles/lab4_2.elf.dir/Core/Src/syscalls.c.obj
 .ARM.attributes
                0x0000000000000104       0x2e CMakeFiles/lab4_2.elf.dir/Core/Src/sysmem.c.obj
 .ARM.attributes
                0x0000000000000132       0x2e CMakeFiles/lab4_2.elf.dir/Core/Src/system_stm32f4xx.c.obj
 .ARM.attributes
                0x0000000000000160       0x21 CMakeFiles/lab4_2.elf.dir/Core/Startup/startup_stm32f411retx.s.obj
 .ARM.attributes
                0x0000000000000181       0x2e CMakeFiles/lab4_2.elf.dir/Drivers/STM32F4xx_HAL_Driver/Src/stm32f4xx_hal.c.obj
 .ARM.attributes
                0x00000000000001af       0x2e CMakeFiles/lab4_2.elf.dir/Drivers/STM32F4xx_HAL_Driver/Src/stm32f4xx_hal_adc.c.obj
 .ARM.attributes
                0x00000000000001dd       0x2e CMakeFiles/lab4_2.elf.dir/Drivers/STM32F4xx_HAL_Driver/Src/stm32f4xx_hal_adc_ex.c.obj
 .ARM.attributes
                0x000000000000020b       0x2e CMakeFiles/lab4_2.elf.dir/Drivers/STM32F4xx_HAL_Driver/Src/stm32f4xx_hal_cortex.c.obj
 .ARM.attributes
                0x0000000000000239       0x2e CMakeFiles/lab4_2.elf.dir/Drivers/STM32F4xx_HAL_Driver/Src/stm32f4xx_hal_gpio.c.obj
 .ARM.attributes
                0x0000000000000267       0x2e CMakeFiles/lab4_2.elf.dir/Drivers/STM32F4xx_HAL_Driver/Src/stm32f4xx_hal_rcc.c.obj
 .ARM.attributes
                0x0000000000000295       0x2e CMakeFiles/lab4_2.elf.dir/Drivers/STM32F4xx_HAL_Driver/Src/stm32f4xx_hal_tim.c.obj
 .ARM.attributes
                0x00000000000002c3       0x2e CMakeFiles/lab4_2.elf.dir/Drivers/STM32F4xx_HAL_Driver/Src/stm32f4xx_hal_tim_ex.c.obj
 .ARM.attributes
                0x00000000000002f1       0x2e CMakeFiles/lab4_2.elf.dir/Drivers/STM32F4xx_HAL_Driver/Src/stm32f4xx_hal_uart.c.obj
 .ARM.attributes
                0x000000000000031f       0x1e /Applications/ArmGNUToolchain/12.2.rel1/arm-none-eabi/bin/../lib/gcc/arm-none-eabi/12.2.1/thumb/v7e-m/nofp/libgcc.a(_aeabi_uldivmod.o)
 .ARM.attributes
                0x000000000000033d       0x2e /Applications/ArmGNUToolchain/12.2.rel1/arm-none-eabi/bin/../lib/gcc/arm-none-eabi/12.2.1/thumb/v7e-m/nofp/libgcc.a(_udivmoddi4.o)
 .ARM.attributes
                0x000000000000036b       0x1e /Applications/ArmGNUToolchain/12.2.rel1/arm-none-eabi/bin/../lib/gcc/arm-none-eabi/12.2.1/thumb/v7e-m/nofp/libgcc.a(_dvmd_tls.o)
 .ARM.attributes
                0x0000000000000389       0x2e /Applications/ArmGNUToolchain/12.2.rel1/arm-none-eabi/bin/../lib/gcc/arm-none-eabi/12.2.1/../../../../arm-none-eabi/lib/thumb/v7e-m/nofp/libg.a(libc_a-malloc.o)
 .ARM.attributes
                0x00000000000003b7       0x2e /Applications/ArmGNUToolchain/12.2.rel1/arm-none-eabi/bin/../lib/gcc/arm-none-eabi/12.2.1/../../../../arm-none-eabi/lib/thumb/v7e-m/nofp/libg.a(libc_a-mallocr.o)
 .ARM.attributes
                0x00000000000003e5       0x2e /Applications/ArmGNUToolchain/12.2.rel1/arm-none-eabi/bin/../lib/gcc/arm-none-eabi/12.2.1/../../../../arm-none-eabi/lib/thumb/v7e-m/nofp/libg.a(libc_a-mlock.o)
 .ARM.attributes
                0x0000000000000413       0x2e /Applications/ArmGNUToolchain/12.2.rel1/arm-none-eabi/bin/../lib/gcc/arm-none-eabi/12.2.1/../../../../arm-none-eabi/lib/thumb/v7e-m/nofp/libg.a(libc_a-snprintf.o)
 .ARM.attributes
                0x0000000000000441       0x2e /Applications/ArmGNUToolchain/12.2.rel1/arm-none-eabi/bin/../lib/gcc/arm-none-eabi/12.2.1/../../../../arm-none-eabi/lib/thumb/v7e-m/nofp/libg.a(libc_a-sprintf.o)
 .ARM.attributes
                0x000000000000046f       0x2e /Applications/ArmGNUToolchain/12.2.rel1/arm-none-eabi/bin/../lib/gcc/arm-none-eabi/12.2.1/../../../../arm-none-eabi/lib/thumb/v7e-m/nofp/libg.a(libc_a-findfp.o)
 .ARM.attributes
                0x000000000000049d       0x2e /Applications/ArmGNUToolchain/12.2.rel1/arm-none-eabi/bin/../lib/gcc/arm-none-eabi/12.2.1/../../../../arm-none-eabi/lib/thumb/v7e-m/nofp/libg.a(libc_a-fwalk.o)
 .ARM.attributes
                0x00000000000004cb       0x2e /Applications/ArmGNUToolchain/12.2.rel1/arm-none-eabi/bin/../lib/gcc/arm-none-eabi/12.2.1/../../../../arm-none-eabi/lib/thumb/v7e-m/nofp/libg.a(libc_a-memset.o)
 .ARM.attributes
                0x00000000000004f9       0x2e /Applications/ArmGNUToolchain/12.2.rel1/arm-none-eabi/bin/../lib/gcc/arm-none-eabi/12.2.1/../../../../arm-none-eabi/lib/thumb/v7e-m/nofp/libg.a(libc_a-impure.o)
 .ARM.attributes
                0x0000000000000527       0x2e /Applications/ArmGNUToolchain/12.2.rel1/arm-none-eabi/bin/../lib/gcc/arm-none-eabi/12.2.1/../../../../arm-none-eabi/lib/thumb/v7e-m/nofp/libg.a(libc_a-sbrkr.o)
 .ARM.attributes
                0x0000000000000555       0x2e /Applications/ArmGNUToolchain/12.2.rel1/arm-none-eabi/bin/../lib/gcc/arm-none-eabi/12.2.1/../../../../arm-none-eabi/lib/thumb/v7e-m/nofp/libg.a(libc_a-errno.o)
 .ARM.attributes
                0x0000000000000583       0x2e /Applications/ArmGNUToolchain/12.2.rel1/arm-none-eabi/bin/../lib/gcc/arm-none-eabi/12.2.1/../../../../arm-none-eabi/lib/thumb/v7e-m/nofp/libg.a(libc_a-sysconf.o)
 .ARM.attributes
                0x00000000000005b1       0x2e /Applications/ArmGNUToolchain/12.2.rel1/arm-none-eabi/bin/../lib/gcc/arm-none-eabi/12.2.1/../../../../arm-none-eabi/lib/thumb/v7e-m/nofp/libg.a(libc_a-init.o)
 .ARM.attributes
                0x00000000000005df       0x2e /Applications/ArmGNUToolchain/12.2.rel1/arm-none-eabi/bin/../lib/gcc/arm-none-eabi/12.2.1/../../../../arm-none-eabi/lib/thumb/v7e-m/nofp/libg.a(libc_a-lock.o)
 .ARM.attributes
                0x000000000000060d       0x2e /Applications/ArmGNUToolchain/12.2.rel1/arm-none-eabi/bin/../lib/gcc/arm-none-eabi/12.2.1/../../../../arm-none-eabi/lib/thumb/v7e-m/nofp/libg.a(libc_a-__call_atexit.o)
 .ARM.attributes
                0x000000000000063b       0x2e /Applications/ArmGNUToolchain/12.2.rel1/arm-none-eabi/bin/../lib/gcc/arm-none-eabi/12.2.1/../../../../arm-none-eabi/lib/thumb/v7e-m/nofp/libg.a(libc_a-atexit.o)
 .ARM.attributes
                0x0000000000000669       0x2e /Applications/ArmGNUToolchain/12.2.rel1/arm-none-eabi/bin/../lib/gcc/arm-none-eabi/12.2.1/../../../../arm-none-eabi/lib/thumb/v7e-m/nofp/libg.a(libc_a-freer.o)
 .ARM.attributes
                0x0000000000000697       0x2e /Applications/ArmGNUToolchain/12.2.rel1/arm-none-eabi/bin/../lib/gcc/arm-none-eabi/12.2.1/../../../../arm-none-eabi/lib/thumb/v7e-m/nofp/libg.a(libc_a-svfprintf.o)
 .ARM.attributes
                0x00000000000006c5       0x2e /Applications/ArmGNUToolchain/12.2.rel1/arm-none-eabi/bin/../lib/gcc/arm-none-eabi/12.2.1/../../../../arm-none-eabi/lib/thumb/v7e-m/nofp/libg.a(libc_a-fclose.o)
 .ARM.attributes
                0x00000000000006f3       0x2e /Applications/ArmGNUToolchain/12.2.rel1/arm-none-eabi/bin/../lib/gcc/arm-none-eabi/12.2.1/../../../../arm-none-eabi/lib/thumb/v7e-m/nofp/libg.a(libc_a-fflush.o)
 .ARM.attributes
                0x0000000000000721       0x2e /Applications/ArmGNUToolchain/12.2.rel1/arm-none-eabi/bin/../lib/gcc/arm-none-eabi/12.2.1/../../../../arm-none-eabi/lib/thumb/v7e-m/nofp/libg.a(libc_a-stdio.o)
 .ARM.attributes
                0x000000000000074f       0x2e /Applications/ArmGNUToolchain/12.2.rel1/arm-none-eabi/bin/../lib/gcc/arm-none-eabi/12.2.1/../../../../arm-none-eabi/lib/thumb/v7e-m/nofp/libg.a(libc_a-strncpy.o)
 .ARM.attributes
                0x000000000000077d       0x2e /Applications/ArmGNUToolchain/12.2.rel1/arm-none-eabi/bin/../lib/gcc/arm-none-eabi/12.2.1/../../../../arm-none-eabi/lib/thumb/v7e-m/nofp/libg.a(libc_a-locale.o)
 .ARM.attributes
                0x00000000000007ab       0x2e /Applications/ArmGNUToolchain/12.2.rel1/arm-none-eabi/bin/../lib/gcc/arm-none-eabi/12.2.1/../../../../arm-none-eabi/lib/thumb/v7e-m/nofp/libg.a(libc_a-localeconv.o)
 .ARM.attributes
                0x00000000000007d9       0x2e /Applications/ArmGNUToolchain/12.2.rel1/arm-none-eabi/bin/../lib/gcc/arm-none-eabi/12.2.1/../../../../arm-none-eabi/lib/thumb/v7e-m/nofp/libg.a(libc_a-closer.o)
 .ARM.attributes
                0x0000000000000807       0x2e /Applications/ArmGNUToolchain/12.2.rel1/arm-none-eabi/bin/../lib/gcc/arm-none-eabi/12.2.1/../../../../arm-none-eabi/lib/thumb/v7e-m/nofp/libg.a(libc_a-reent.o)
 .ARM.attributes
                0x0000000000000835       0x2e /Applications/ArmGNUToolchain/12.2.rel1/arm-none-eabi/bin/../lib/gcc/arm-none-eabi/12.2.1/../../../../arm-none-eabi/lib/thumb/v7e-m/nofp/libg.a(libc_a-lseekr.o)
 .ARM.attributes
                0x0000000000000863       0x2e /Applications/ArmGNUToolchain/12.2.rel1/arm-none-eabi/bin/../lib/gcc/arm-none-eabi/12.2.1/../../../../arm-none-eabi/lib/thumb/v7e-m/nofp/libg.a(libc_a-readr.o)
 .ARM.attributes
                0x0000000000000891       0x2e /Applications/ArmGNUToolchain/12.2.rel1/arm-none-eabi/bin/../lib/gcc/arm-none-eabi/12.2.1/../../../../arm-none-eabi/lib/thumb/v7e-m/nofp/libg.a(libc_a-writer.o)
 .ARM.attributes
                0x00000000000008bf       0x2e /Applications/ArmGNUToolchain/12.2.rel1/arm-none-eabi/bin/../lib/gcc/arm-none-eabi/12.2.1/../../../../arm-none-eabi/lib/thumb/v7e-m/nofp/libg.a(libc_a-fini.o)
 .ARM.attributes
                0x00000000000008ed       0x1c /Applications/ArmGNUToolchain/12.2.rel1/arm-none-eabi/bin/../lib/gcc/arm-none-eabi/12.2.1/../../../../arm-none-eabi/lib/thumb/v7e-m/nofp/libg.a(libc_a-memchr.o)
 .ARM.attributes
                0x0000000000000909       0x1c /Applications/ArmGNUToolchain/12.2.rel1/arm-none-eabi/bin/../lib/gcc/arm-none-eabi/12.2.1/../../../../arm-none-eabi/lib/thumb/v7e-m/nofp/libg.a(libc_a-strlen.o)
 .ARM.attributes
                0x0000000000000925       0x2e /Applications/ArmGNUToolchain/12.2.rel1/arm-none-eabi/bin/../lib/gcc/arm-none-eabi/12.2.1/../../../../arm-none-eabi/lib/thumb/v7e-m/nofp/libg.a(libc_a-wcrtomb.o)
 .ARM.attributes
                0x0000000000000953       0x2e /Applications/ArmGNUToolchain/12.2.rel1/arm-none-eabi/bin/../lib/gcc/arm-none-eabi/12.2.1/../../../../arm-none-eabi/lib/thumb/v7e-m/nofp/libg.a(libc_a-wcsrtombs.o)
 .ARM.attributes
                0x0000000000000981       0x2e /Applications/ArmGNUToolchain/12.2.rel1/arm-none-eabi/bin/../lib/gcc/arm-none-eabi/12.2.1/../../../../arm-none-eabi/lib/thumb/v7e-m/nofp/libg.a(libc_a-ctype_.o)
 .ARM.attributes
                0x00000000000009af       0x2e /Applications/ArmGNUToolchain/12.2.rel1/arm-none-eabi/bin/../lib/gcc/arm-none-eabi/12.2.1/../../../../arm-none-eabi/lib/thumb/v7e-m/nofp/libg.a(libc_a-__atexit.o)
 .ARM.attributes
                0x00000000000009dd       0x2e /Applications/ArmGNUToolchain/12.2.rel1/arm-none-eabi/bin/../lib/gcc/arm-none-eabi/12.2.1/../../../../arm-none-eabi/lib/thumb/v7e-m/nofp/libg.a(libm_a-s_frexp.o)
 .ARM.attributes
                0x0000000000000a0b       0x2e /Applications/ArmGNUToolchain/12.2.rel1/arm-none-eabi/bin/../lib/gcc/arm-none-eabi/12.2.1/../../../../arm-none-eabi/lib/thumb/v7e-m/nofp/libg.a(libc_a-dtoa.o)
 .ARM.attributes
                0x0000000000000a39       0x2e /Applications/ArmGNUToolchain/12.2.rel1/arm-none-eabi/bin/../lib/gcc/arm-none-eabi/12.2.1/../../../../arm-none-eabi/lib/thumb/v7e-m/nofp/libg.a(libc_a-mbtowc_r.o)
 .ARM.attributes
                0x0000000000000a67       0x2e /Applications/ArmGNUToolchain/12.2.rel1/arm-none-eabi/bin/../lib/gcc/arm-none-eabi/12.2.1/../../../../arm-none-eabi/lib/thumb/v7e-m/nofp/libg.a(libc_a-svfiprintf.o)
 .ARM.attributes
                0x0000000000000a95       0x2e /Applications/ArmGNUToolchain/12.2.rel1/arm-none-eabi/bin/../lib/gcc/arm-none-eabi/12.2.1/../../../../arm-none-eabi/lib/thumb/v7e-m/nofp/libg.a(libc_a-mprec.o)
 .ARM.attributes
                0x0000000000000ac3       0x2e /Applications/ArmGNUToolchain/12.2.rel1/arm-none-eabi/bin/../lib/gcc/arm-none-eabi/12.2.1/../../../../arm-none-eabi/lib/thumb/v7e-m/nofp/libg.a(libc_a-reallocr.o)
 .ARM.attributes
                0x0000000000000af1       0x2e /Applications/ArmGNUToolchain/12.2.rel1/arm-none-eabi/bin/../lib/gcc/arm-none-eabi/12.2.1/../../../../arm-none-eabi/lib/thumb/v7e-m/nofp/libg.a(libc_a-wctomb_r.o)
 .ARM.attributes
                0x0000000000000b1f       0x2e /Applications/ArmGNUToolchain/12.2.rel1/arm-none-eabi/bin/../lib/gcc/arm-none-eabi/12.2.1/../../../../arm-none-eabi/lib/thumb/v7e-m/nofp/libg.a(libc_a-memmove.o)
 .ARM.attributes
                0x0000000000000b4d       0x1c /Applications/ArmGNUToolchain/12.2.rel1/arm-none-eabi/bin/../lib/gcc/arm-none-eabi/12.2.1/../../../../arm-none-eabi/lib/thumb/v7e-m/nofp/libg.a(libc_a-memcpy.o)
 .ARM.attributes
                0x0000000000000b69       0x2e /Applications/ArmGNUToolchain/12.2.rel1/arm-none-eabi/bin/../lib/gcc/arm-none-eabi/12.2.1/../../../../arm-none-eabi/lib/thumb/v7e-m/nofp/libg.a(libc_a-wcsnrtombs.o)
 .ARM.attributes
                0x0000000000000b97       0x2e /Applications/ArmGNUToolchain/12.2.rel1/arm-none-eabi/bin/../lib/gcc/arm-none-eabi/12.2.1/../../../../arm-none-eabi/lib/thumb/v7e-m/nofp/libg.a(libc_a-assert.o)
 .ARM.attributes
                0x0000000000000bc5       0x2e /Applications/ArmGNUToolchain/12.2.rel1/arm-none-eabi/bin/../lib/gcc/arm-none-eabi/12.2.1/../../../../arm-none-eabi/lib/thumb/v7e-m/nofp/libg.a(libc_a-callocr.o)
 .ARM.attributes
                0x0000000000000bf3       0x2e /Applications/ArmGNUToolchain/12.2.rel1/arm-none-eabi/bin/../lib/gcc/arm-none-eabi/12.2.1/../../../../arm-none-eabi/lib/thumb/v7e-m/nofp/libg.a(libc_a-fiprintf.o)
 .ARM.attributes
                0x0000000000000c21       0x2e /Applications/ArmGNUToolchain/12.2.rel1/arm-none-eabi/bin/../lib/gcc/arm-none-eabi/12.2.1/../../../../arm-none-eabi/lib/thumb/v7e-m/nofp/libg.a(libc_a-vfiprintf.o)
 .ARM.attributes
                0x0000000000000c4f       0x2e /Applications/ArmGNUToolchain/12.2.rel1/arm-none-eabi/bin/../lib/gcc/arm-none-eabi/12.2.1/../../../../arm-none-eabi/lib/thumb/v7e-m/nofp/libg.a(libc_a-fvwrite.o)
 .ARM.attributes
                0x0000000000000c7d       0x2e /Applications/ArmGNUToolchain/12.2.rel1/arm-none-eabi/bin/../lib/gcc/arm-none-eabi/12.2.1/../../../../arm-none-eabi/lib/thumb/v7e-m/nofp/libg.a(libc_a-wsetup.o)
 .ARM.attributes
                0x0000000000000cab       0x2e /Applications/ArmGNUToolchain/12.2.rel1/arm-none-eabi/bin/../lib/gcc/arm-none-eabi/12.2.1/../../../../arm-none-eabi/lib/thumb/v7e-m/nofp/libg.a(libc_a-fputwc.o)
 .ARM.attributes
                0x0000000000000cd9       0x2e /Applications/ArmGNUToolchain/12.2.rel1/arm-none-eabi/bin/../lib/gcc/arm-none-eabi/12.2.1/../../../../arm-none-eabi/lib/thumb/v7e-m/nofp/libg.a(libc_a-abort.o)
 .ARM.attributes
                0x0000000000000d07       0x2e /Applications/ArmGNUToolchain/12.2.rel1/arm-none-eabi/bin/../lib/gcc/arm-none-eabi/12.2.1/../../../../arm-none-eabi/lib/thumb/v7e-m/nofp/libg.a(libc_a-makebuf.o)
 .ARM.attributes
                0x0000000000000d35       0x2e /Applications/ArmGNUToolchain/12.2.rel1/arm-none-eabi/bin/../lib/gcc/arm-none-eabi/12.2.1/../../../../arm-none-eabi/lib/thumb/v7e-m/nofp/libg.a(libc_a-wbuf.o)
 .ARM.attributes
                0x0000000000000d63       0x2e /Applications/ArmGNUToolchain/12.2.rel1/arm-none-eabi/bin/../lib/gcc/arm-none-eabi/12.2.1/../../../../arm-none-eabi/lib/thumb/v7e-m/nofp/libg.a(libc_a-signal.o)
 .ARM.attributes
                0x0000000000000d91       0x2e /Applications/ArmGNUToolchain/12.2.rel1/arm-none-eabi/bin/../lib/gcc/arm-none-eabi/12.2.1/../../../../arm-none-eabi/lib/thumb/v7e-m/nofp/libg.a(libc_a-fstatr.o)
 .ARM.attributes
                0x0000000000000dbf       0x2e /Applications/ArmGNUToolchain/12.2.rel1/arm-none-eabi/bin/../lib/gcc/arm-none-eabi/12.2.1/../../../../arm-none-eabi/lib/thumb/v7e-m/nofp/libg.a(libc_a-isattyr.o)
 .ARM.attributes
                0x0000000000000ded       0x2e /Applications/ArmGNUToolchain/12.2.rel1/arm-none-eabi/bin/../lib/gcc/arm-none-eabi/12.2.1/../../../../arm-none-eabi/lib/thumb/v7e-m/nofp/libg.a(libc_a-signalr.o)
 .ARM.attributes
                0x0000000000000e1b       0x1e /Applications/ArmGNUToolchain/12.2.rel1/arm-none-eabi/bin/../lib/gcc/arm-none-eabi/12.2.1/thumb/v7e-m/nofp/libgcc.a(_arm_addsubdf3.o)
 .ARM.attributes
                0x0000000000000e39       0x1e /Applications/ArmGNUToolchain/12.2.rel1/arm-none-eabi/bin/../lib/gcc/arm-none-eabi/12.2.1/thumb/v7e-m/nofp/libgcc.a(_arm_muldivdf3.o)
 .ARM.attributes
                0x0000000000000e57       0x1e /Applications/ArmGNUToolchain/12.2.rel1/arm-none-eabi/bin/../lib/gcc/arm-none-eabi/12.2.1/thumb/v7e-m/nofp/libgcc.a(_arm_cmpdf2.o)
 .ARM.attributes
                0x0000000000000e75       0x1e /Applications/ArmGNUToolchain/12.2.rel1/arm-none-eabi/bin/../lib/gcc/arm-none-eabi/12.2.1/thumb/v7e-m/nofp/libgcc.a(_arm_unorddf2.o)
 .ARM.attributes
                0x0000000000000e93       0x1e /Applications/ArmGNUToolchain/12.2.rel1/arm-none-eabi/bin/../lib/gcc/arm-none-eabi/12.2.1/thumb/v7e-m/nofp/libgcc.a(_arm_fixdfsi.o)
 .ARM.attributes
                0x0000000000000eb1       0x2e /Applications/ArmGNUToolchain/12.2.rel1/arm-none-eabi/bin/../lib/gcc/arm-none-eabi/12.2.1/thumb/v7e-m/nofp/crtend.o
 .ARM.attributes
                0x0000000000000edf       0x1e /Applications/ArmGNUToolchain/12.2.rel1/arm-none-eabi/bin/../lib/gcc/arm-none-eabi/12.2.1/thumb/v7e-m/nofp/crtn.o
OUTPUT(lab4_2.elf elf32-littlearm)
LOAD linker stubs
LOAD /Applications/ArmGNUToolchain/12.2.rel1/arm-none-eabi/bin/../lib/gcc/arm-none-eabi/12.2.1/../../../../arm-none-eabi/lib/thumb/v7e-m/nofp/libc.a
LOAD /Applications/ArmGNUToolchain/12.2.rel1/arm-none-eabi/bin/../lib/gcc/arm-none-eabi/12.2.1/../../../../arm-none-eabi/lib/thumb/v7e-m/nofp/libm.a
LOAD /Applications/ArmGNUToolchain/12.2.rel1/arm-none-eabi/bin/../lib/gcc/arm-none-eabi/12.2.1/thumb/v7e-m/nofp/libgcc.a

.debug_info     0x0000000000000000    0x11ba9
 .debug_info    0x0000000000000000     0x1745 CMakeFiles/lab4_2.elf.dir/Core/Src/main.c.obj
 .debug_info    0x0000000000001745     0x12bd CMakeFiles/lab4_2.elf.dir/Core/Src/stm32f4xx_hal_msp.c.obj
 .debug_info    0x0000000000002a02      0x983 CMakeFiles/lab4_2.elf.dir/Core/Src/stm32f4xx_it.c.obj
 .debug_info    0x0000000000003385      0x783 CMakeFiles/lab4_2.elf.dir/Core/Src/syscalls.c.obj
 .debug_info    0x0000000000003b08      0x171 CMakeFiles/lab4_2.elf.dir/Core/Src/sysmem.c.obj
 .debug_info    0x0000000000003c79      0x35c CMakeFiles/lab4_2.elf.dir/Core/Src/system_stm32f4xx.c.obj
 .debug_info    0x0000000000003fd5       0x2e CMakeFiles/lab4_2.elf.dir/Core/Startup/startup_stm32f411retx.s.obj
 .debug_info    0x0000000000004003      0x962 CMakeFiles/lab4_2.elf.dir/Drivers/STM32F4xx_HAL_Driver/Src/stm32f4xx_hal.c.obj
 .debug_info    0x0000000000004965      0xe73 CMakeFiles/lab4_2.elf.dir/Drivers/STM32F4xx_HAL_Driver/Src/stm32f4xx_hal_adc.c.obj
 .debug_info    0x00000000000057d8      0xc61 CMakeFiles/lab4_2.elf.dir/Drivers/STM32F4xx_HAL_Driver/Src/stm32f4xx_hal_adc_ex.c.obj
 .debug_info    0x0000000000006439      0xeed CMakeFiles/lab4_2.elf.dir/Drivers/STM32F4xx_HAL_Driver/Src/stm32f4xx_hal_cortex.c.obj
 .debug_info    0x0000000000007326      0x73a CMakeFiles/lab4_2.elf.dir/Drivers/STM32F4xx_HAL_Driver/Src/stm32f4xx_hal_gpio.c.obj
 .debug_info    0x0000000000007a60      0xab0 CMakeFiles/lab4_2.elf.dir/Drivers/STM32F4xx_HAL_Driver/Src/stm32f4xx_hal_rcc.c.obj
 .debug_info    0x0000000000008510     0x3b72 CMakeFiles/lab4_2.elf.dir/Drivers/STM32F4xx_HAL_Driver/Src/stm32f4xx_hal_tim.c.obj
 .debug_info    0x000000000000c082     0x1a94 CMakeFiles/lab4_2.elf.dir/Drivers/STM32F4xx_HAL_Driver/Src/stm32f4xx_hal_tim_ex.c.obj
 .debug_info    0x000000000000db16     0x4093 CMakeFiles/lab4_2.elf.dir/Drivers/STM32F4xx_HAL_Driver/Src/stm32f4xx_hal_uart.c.obj

.debug_abbrev   0x0000000000000000     0x225a
 .debug_abbrev  0x0000000000000000      0x2fd CMakeFiles/lab4_2.elf.dir/Core/Src/main.c.obj
 .debug_abbrev  0x00000000000002fd      0x1f3 CMakeFiles/lab4_2.elf.dir/Core/Src/stm32f4xx_hal_msp.c.obj
 .debug_abbrev  0x00000000000004f0      0x1b1 CMakeFiles/lab4_2.elf.dir/Core/Src/stm32f4xx_it.c.obj
 .debug_abbrev  0x00000000000006a1      0x1c1 CMakeFiles/lab4_2.elf.dir/Core/Src/syscalls.c.obj
 .debug_abbrev  0x0000000000000862       0xea CMakeFiles/lab4_2.elf.dir/Core/Src/sysmem.c.obj